Component: Arm Compiler for Embedded 6.22 Tool: armlink [5ee90200]

==============================================================================

Section Cross References

    startup_stm32g473xx.o(RESET) refers to startup_stm32g473xx.o(STACK) for __initial_sp
    startup_stm32g473xx.o(RESET) refers to startup_stm32g473xx.o(.text) for Reset_Handler
    startup_stm32g473xx.o(RESET) refers to stm32g4xx_it.o(.text.NMI_Handler) for NMI_Handler
    startup_stm32g473xx.o(RESET) refers to stm32g4xx_it.o(.text.HardFault_Handler) for HardFault_Handler
    startup_stm32g473xx.o(RESET) refers to stm32g4xx_it.o(.text.MemManage_Handler) for MemManage_Handler
    startup_stm32g473xx.o(RESET) refers to stm32g4xx_it.o(.text.BusFault_Handler) for BusFault_Handler
    startup_stm32g473xx.o(RESET) refers to stm32g4xx_it.o(.text.UsageFault_Handler) for UsageFault_Handler
    startup_stm32g473xx.o(RESET) refers to port.o(.text.SVC_Handler) for SVC_Handler
    startup_stm32g473xx.o(RESET) refers to stm32g4xx_it.o(.text.DebugMon_Handler) for DebugMon_Handler
    startup_stm32g473xx.o(RESET) refers to port.o(.text.PendSV_Handler) for PendSV_Handler
    startup_stm32g473xx.o(RESET) refers to stm32g4xx_it.o(.text.SysTick_Handler) for SysTick_Handler
    startup_stm32g473xx.o(RESET) refers to stm32g4xx_it.o(.text.DMA1_Channel1_IRQHandler) for DMA1_Channel1_IRQHandler
    startup_stm32g473xx.o(RESET) refers to stm32g4xx_it.o(.text.DMA1_Channel2_IRQHandler) for DMA1_Channel2_IRQHandler
    startup_stm32g473xx.o(RESET) refers to stm32g4xx_it.o(.text.DMA1_Channel3_IRQHandler) for DMA1_Channel3_IRQHandler
    startup_stm32g473xx.o(RESET) refers to stm32g4xx_it.o(.text.DMA1_Channel4_IRQHandler) for DMA1_Channel4_IRQHandler
    startup_stm32g473xx.o(RESET) refers to stm32g4xx_it.o(.text.FDCAN1_IT0_IRQHandler) for FDCAN1_IT0_IRQHandler
    startup_stm32g473xx.o(RESET) refers to stm32g4xx_it.o(.text.TIM1_UP_TIM16_IRQHandler) for TIM1_UP_TIM16_IRQHandler
    startup_stm32g473xx.o(RESET) refers to stm32g4xx_it.o(.text.TIM1_TRG_COM_TIM17_IRQHandler) for TIM1_TRG_COM_TIM17_IRQHandler
    startup_stm32g473xx.o(RESET) refers to stm32g4xx_it.o(.text.USART1_IRQHandler) for USART1_IRQHandler
    startup_stm32g473xx.o(RESET) refers to stm32g4xx_it.o(.text.USART2_IRQHandler) for USART2_IRQHandler
    startup_stm32g473xx.o(RESET) refers to stm32g4xx_it.o(.text.TIM5_IRQHandler) for TIM5_IRQHandler
    startup_stm32g473xx.o(RESET) refers to stm32g4xx_it.o(.text.TIM6_DAC_IRQHandler) for TIM6_DAC_IRQHandler
    startup_stm32g473xx.o(RESET) refers to stm32g4xx_it.o(.text.FDCAN2_IT1_IRQHandler) for FDCAN2_IT1_IRQHandler
    startup_stm32g473xx.o(.text) refers to system_stm32g4xx.o(.text.SystemInit) for SystemInit
    startup_stm32g473xx.o(.text) refers to entry.o(.ARM.Collect$$$$00000000) for __main
    mainwork.o(.text.vtask_delay_second) refers to tasks.o(.text.vTaskDelay) for vTaskDelay
    mainwork.o(.ARM.exidx.text.vtask_delay_second) refers to mainwork.o(.text.vtask_delay_second) for [Anonymous Symbol]
    mainwork.o(.text.main_work) refers to usart.o(.bss.huart1) for huart1
    mainwork.o(.text.main_work) refers to tcs230.o(.bss.RxData) for RxData
    mainwork.o(.text.main_work) refers to stm32g4xx_hal_uart.o(.text.HAL_UART_Receive_IT) for HAL_UART_Receive_IT
    mainwork.o(.text.main_work) refers to mainwork.o(.rodata.str1.1) for .Lstr.11
    mainwork.o(.text.main_work) refers to puts.o(i.puts) for puts
    mainwork.o(.text.main_work) refers to mainwork.o(.bss.main_cpp_handle) for main_cpp_handle
    mainwork.o(.text.main_work) refers to mainwork.o(.text.Onmaincpp) for Onmaincpp
    mainwork.o(.text.main_work) refers to tasks.o(.text.xTaskCreate) for xTaskCreate
    mainwork.o(.text.main_work) refers to mainwork.o(.bss.IMU_read_handle) for IMU_read_handle
    mainwork.o(.text.main_work) refers to mainwork.o(.text.IMU_Read_task) for IMU_Read_task
    mainwork.o(.text.main_work) refers to mainwork.o(.bss.tcs230_read_handle) for tcs230_read_handle
    mainwork.o(.text.main_work) refers to mainwork.o(.text.tcs230_read_task) for tcs230_read_task
    mainwork.o(.text.main_work) refers to mainwork.o(.bss.gray_read_handle) for gray_read_handle
    mainwork.o(.text.main_work) refers to mainwork.o(.text.gray_read_task) for gray_read_task
    mainwork.o(.text.main_work) refers to mainwork.o(.bss.position_state_manage_handle) for position_state_manage_handle
    mainwork.o(.text.main_work) refers to mainwork.o(.text.position_state_manage_task) for position_state_manage_task
    mainwork.o(.ARM.exidx.text.main_work) refers to mainwork.o(.text.main_work) for [Anonymous Symbol]
    mainwork.o(.text.Onmaincpp) refers to stm32g4xx_it.o(.bss.motor_0_active) for motor_0_active
    mainwork.o(.text.Onmaincpp) refers to mainwork.o(.data.turn_dir_all) for turn_dir_all
    mainwork.o(.text.Onmaincpp) refers to stm32g4xx_it.o(.bss.motor_1_active) for motor_1_active
    mainwork.o(.text.Onmaincpp) refers to mainwork.o(.bss.main_state) for main_state
[...]
    MX_TIM15_Init                            0x08006901   Thumb Code   294  tim.o(.text.MX_TIM15_Init)
    MX_TIM16_Init                            0x08006a29   Thumb Code    60  tim.o(.text.MX_TIM16_Init)
    MX_TIM17_Init                            0x08006a65   Thumb Code    60  tim.o(.text.MX_TIM17_Init)
    MX_TIM1_Init                             0x08006aa1   Thumb Code   356  tim.o(.text.MX_TIM1_Init)
    MX_TIM20_Init                            0x08006c05   Thumb Code   358  tim.o(.text.MX_TIM20_Init)
    MX_TIM2_Init                             0x08006d6d   Thumb Code   118  tim.o(.text.MX_TIM2_Init)
    MX_TIM3_Init                             0x08006de5   Thumb Code   120  tim.o(.text.MX_TIM3_Init)
    MX_TIM4_Init                             0x08006e5d   Thumb Code   118  tim.o(.text.MX_TIM4_Init)
    MX_TIM5_Init                             0x08006ed5   Thumb Code   124  tim.o(.text.MX_TIM5_Init)
    MX_TIM6_Init                             0x08006f51   Thumb Code    84  tim.o(.text.MX_TIM6_Init)
    MX_TIM7_Init                             0x08006fa5   Thumb Code    84  tim.o(.text.MX_TIM7_Init)
    MX_TIM8_Init                             0x08006ff9   Thumb Code   302  tim.o(.text.MX_TIM8_Init)
    MX_USART1_UART_Init                      0x08007129   Thumb Code   130  usart.o(.text.MX_USART1_UART_Init)
    MX_USART2_UART_Init                      0x080071ad   Thumb Code   130  usart.o(.text.MX_USART2_UART_Init)
    MX_USART3_UART_Init                      0x08007231   Thumb Code   130  usart.o(.text.MX_USART3_UART_Init)
    MX_USB_PCD_Init                          0x080072b5   Thumb Code    52  usb.o(.text.MX_USB_PCD_Init)
    MemManage_Handler                        0x080072e9   Thumb Code     2  stm32g4xx_it.o(.text.MemManage_Handler)
    NMI_Handler                              0x080072ed   Thumb Code     2  stm32g4xx_it.o(.text.NMI_Handler)
    Onmaincpp                                0x080072f1   Thumb Code   492  mainwork.o(.text.Onmaincpp)
    PID_struct_init                          0x080074dd   Thumb Code    32  pid.o(.text.PID_struct_init)
    PendSV_Handler                           0x08007501   Thumb Code   100  port.o(.text.PendSV_Handler)
    Ping                                     0x08007565   Thumb Code    92  gray.o(.text.Ping)
    SVC_Handler                              0x080075c1   Thumb Code    36  port.o(.text.SVC_Handler)
    StartDefaultTask                         0x080075e5   Thumb Code     8  app_freertos.o(.text.StartDefaultTask)
    SysTick_Handler                          0x080075ed   Thumb Code    24  stm32g4xx_it.o(.text.SysTick_Handler)
    SystemInit                               0x08007605   Thumb Code    18  system_stm32g4xx.o(.text.SystemInit)
    TIM1_TRG_COM_TIM17_IRQHandler            0x08007619   Thumb Code   732  stm32g4xx_it.o(.text.TIM1_TRG_COM_TIM17_IRQHandler)
    TIM1_UP_TIM16_IRQHandler                 0x08007901   Thumb Code    30  stm32g4xx_it.o(.text.TIM1_UP_TIM16_IRQHandler)
    TIM5_IRQHandler                          0x08007921   Thumb Code   168  stm32g4xx_it.o(.text.TIM5_IRQHandler)
    TIM6_DAC_IRQHandler                      0x080079c9   Thumb Code    12  stm32g4xx_it.o(.text.TIM6_DAC_IRQHandler)
    TIM_Base_SetConfig                       0x080079d5   Thumb Code   336  stm32g4xx_hal_tim.o(.text.TIM_Base_SetConfig)
    UART_AdvFeatureConfig                    0x08007b25   Thumb Code   230  stm32g4xx_hal_uart.o(.text.UART_AdvFeatureConfig)
    UART_CheckIdleState                      0x08007c0d   Thumb Code   190  stm32g4xx_hal_uart.o(.text.UART_CheckIdleState)
    UART_SetConfig                           0x080083bd   Thumb Code   688  stm32g4xx_hal_uart.o(.text.UART_SetConfig)
    UART_Start_Receive_DMA                   0x0800867d   Thumb Code   160  stm32g4xx_hal_uart.o(.text.UART_Start_Receive_DMA)
    UART_Start_Receive_IT                    0x0800871d   Thumb Code   284  stm32g4xx_hal_uart.o(.text.UART_Start_Receive_IT)
    UART_WaitOnFlagUntilTimeout              0x080089c9   Thumb Code   318  stm32g4xx_hal_uart.o(.text.UART_WaitOnFlagUntilTimeout)
    USART1_IRQHandler                        0x08008b09   Thumb Code    12  stm32g4xx_it.o(.text.USART1_IRQHandler)
    USART2_IRQHandler                        0x08008b15   Thumb Code    12  stm32g4xx_it.o(.text.USART2_IRQHandler)
    USARTRegister                            0x08008b21   Thumb Code    84  bsp_usart.o(.text.USARTRegister)
    USARTSend                                0x08008b75   Thumb Code    40  bsp_usart.o(.text.USARTSend)
    USB_DevInit                              0x08008b9d   Thumb Code    26  stm32g4xx_ll_usb.o(.text.USB_DevInit)
    USB_DisableGlobalInt                     0x08008bb9   Thumb Code    20  stm32g4xx_ll_usb.o(.text.USB_DisableGlobalInt)
    UsageFault_Handler                       0x08008bcd   Thumb Code     2  stm32g4xx_it.o(.text.UsageFault_Handler)
    fputc                                    0x08008bd1   Thumb Code    32  usart.o(.text.fputc)
    get_black_line_position                  0x08008bf1   Thumb Code   148  mainwork.o(.text.get_black_line_position)
    gray_read_task                           0x08008c89   Thumb Code   316  mainwork.o(.text.gray_read_task)
    main                                     0x08008dc5   Thumb Code   588  main.o(.text.main)
    main_work                                0x08009019   Thumb Code   268  mainwork.o(.text.main_work)
    osDelay                                  0x08009181   Thumb Code    32  cmsis_os2.o(.text.osDelay)
    osKernelInitialize                       0x080091a1   Thumb Code    40  cmsis_os2.o(.text.osKernelInitialize)
    osKernelStart                            0x080091c9   Thumb Code    60  cmsis_os2.o(.text.osKernelStart)
    osThreadNew                              0x08009205   Thumb Code   190  cmsis_os2.o(.text.osThreadNew)
    pid_calc                                 0x080092c5   Thumb Code   516  pid.o(.text.pid_calc)
    pid_reset                                0x080094dd   Thumb Code     6  pid.o(.text.pid_reset)
    position_state_manage_task               0x080094e5   Thumb Code   150  mainwork.o(.text.position_state_manage_task)
    pvPortMalloc                             0x08009c25   Thumb Code   412  heap_4.o(.text.pvPortMalloc)
    pxPortInitialiseStack                    0x08009dc1   Thumb Code    36  port.o(.text.pxPortInitialiseStack)
    tcs230_read_task                         0x08009de5   Thumb Code   218  mainwork.o(.text.tcs230_read_task)
    usart2_callback                          0x08009ec1   Thumb Code     2  main.o(.text.usart2_callback)
    userEncoderUpdate_0                      0x08009ec5   Thumb Code    24  encoder.o(.text.userEncoderUpdate_0)
    userEncoderUpdate_1                      0x08009edd   Thumb Code    24  encoder.o(.text.userEncoderUpdate_1)
    userMotorCtl_0                           0x08009ef5   Thumb Code   100  dc_motor.o(.text.userMotorCtl_0)
    userMotorCtl_1                           0x08009f61   Thumb Code   100  dc_motor.o(.text.userMotorCtl_1)
    uxListRemove                             0x08009fcd   Thumb Code    36  list.o(.text.uxListRemove)
    vApplicationGetIdleTaskMemory            0x08009ff1   Thumb Code    26  cmsis_os2.o(.text.vApplicationGetIdleTaskMemory)
    vApplicationGetTimerTaskMemory           0x0800a00d   Thumb Code    28  cmsis_os2.o(.text.vApplicationGetTimerTaskMemory)
    vListInitialise                          0x0800a029   Thumb Code    22  list.o(.text.vListInitialise)
    vListInitialiseItem                      0x0800a041   Thumb Code     6  list.o(.text.vListInitialiseItem)
    vListInsert                              0x0800a049   Thumb Code    58  list.o(.text.vListInsert)
    vListInsertEnd                           0x0800a085   Thumb Code    28  list.o(.text.vListInsertEnd)
    vPortEnterCritical                       0x0800a0b5   Thumb Code    70  port.o(.text.vPortEnterCritical)
    vPortExitCritical                        0x0800a0fd   Thumb Code    46  port.o(.text.vPortExitCritical)
    vPortFree                                0x0800a12d   Thumb Code   214  heap_4.o(.text.vPortFree)
    vPortSetupTimerInterrupt                 0x0800a205   Thumb Code    52  port.o(.text.vPortSetupTimerInterrupt)
    vQueueAddToRegistry                      0x0800a239   Thumb Code    40  queue.o(.text.vQueueAddToRegistry)
    vQueueWaitForMessageRestricted           0x0800a261   Thumb Code    70  queue.o(.text.vQueueWaitForMessageRestricted)
    vTaskDelay                               0x0800a2a9   Thumb Code   170  tasks.o(.text.vTaskDelay)
    vTaskInternalSetTimeOutState             0x0800a355   Thumb Code    26  tasks.o(.text.vTaskInternalSetTimeOutState)
    vTaskMissedYield                         0x0800a371   Thumb Code    14  tasks.o(.text.vTaskMissedYield)
    vTaskPlaceOnEventList                    0x0800a381   Thumb Code   150  tasks.o(.text.vTaskPlaceOnEventList)
    vTaskPlaceOnEventListRestricted          0x0800a419   Thumb Code   168  tasks.o(.text.vTaskPlaceOnEventListRestricted)
    vTaskStartScheduler                      0x0800a4c1   Thumb Code   156  tasks.o(.text.vTaskStartScheduler)
    vTaskSuspendAll                          0x0800a565   Thumb Code    16  tasks.o(.text.vTaskSuspendAll)
    vTaskSwitchContext                       0x0800a575   Thumb Code   146  tasks.o(.text.vTaskSwitchContext)
    xPortStartScheduler                      0x0800a609   Thumb Code   302  port.o(.text.xPortStartScheduler)
    xPortSysTickHandler                      0x0800a739   Thumb Code    46  port.o(.text.xPortSysTickHandler)
    xQueueGenericCreateStatic                0x0800a769   Thumb Code   218  queue.o(.text.xQueueGenericCreateStatic)
    xQueueGenericSend                        0x0800a845   Thumb Code   532  queue.o(.text.xQueueGenericSend)
    xQueueReceive                            0x0800aa59   Thumb Code   424  queue.o(.text.xQueueReceive)
    xTaskCheckForTimeOut                     0x0800ac01   Thumb Code   140  tasks.o(.text.xTaskCheckForTimeOut)
    xTaskCreate                              0x0800ac8d   Thumb Code   220  tasks.o(.text.xTaskCreate)
    xTaskCreateStatic                        0x0800ad69   Thumb Code   234  tasks.o(.text.xTaskCreateStatic)
    xTaskGetSchedulerState                   0x0800ae55   Thumb Code    38  tasks.o(.text.xTaskGetSchedulerState)
    xTaskGetTickCount                        0x0800ae7d   Thumb Code    12  tasks.o(.text.xTaskGetTickCount)
    xTaskIncrementTick                       0x0800ae89   Thumb Code   366  tasks.o(.text.xTaskIncrementTick)
    xTaskPriorityDisinherit                  0x0800aff9   Thumb Code   154  tasks.o(.text.xTaskPriorityDisinherit)
    xTaskRemoveFromEventList                 0x0800b095   Thumb Code   142  tasks.o(.text.xTaskRemoveFromEventList)
    xTaskResumeAll                           0x0800b125   Thumb Code   308  tasks.o(.text.xTaskResumeAll)
    xTimerCreateTimerTask                    0x0800b259   Thumb Code   108  timers.o(.text.xTimerCreateTimerTask)
    __0sprintf$1                             0x0800b2cd   Thumb Code    34  printf1.o(i.__0sprintf$1)
    __1sprintf$1                             0x0800b2cd   Thumb Code     0  printf1.o(i.__0sprintf$1)
    __2sprintf                               0x0800b2cd   Thumb Code     0  printf1.o(i.__0sprintf$1)
    __scatterload_copy                       0x0800b2f5   Thumb Code    14  handlers.o(i.__scatterload_copy)
    __scatterload_null                       0x0800b303   Thumb Code     2  handlers.o(i.__scatterload_null)
    __scatterload_zeroinit                   0x0800b305   Thumb Code    14  handlers.o(i.__scatterload_zeroinit)
    puts                                     0x0800b475   Thumb Code    30  puts.o(i.puts)
    __ctype_categories                       0x0800b498   Data          64  ctype_c.o(.constdata)
    AHBPrescTable                            0x0800b4d8   Data          16  system_stm32g4xx.o(.rodata.AHBPrescTable)
    APBPrescTable                            0x0800b4e8   Data           8  system_stm32g4xx.o(.rodata.APBPrescTable)
    UARTPrescTable                           0x0800b4f0   Data          24  stm32g4xx_hal_uart.o(.rodata.UARTPrescTable)
    defaultTask_attributes                   0x0800b528   Data          36  app_freertos.o(.rodata.defaultTask_attributes)
    Region$$Table$$Base                      0x0800b570   Number         0  anon$$obj.o(Region$$Table)
    Region$$Table$$Limit                     0x0800b590   Number         0  anon$$obj.o(Region$$Table)
    __stdout                                 0x20000000   Data           4  stdout.o(.data)
    SystemCoreClock                          0x20000004   Data           4  system_stm32g4xx.o(.data.SystemCoreClock)
    goods_color                              0x20000008   Data           4  main.o(.data.goods_color)
    gray_bia_p                               0x2000000c   Data           4  stm32g4xx_it.o(.data.gray_bia_p)
    gray_bia_p_back                          0x20000010   Data           4  stm32g4xx_it.o(.data.gray_bia_p_back)
    gray_bia_p_general                       0x20000014   Data           4  stm32g4xx_it.o(.data.gray_bia_p_general)
    sensor_weights                           0x20000018   Data          32  mainwork.o(.data.sensor_weights)
    sensor_weights_back                      0x20000038   Data          32  mainwork.o(.data.sensor_weights_back)
    temp_color                               0x20000058   Data           4  mainwork.o(.data.temp_color)
    turn_dir_all                             0x2000005c   Data           4  mainwork.o(.data.turn_dir_all)
    usart2_config                            0x20000060   Data          12  main.o(.data.usart2_config)
    uwTickFreq                               0x2000006c   Data           4  stm32g4xx_hal.o(.data.uwTickFreq)
    uwTickPrio                               0x20000070   Data           4  stm32g4xx_hal.o(.data.uwTickPrio)
    Anolog_gray                              0x20000078   Data           8  mainwork.o(.bss.Anolog_gray)
    Anolog_gray_back                         0x20000080   Data           8  mainwork.o(.bss.Anolog_gray_back)
    B                                        0x20000088   Data           1  tcs230.o(.bss.B)
    Digtal_gray                              0x20000089   Data           1  mainwork.o(.bss.Digtal_gray)
    Digtal_gray_back                         0x2000008a   Data           1  mainwork.o(.bss.Digtal_gray_back)
    G                                        0x2000008b   Data           1  tcs230.o(.bss.G)
    IMU_read_handle                          0x20000098   Data           4  mainwork.o(.bss.IMU_read_handle)
    Normal                                   0x200000a0   Data           8  mainwork.o(.bss.Normal)
    Normal_back                              0x200000a8   Data           8  mainwork.o(.bss.Normal_back)
    R                                        0x200000b0   Data           1  tcs230.o(.bss.R)
    RX_Flag                                  0x200000b1   Data           1  tcs230.o(.bss.RX_Flag)
    RxData                                   0x200000b2   Data           1  tcs230.o(.bss.RxData)
    _max                                     0x200000b4   Data           2  tcd1103.o(.bss._max)
    _min                                     0x200000b6   Data           2  tcd1103.o(.bss._min)
    avg                                      0x200000b8   Data           2  tcd1103.o(.bss.avg)
    blue                                     0x200000bc   Data           4  tcs230.o(.bss.blue)
    ccd_data                                 0x200000c0   Data         256  tcd1103.o(.bss.ccd_data)
    ccd_rawdata                              0x200001c0   Data        3092  tcd1103.o(.bss.ccd_rawdata)
    dc_motor_state                           0x20000dd4   Data           4  stm32g4xx_it.o(.bss.dc_motor_state)
    dc_step_distance                         0x20000dd8   Data           4  mainwork.o(.bss.dc_step_distance)
    dc_step_flag                             0x20000ddc   Data           4  mainwork.o(.bss.dc_step_flag)
    defaultTaskHandle                        0x20000de0   Data           4  app_freertos.o(.bss.defaultTaskHandle)
    digital_gray_data                        0x20000de4   Data           8  mainwork.o(.bss.digital_gray_data)
    digital_gray_data_back                   0x20000dec   Data           8  mainwork.o(.bss.digital_gray_data_back)
    encoder_0                                0x20000df4   Data          32  dc_motor.o(.bss.encoder_0)
    encoder_1                                0x20000e14   Data          32  dc_motor.o(.bss.encoder_1)
    encoder_data                             0x20000e34   Data           4  stm32g4xx_it.o(.bss.encoder_data)
    encoder_l_temp                           0x20000e38   Data           4  stm32g4xx_it.o(.bss.encoder_l_temp)
    encoder_r_temp                           0x20000e3c   Data           4  stm32g4xx_it.o(.bss.encoder_r_temp)
    gray_bia                                 0x20000e40   Data           4  stm32g4xx_it.o(.bss.gray_bia)
    gray_bia_back                            0x20000e44   Data           4  stm32g4xx_it.o(.bss.gray_bia_back)
    gray_bia_genaral                         0x20000e48   Data           4  stm32g4xx_it.o(.bss.gray_bia_genaral)
    gray_count                               0x20000e4c   Data           4  mainwork.o(.bss.gray_count)
    gray_read_handle                         0x20000e50   Data           4  mainwork.o(.bss.gray_read_handle)
    green                                    0x20000e54   Data           4  tcs230.o(.bss.green)
    hadc3                                    0x20000e58   Data         108  adc.o(.bss.hadc3)
    hadc4                                    0x20000ec4   Data         108  adc.o(.bss.hadc4)
    hdma_adc3                                0x20000f30   Data          96  adc.o(.bss.hdma_adc3)
    hdma_adc4                                0x20000f90   Data          96  adc.o(.bss.hdma_adc4)
    hdma_usart2_rx                           0x20000ff0   Data          96  usart.o(.bss.hdma_usart2_rx)
    hdma_usart2_tx                           0x20001050   Data          96  usart.o(.bss.hdma_usart2_tx)
    hfdcan1                                  0x200010b0   Data         100  fdcan.o(.bss.hfdcan1)
    hfdcan2                                  0x20001114   Data         100  fdcan.o(.bss.hfdcan2)
    hi2c2                                    0x20001178   Data          84  i2c.o(.bss.hi2c2)
    hi2c3                                    0x200011cc   Data          84  i2c.o(.bss.hi2c3)
    hi2c4                                    0x20001220   Data          84  i2c.o(.bss.hi2c4)
    hlpuart1                                 0x20001274   Data         148  usart.o(.bss.hlpuart1)
    hpcd_USB_FS                              0x20001308   Data         732  usb.o(.bss.hpcd_USB_FS)
    hspi1                                    0x200015e4   Data         100  spi.o(.bss.hspi1)
    hspi2                                    0x20001648   Data         100  spi.o(.bss.hspi2)
    hspi3                                    0x200016ac   Data         100  spi.o(.bss.hspi3)
    hspi4                                    0x20001710   Data         100  spi.o(.bss.hspi4)
    htim1                                    0x20001774   Data          76  tim.o(.bss.htim1)
    htim15                                   0x200017c0   Data          76  tim.o(.bss.htim15)
    htim16                                   0x2000180c   Data          76  tim.o(.bss.htim16)
    htim17                                   0x20001858   Data          76  tim.o(.bss.htim17)
    htim2                                    0x200018a4   Data          76  tim.o(.bss.htim2)
    htim20                                   0x200018f0   Data          76  tim.o(.bss.htim20)
    htim3                                    0x2000193c   Data          76  tim.o(.bss.htim3)
    htim4                                    0x20001988   Data          76  tim.o(.bss.htim4)
    htim5                                    0x200019d4   Data          76  tim.o(.bss.htim5)
    htim6                                    0x20001a20   Data          76  tim.o(.bss.htim6)
    htim7                                    0x20001a6c   Data          76  tim.o(.bss.htim7)
    htim8                                    0x20001ab8   Data          76  tim.o(.bss.htim8)
    huart1                                   0x20001b04   Data         148  usart.o(.bss.huart1)
    huart2                                   0x20001b98   Data         148  usart.o(.bss.huart2)
    huart3                                   0x20001c2c   Data         148  usart.o(.bss.huart3)
    icg_flag                                 0x20001cc0   Data           4  tcd1103.o(.bss.icg_flag)
    l                                        0x20001cc5   Data           1  tcd1103.o(.bss.l)
    l_w                                      0x20001cc6   Data           1  tcd1103.o(.bss.l_w)
    main_cpp_handle                          0x20001cc8   Data           4  mainwork.o(.bss.main_cpp_handle)
    main_state                               0x20001ccc   Data           4  mainwork.o(.bss.main_state)
    motor_0                                  0x20001cd0   Data          32  dc_motor.o(.bss.motor_0)
    motor_0_active                           0x20001cf0   Data           4  stm32g4xx_it.o(.bss.motor_0_active)
    motor_0_speed                            0x20001cf4   Data           4  stm32g4xx_it.o(.bss.motor_0_speed)
    motor_0_user_speed                       0x20001cf8   Data           4  mainwork.o(.bss.motor_0_user_speed)
    motor_1                                  0x20001cfc   Data          32  dc_motor.o(.bss.motor_1)
    motor_1_active                           0x20001d1c   Data           4  stm32g4xx_it.o(.bss.motor_1_active)
    motor_1_speed                            0x20001d20   Data           4  stm32g4xx_it.o(.bss.motor_1_speed)
    motor_1_user_speed                       0x20001d24   Data           4  mainwork.o(.bss.motor_1_user_speed)
    motor_mode                               0x20001d28   Data           2  mainwork.o(.bss.motor_mode)
    pid_0                                    0x20001d2c   Data         112  dc_motor.o(.bss.pid_0)
    pid_1                                    0x20001d9c   Data         112  dc_motor.o(.bss.pid_1)
    position_state_manage_handle             0x20001e0c   Data           4  mainwork.o(.bss.position_state_manage_handle)
    pxCurrentTCB                             0x20001f04   Data           4  tasks.o(.bss.pxCurrentTCB)
    r                                        0x2000237c   Data           1  tcd1103.o(.bss.r)
    r_w                                      0x2000237d   Data           1  tcd1103.o(.bss.r_w)
    read_cololr_flag                         0x20002380   Data           4  mainwork.o(.bss.read_cololr_flag)
    read_color_state                         0x20002384   Data           4  mainwork.o(.bss.read_color_state)
    real_time_gray_state                     0x20002388   Data           1  mainwork.o(.bss.real_time_gray_state)
    red                                      0x2000238c   Data           4  tcs230.o(.bss.red)
    step_complete_flag                       0x20002390   Data           4  mainwork.o(.bss.step_complete_flag)
    step_motor_active                        0x20002394   Data           4  stm32g4xx_it.o(.bss.step_motor_active)
    step_motor_direction                     0x20002398   Data           4  stm32g4xx_it.o(.bss.step_motor_direction)
    step_motor_speed                         0x2000239c   Data           4  stm32g4xx_it.o(.bss.step_motor_speed)
    step_motor_state                         0x200023a0   Data           4  stm32g4xx_it.o(.bss.step_motor_state)
    step_motor_temp_count                    0x200023a4   Data           4  stm32g4xx_it.o(.bss.step_motor_temp_count)
    stop_motor_flag                          0x200023a8   Data           4  mainwork.o(.bss.stop_motor_flag)
    tcs230_read_handle                       0x200023ac   Data           4  mainwork.o(.bss.tcs230_read_handle)
    tcs_string                               0x200023b0   Data          40  tcs230.o(.bss.tcs_string)
    turn_state                               0x200023d8   Data           4  mainwork.o(.bss.turn_state)
    turn_stop_flag                           0x200023dc   Data           4  mainwork.o(.bss.turn_stop_flag)
    uart2                                    0x200023e0   Data         268  main.o(.bss.uart2)
    uwTick                                   0x20003100   Data           4  stm32g4xx_hal.o(.bss.uwTick)
    xQueueRegistry                           0x20003858   Data          64  queue.o(.bss.xQueueRegistry)
    __initial_sp                             0x200040e0   Data           0  startup_stm32g473xx.o(STACK)



==============================================================================

Memory Map of the image

  Image Entry point : 0x080001d9

  Load Region LR_IROM1 (Base: 0x08000000, Size: 0x0000b608, Max: 0x00080000, ABSOLUTE)

    Execution Region ER_IROM1 (Exec base: 0x08000000, Load base: 0x08000000, Size: 0x0000b590, Max: 0x00080000, ABSOLUTE)

    Exec Addr    Load Addr    Size         Type   Attr      Idx    E Section Name        Object

    0x08000000   0x08000000   0x000001d8   Data   RO            3    RESET               startup_stm32g473xx.o
    0x080001d8   0x080001d8   0x00000000   Code   RO         2993  * .ARM.Collect$$$$00000000  mc_w.l(entry.o)
    0x080001d8   0x080001d8   0x00000004   Code   RO         3279    .ARM.Collect$$$$00000001  mc_w.l(entry2.o)
    0x080001dc   0x080001dc   0x00000004   Code   RO         3282    .ARM.Collect$$$$00000004  mc_w.l(entry5.o)
    0x080001e0   0x080001e0   0x00000000   Code   RO         3284    .ARM.Collect$$$$00000008  mc_w.l(entry7b.o)
    0x080001e0   0x080001e0   0x00000000   Code   RO         3286    .ARM.Collect$$$$0000000A  mc_w.l(entry8b.o)
    0x080001e0   0x080001e0   0x00000008   Code   RO         3287    .ARM.Collect$$$$0000000B  mc_w.l(entry9a.o)
    0x080001e8   0x080001e8   0x00000000   Code   RO         3289    .ARM.Collect$$$$0000000D  mc_w.l(entry10a.o)
    0x080001e8   0x080001e8   0x00000000   Code   RO         3291    .ARM.Collect$$$$0000000F  mc_w.l(entry11a.o)
    0x080001e8   0x080001e8   0x00000004   Code   RO         3280    .ARM.Collect$$$$00002712  mc_w.l(entry2.o)
    0x080001ec   0x080001ec   0x00000024   Code   RO            4    .text               startup_stm32g473xx.o
    0x08000210   0x08000210   0x00000062   Code   RO         3000    .text               mc_w.l(uldiv.o)
    0x08000272   0x08000272   0x00000024   Code   RO         3002    .text               mc_w.l(memcpya.o)
    0x08000296   0x08000296   0x00000024   Code   RO         3004    .text               mc_w.l(memseta.o)
    0x080002ba   0x080002ba   0x00000002   PAD
    0x080002bc   0x080002bc   0x00000038   Code   RO         3269    .text               mc_w.l(__0sscanf.o)
    0x080002f4   0x080002f4   0x0000014c   Code   RO         3271    .text               mc_w.l(_scanf_int.o)
    0x08000440   0x08000440   0x000000e4   Code   RO         3273    .text               mf_w.l(dmul.o)
    0x08000524   0x08000524   0x00000036   Code   RO         3275    .text               mf_w.l(dcmplt.o)
    0x0800055a   0x0800055a   0x0000001a   Code   RO         3277    .text               mf_w.l(dfltui.o)
    0x08000574   0x08000574   0x0000002c   Code   RO         3303    .text               mc_w.l(uidiv.o)
    0x080005a0   0x080005a0   0x0000001e   Code   RO         3305    .text               mc_w.l(llshl.o)
    0x080005be   0x080005be   0x00000020   Code   RO         3307    .text               mc_w.l(llushr.o)
    0x080005de   0x080005de   0x0000001c   Code   RO         3309    .text               mc_w.l(_chval.o)
    0x080005fa   0x080005fa   0x00000002   PAD
    0x080005fc   0x080005fc   0x00000028   Code   RO         3311    .text               mc_w.l(scanf_char.o)
    0x08000624   0x08000624   0x00000040   Code   RO         3313    .text               mc_w.l(_sgetc.o)
    0x08000664   0x08000664   0x00000000   Code   RO         3315    .text               mc_w.l(iusefp.o)
    0x08000664   0x08000664   0x000000ba   Code   RO         3316    .text               mf_w.l(depilogue.o)
    0x0800071e   0x0800071e   0x00000002   PAD
    0x08000720   0x08000720   0x00000030   Code   RO         3326    .text               mc_w.l(init.o)
    0x08000750   0x08000750   0x0000000a   Code   RO         3330    .text               mc_w.l(isspace_c.o)
    0x0800075a   0x0800075a   0x00000002   PAD
    0x0800075c   0x0800075c   0x0000032c   Code   RO         3332    .text               mc_w.l(_scanf.o)
    0x08000a88   0x08000a88   0x00000028   Code   RO         3334    .text               mc_w.l(ctype_c.o)
    0x08000ab0   0x08000ab0   0x00000060   Code   RO          428    .text.ADC_DMAConvCplt  stm32g4xx_hal_adc.o
    0x08000b10   0x08000b10   0x00000016   Code   RO          432    .text.ADC_DMAError  stm32g4xx_hal_adc.o
    0x08000b26   0x08000b26   0x00000002   PAD
    0x08000b28   0x08000b28   0x00000006   Code   RO          430    .text.ADC_DMAHalfConvCplt  stm32g4xx_hal_adc.o
    0x08000b2e   0x08000b2e   0x00000002   PAD
    0x08000b30   0x08000b30   0x000000de   Code   RO          414    .text.ADC_Enable    stm32g4xx_hal_adc.o
    0x08000c0e   0x08000c0e   0x00000002   PAD
    0x08000c10   0x08000c10   0x00000002   Code   RO          329    .text.BusFault_Handler  stm32g4xx_it.o
    0x08000c12   0x08000c12   0x00000002   PAD
    0x08000c14   0x08000c14   0x00000074   Code   RO         2207    .text.DCMotorInit   dc_motor.o
    0x08000c88   0x08000c88   0x0000004a   Code   RO         2215    .text.DCMotorSetSpeedCloseLoop  dc_motor.o
    0x08000cd2   0x08000cd2   0x00000002   PAD
    0x08000cd4   0x08000cd4   0x0000000c   Code   RO          337    .text.DMA1_Channel1_IRQHandler  stm32g4xx_it.o
    0x08000ce0   0x08000ce0   0x0000000c   Code   RO          339    .text.DMA1_Channel2_IRQHandler  stm32g4xx_it.o
    0x08000cec   0x08000cec   0x0000000c   Code   RO          341    .text.DMA1_Channel3_IRQHandler  stm32g4xx_it.o
    0x08000cf8   0x08000cf8   0x0000000c   Code   RO          343    .text.DMA1_Channel4_IRQHandler  stm32g4xx_it.o
    0x08000d04   0x08000d04   0x00000002   Code   RO          333    .text.DebugMon_Handler  stm32g4xx_it.o
    0x08000d06   0x08000d06   0x00000002   PAD
    0x08000d08   0x08000d08   0x0000000a   Code   RO           87    .text.Error_Handler  main.o
    0x08000d12   0x08000d12   0x00000002   PAD
    0x08000d14   0x08000d14   0x0000000c   Code   RO          345    .text.FDCAN1_IT0_IRQHandler  stm32g4xx_it.o
    0x08000d20   0x08000d20   0x0000000c   Code   RO          359    .text.FDCAN2_IT1_IRQHandler  stm32g4xx_it.o
    0x08000d2c   0x08000d2c   0x0000011c   Code   RO         2295    .text.FindLines     tcd1103.o
    0x08000e48   0x08000e48   0x000000b8   Code   RO         2318    .text.Get_Color     tcs230.o
    0x08000f00   0x08000f00   0x00000018   Code   RO         2316    .text.Get_RxFlag    tcs230.o
    0x08000f18   0x08000f18   0x00000134   Code   RO          512    .text.HAL_ADCEx_MultiModeConfigChannel  stm32g4xx_hal_adc_ex.o
    0x0800104c   0x0800104c   0x00000368   Code   RO          452    .text.HAL_ADC_ConfigChannel  stm32g4xx_hal_adc.o
    0x080013b4   0x080013b4   0x00000002   Code   RO          444    .text.HAL_ADC_ConvCpltCallback  stm32g4xx_hal_adc.o
    0x080013b6   0x080013b6   0x00000002   PAD
    0x080013b8   0x080013b8   0x00000002   Code   RO          450    .text.HAL_ADC_ConvHalfCpltCallback  stm32g4xx_hal_adc.o
    0x080013ba   0x080013ba   0x00000002   PAD
    0x080013bc   0x080013bc   0x00000002   Code   RO          448    .text.HAL_ADC_ErrorCallback  stm32g4xx_hal_adc.o
    0x080013be   0x080013be   0x00000002   PAD
    0x080013c0   0x080013c0   0x0000021c   Code   RO          400    .text.HAL_ADC_Init  stm32g4xx_hal_adc.o
    0x080015dc   0x080015dc   0x00000186   Code   RO          128    .text.HAL_ADC_MspInit  adc.o
    0x08001762   0x08001762   0x00000002   PAD
    0x08001764   0x08001764   0x00000126   Code   RO          426    .text.HAL_ADC_Start_DMA  stm32g4xx_hal_adc.o
    0x0800188a   0x0800188a   0x00000002   PAD
    0x0800188c   0x0800188c   0x0000006e   Code   RO          833    .text.HAL_DMA_Abort  stm32g4xx_hal_dma.o
    0x080018fa   0x080018fa   0x00000002   PAD
    0x080018fc   0x080018fc   0x0000007e   Code   RO          835    .text.HAL_DMA_Abort_IT  stm32g4xx_hal_dma.o
    0x0800197a   0x0800197a   0x00000002   PAD
    0x0800197c   0x0800197c   0x0000009c   Code   RO          839    .text.HAL_DMA_IRQHandler  stm32g4xx_hal_dma.o
    0x08001a18   0x08001a18   0x00000122   Code   RO          825    .text.HAL_DMA_Init  stm32g4xx_hal_dma.o
    0x08001b3a   0x08001b3a   0x00000002   PAD
    0x08001b3c   0x08001b3c   0x000000e2   Code   RO          831    .text.HAL_DMA_Start_IT  stm32g4xx_hal_dma.o
    0x08001c1e   0x08001c1e   0x00000002   PAD
    0x08001c20   0x08001c20   0x00000028   Code   RO          551    .text.HAL_Delay     stm32g4xx_hal.o
    0x08001c48   0x08001c48   0x00000002   Code   RO         1161    .text.HAL_FDCAN_ErrorCallback  stm32g4xx_hal_fdcan.o
    0x08001c4a   0x08001c4a   0x00000002   PAD
    0x08001c4c   0x08001c4c   0x00000002   Code   RO         1159    .text.HAL_FDCAN_ErrorStatusCallback  stm32g4xx_hal_fdcan.o
    0x08001c4e   0x08001c4e   0x00000002   PAD
    0x08001c50   0x08001c50   0x00000002   Code   RO         1141    .text.HAL_FDCAN_HighPriorityMessageCallback  stm32g4xx_hal_fdcan.o
    0x08001c52   0x08001c52   0x00000002   PAD
    0x08001c54   0x08001c54   0x0000017a   Code   RO         1139    .text.HAL_FDCAN_IRQHandler  stm32g4xx_hal_fdcan.o
    0x08001dce   0x08001dce   0x00000002   PAD
    0x08001dd0   0x08001dd0   0x000001f4   Code   RO         1047    .text.HAL_FDCAN_Init  stm32g4xx_hal_fdcan.o
    0x08001fc4   0x08001fc4   0x0000012a   Code   RO          158    .text.HAL_FDCAN_MspInit  fdcan.o
    0x080020ee   0x080020ee   0x00000002   PAD
    0x080020f0   0x080020f0   0x00000002   Code   RO         1147    .text.HAL_FDCAN_RxFifo0Callback  stm32g4xx_hal_fdcan.o
    0x080020f2   0x080020f2   0x00000002   PAD
    0x080020f4   0x080020f4   0x00000002   Code   RO         1149    .text.HAL_FDCAN_RxFifo1Callback  stm32g4xx_hal_fdcan.o
    0x080020f6   0x080020f6   0x00000002   PAD
    0x080020f8   0x080020f8   0x00000002   Code   RO         1157    .text.HAL_FDCAN_TimeoutOccurredCallback  stm32g4xx_hal_fdcan.o
    0x080020fa   0x080020fa   0x00000002   PAD
    0x080020fc   0x080020fc   0x00000002   Code   RO         1155    .text.HAL_FDCAN_TimestampWraparoundCallback  stm32g4xx_hal_fdcan.o
    0x080020fe   0x080020fe   0x00000002   PAD
    0x08002100   0x08002100   0x00000002   Code   RO         1143    .text.HAL_FDCAN_TxBufferAbortCallback  stm32g4xx_hal_fdcan.o
    0x08002102   0x08002102   0x00000002   PAD
    0x08002104   0x08002104   0x00000002   Code   RO         1153    .text.HAL_FDCAN_TxBufferCompleteCallback  stm32g4xx_hal_fdcan.o
    0x08002106   0x08002106   0x00000002   PAD
    0x08002108   0x08002108   0x00000002   Code   RO         1145    .text.HAL_FDCAN_TxEventFifoCallback  stm32g4xx_hal_fdcan.o
    0x0800210a   0x0800210a   0x00000002   PAD
    0x0800210c   0x0800210c   0x00000002   Code   RO         1151    .text.HAL_FDCAN_TxFifoEmptyCallback  stm32g4xx_hal_fdcan.o
    0x0800210e   0x0800210e   0x00000002   PAD
    0x08002110   0x08002110   0x000001a0   Code   RO          775    .text.HAL_GPIO_Init  stm32g4xx_hal_gpio.o
    0x080022b0   0x080022b0   0x0000000c   Code   RO          781    .text.HAL_GPIO_WritePin  stm32g4xx_hal_gpio.o
    0x080022bc   0x080022bc   0x0000000c   Code   RO          543    .text.HAL_GetTick   stm32g4xx_hal.o
    0x080022c8   0x080022c8   0x0000004a   Code   RO         1330    .text.HAL_I2CEx_ConfigAnalogFilter  stm32g4xx_hal_i2c_ex.o
    0x08002312   0x08002312   0x00000002   PAD
    0x08002314   0x08002314   0x00000048   Code   RO         1332    .text.HAL_I2CEx_ConfigDigitalFilter  stm32g4xx_hal_i2c_ex.o
    0x0800235c   0x0800235c   0x000000a8   Code   RO         1176    .text.HAL_I2C_Init  stm32g4xx_hal_i2c.o
    0x08002404   0x08002404   0x0000031c   Code   RO         1236    .text.HAL_I2C_Mem_Read  stm32g4xx_hal_i2c.o
    0x08002720   0x08002720   0x0000031e   Code   RO         1234    .text.HAL_I2C_Mem_Write  stm32g4xx_hal_i2c.o
    0x08002a3e   0x08002a3e   0x00000002   PAD
    0x08002a40   0x08002a40   0x00000166   Code   RO          179    .text.HAL_I2C_MspInit  i2c.o
    0x08002ba6   0x08002ba6   0x00000002   PAD
    0x08002ba8   0x08002ba8   0x0000001a   Code   RO          541    .text.HAL_IncTick   stm32g4xx_hal.o
    0x08002bc2   0x08002bc2   0x00000002   PAD
    0x08002bc4   0x08002bc4   0x0000001e   Code   RO          531    .text.HAL_Init      stm32g4xx_hal.o
    0x08002be2   0x08002be2   0x00000002   PAD
    0x08002be4   0x08002be4   0x0000005a   Code   RO          533    .text.HAL_InitTick  stm32g4xx_hal.o
    0x08002c3e   0x08002c3e   0x00000002   PAD
    0x08002c40   0x08002c40   0x00000046   Code   RO          391    .text.HAL_MspInit   stm32g4xx_hal_msp.o
    0x08002c86   0x08002c86   0x00000002   PAD
    0x08002c88   0x08002c88   0x00000022   Code   RO         1001    .text.HAL_NVIC_EnableIRQ  stm32g4xx_hal_cortex.o
    0x08002caa   0x08002caa   0x00000002   PAD
    0x08002cac   0x08002cac   0x00000056   Code   RO          999    .text.HAL_NVIC_SetPriority  stm32g4xx_hal_cortex.o
    0x08002d02   0x08002d02   0x00000002   PAD
    0x08002d04   0x08002d04   0x00000020   Code   RO          997    .text.HAL_NVIC_SetPriorityGrouping  stm32g4xx_hal_cortex.o
    0x08002d24   0x08002d24   0x0000002a   Code   RO         2118    .text.HAL_PCDEx_ActivateLPM  stm32g4xx_hal_pcd_ex.o
    0x08002d4e   0x08002d4e   0x00000002   PAD
    0x08002d50   0x08002d50   0x000000b4   Code   RO         2034    .text.HAL_PCD_Init  stm32g4xx_hal_pcd.o
    0x08002e04   0x08002e04   0x00000056   Code   RO          308    .text.HAL_PCD_MspInit  usb.o
    0x08002e5a   0x08002e5a   0x00000002   PAD
    0x08002e5c   0x08002e5c   0x000000f2   Code   RO          917    .text.HAL_PWREx_ControlVoltageScaling  stm32g4xx_hal_pwr_ex.o
    0x08002f4e   0x08002f4e   0x00000002   PAD
    0x08002f50   0x08002f50   0x00000012   Code   RO          987    .text.HAL_PWREx_DisableUCPDDeadBattery  stm32g4xx_hal_pwr_ex.o
    0x08002f62   0x08002f62   0x00000002   PAD
    0x08002f64   0x08002f64   0x00000328   Code   RO          656    .text.HAL_RCCEx_PeriphCLKConfig  stm32g4xx_hal_rcc_ex.o
    0x0800328c   0x0800328c   0x00000312   Code   RO          622    .text.HAL_RCC_ClockConfig  stm32g4xx_hal_rcc.o
    0x0800359e   0x0800359e   0x00000002   PAD
    0x080035a0   0x080035a0   0x0000002a   Code   RO          630    .text.HAL_RCC_GetPCLK1Freq  stm32g4xx_hal_rcc.o
    0x080035ca   0x080035ca   0x00000002   PAD
    0x080035cc   0x080035cc   0x0000002a   Code   RO          632    .text.HAL_RCC_GetPCLK2Freq  stm32g4xx_hal_rcc.o
    0x080035f6   0x080035f6   0x00000002   PAD
    0x080035f8   0x080035f8   0x00000082   Code   RO          624    .text.HAL_RCC_GetSysClockFreq  stm32g4xx_hal_rcc.o
    0x0800367a   0x0800367a   0x00000002   PAD
    0x0800367c   0x0800367c   0x00000484   Code   RO          620    .text.HAL_RCC_OscConfig  stm32g4xx_hal_rcc.o
    0x08003b00   0x08003b00   0x000000e4   Code   RO         1535    .text.HAL_SPI_Init  stm32g4xx_hal_spi.o
    0x08003be4   0x08003be4   0x000001b0   Code   RO          236    .text.HAL_SPI_MspInit  spi.o
    0x08003d94   0x08003d94   0x0000002c   Code   RO         1009    .text.HAL_SYSTICK_Config  stm32g4xx_hal_cortex.o
    0x08003dc0   0x08003dc0   0x00000002   Code   RO         2011    .text.HAL_TIMEx_Break2Callback  stm32g4xx_hal_tim_ex.o
    0x08003dc2   0x08003dc2   0x00000002   PAD
    0x08003dc4   0x08003dc4   0x00000002   Code   RO         2009    .text.HAL_TIMEx_BreakCallback  stm32g4xx_hal_tim_ex.o
    0x08003dc6   0x08003dc6   0x00000002   PAD
    0x08003dc8   0x08003dc8   0x00000002   Code   RO         2005    .text.HAL_TIMEx_CommutCallback  stm32g4xx_hal_tim_ex.o
    0x08003dca   0x08003dca   0x00000002   PAD
    0x08003dcc   0x08003dcc   0x000000da   Code   RO         1957    .text.HAL_TIMEx_ConfigBreakDeadTime  stm32g4xx_hal_tim_ex.o
    0x08003ea6   0x08003ea6   0x00000002   PAD
    0x08003ea8   0x08003ea8   0x00000002   Code   RO         2015    .text.HAL_TIMEx_DirectionChangeCallback  stm32g4xx_hal_tim_ex.o
    0x08003eaa   0x08003eaa   0x00000002   PAD
    0x08003eac   0x08003eac   0x00000002   Code   RO         2013    .text.HAL_TIMEx_EncoderIndexCallback  stm32g4xx_hal_tim_ex.o
    0x08003eae   0x08003eae   0x00000002   PAD
    0x08003eb0   0x08003eb0   0x00000002   Code   RO         2017    .text.HAL_TIMEx_IndexErrorCallback  stm32g4xx_hal_tim_ex.o
    0x08003eb2   0x08003eb2   0x00000002   PAD
    0x08003eb4   0x08003eb4   0x000000de   Code   RO         1955    .text.HAL_TIMEx_MasterConfigSynchronization  stm32g4xx_hal_tim_ex.o
    0x08003f92   0x08003f92   0x00000002   PAD
    0x08003f94   0x08003f94   0x00000002   Code   RO         2019    .text.HAL_TIMEx_TransitionErrorCallback  stm32g4xx_hal_tim_ex.o
    0x08003f96   0x08003f96   0x00000002   PAD
    0x08003f98   0x08003f98   0x00000062   Code   RO         1660    .text.HAL_TIM_Base_Init  stm32g4xx_hal_tim.o
    0x08003ffa   0x08003ffa   0x00000002   PAD
    0x08003ffc   0x08003ffc   0x00000230   Code   RO          278    .text.HAL_TIM_Base_MspInit  tim.o
    0x0800422c   0x0800422c   0x000000ae   Code   RO         1670    .text.HAL_TIM_Base_Start  stm32g4xx_hal_tim.o
    0x080042da   0x080042da   0x00000002   PAD
    0x080042dc   0x080042dc   0x000000b6   Code   RO         1674    .text.HAL_TIM_Base_Start_IT  stm32g4xx_hal_tim.o
    0x08004392   0x08004392   0x00000002   PAD
    0x08004394   0x08004394   0x00000212   Code   RO         1840    .text.HAL_TIM_ConfigClockSource  stm32g4xx_hal_tim.o
    0x080045a6   0x080045a6   0x00000002   PAD
    0x080045a8   0x080045a8   0x000000b6   Code   RO         1774    .text.HAL_TIM_Encoder_Init  stm32g4xx_hal_tim.o
    0x0800465e   0x0800465e   0x00000002   PAD
    0x08004660   0x08004660   0x000000f6   Code   RO          280    .text.HAL_TIM_Encoder_MspInit  tim.o
    0x08004756   0x08004756   0x00000002   PAD
    0x08004758   0x08004758   0x000000bc   Code   RO         1782    .text.HAL_TIM_Encoder_Start  stm32g4xx_hal_tim.o
    0x08004814   0x08004814   0x00000002   Code   RO         1796    .text.HAL_TIM_IC_CaptureCallback  stm32g4xx_hal_tim.o
    0x08004816   0x08004816   0x00000002   PAD
    0x08004818   0x08004818   0x000001c6   Code   RO         1794    .text.HAL_TIM_IRQHandler  stm32g4xx_hal_tim.o
    0x080049de   0x080049de   0x00000002   PAD
    0x080049e0   0x080049e0   0x00000152   Code   RO          254    .text.HAL_TIM_MspPostInit  tim.o
    0x08004b32   0x08004b32   0x00000002   PAD
    0x08004b34   0x08004b34   0x00000002   Code   RO         1798    .text.HAL_TIM_OC_DelayElapsedCallback  stm32g4xx_hal_tim.o
    0x08004b36   0x08004b36   0x00000002   PAD
    0x08004b38   0x08004b38   0x000003ee   Code   RO         1814    .text.HAL_TIM_PWM_ConfigChannel  stm32g4xx_hal_tim.o
    0x08004f26   0x08004f26   0x00000002   PAD
    0x08004f28   0x08004f28   0x00000062   Code   RO         1714    .text.HAL_TIM_PWM_Init  stm32g4xx_hal_tim.o
    0x08004f8a   0x08004f8a   0x00000002   PAD
    0x08004f8c   0x08004f8c   0x00000002   Code   RO         1716    .text.HAL_TIM_PWM_MspInit  stm32g4xx_hal_tim.o
    0x08004f8e   0x08004f8e   0x00000002   PAD
    0x08004f90   0x08004f90   0x00000002   Code   RO         1800    .text.HAL_TIM_PWM_PulseFinishedCallback  stm32g4xx_hal_tim.o
    0x08004f92   0x08004f92   0x00000002   PAD
    0x08004f94   0x08004f94   0x00000166   Code   RO         1722    .text.HAL_TIM_PWM_Start  stm32g4xx_hal_tim.o
    0x080050fa   0x080050fa   0x00000002   PAD
    0x080050fc   0x080050fc   0x000000dc   Code   RO           81    .text.HAL_TIM_PeriodElapsedCallback  main.o
    0x080051d8   0x080051d8   0x00000002   Code   RO         1804    .text.HAL_TIM_TriggerCallback  stm32g4xx_hal_tim.o
    0x080051da   0x080051da   0x00000002   PAD
    0x080051dc   0x080051dc   0x00000036   Code   RO         1512    .text.HAL_UARTEx_DisableFifoMode  stm32g4xx_hal_uart_ex.o
    0x08005212   0x08005212   0x00000002   PAD
    0x08005214   0x08005214   0x0000005e   Code   RO         1522    .text.HAL_UARTEx_ReceiveToIdle_DMA  stm32g4xx_hal_uart_ex.o
    0x08005272   0x08005272   0x00000002   PAD
    0x08005274   0x08005274   0x00000074   Code   RO         2279    .text.HAL_UARTEx_RxEventCallback  bsp_usart.o
    0x080052e8   0x080052e8   0x00000002   Code   RO         1498    .text.HAL_UARTEx_RxFifoFullCallback  stm32g4xx_hal_uart_ex.o
    0x080052ea   0x080052ea   0x00000002   PAD
    0x080052ec   0x080052ec   0x00000092   Code   RO         1516    .text.HAL_UARTEx_SetRxFifoThreshold  stm32g4xx_hal_uart_ex.o
    0x0800537e   0x0800537e   0x00000002   PAD
    0x08005380   0x08005380   0x00000092   Code   RO         1514    .text.HAL_UARTEx_SetTxFifoThreshold  stm32g4xx_hal_uart_ex.o
    0x08005412   0x08005412   0x00000002   PAD
    0x08005414   0x08005414   0x00000002   Code   RO         1500    .text.HAL_UARTEx_TxFifoEmptyCallback  stm32g4xx_hal_uart_ex.o
    0x08005416   0x08005416   0x00000002   PAD
    0x08005418   0x08005418   0x00000002   Code   RO         1496    .text.HAL_UARTEx_WakeupCallback  stm32g4xx_hal_uart_ex.o
    0x0800541a   0x0800541a   0x00000002   PAD
    0x0800541c   0x0800541c   0x0000005a   Code   RO         2281    .text.HAL_UART_ErrorCallback  bsp_usart.o
    0x08005476   0x08005476   0x00000002   PAD
    0x08005478   0x08005478   0x000003ae   Code   RO         1434    .text.HAL_UART_IRQHandler  stm32g4xx_hal_uart.o
    0x08005826   0x08005826   0x00000002   PAD
    0x08005828   0x08005828   0x00000062   Code   RO         1350    .text.HAL_UART_Init  stm32g4xx_hal_uart.o
    0x0800588a   0x0800588a   0x00000002   PAD
    0x0800588c   0x0800588c   0x00000278   Code   RO          202    .text.HAL_UART_MspInit  usart.o
    0x08005b04   0x08005b04   0x00000062   Code   RO         1386    .text.HAL_UART_Receive_IT  stm32g4xx_hal_uart.o
    0x08005b66   0x08005b66   0x00000002   PAD
    0x08005b68   0x08005b68   0x000000ec   Code   RO          206    .text.HAL_UART_RxCpltCallback  usart.o
    0x08005c54   0x08005c54   0x00000002   Code   RO         1448    .text.HAL_UART_RxHalfCpltCallback  stm32g4xx_hal_uart.o
    0x08005c56   0x08005c56   0x00000002   PAD
    0x08005c58   0x08005c58   0x00000104   Code   RO         1370    .text.HAL_UART_Transmit  stm32g4xx_hal_uart.o
    0x08005d5c   0x08005d5c   0x000000aa   Code   RO         1390    .text.HAL_UART_Transmit_DMA  stm32g4xx_hal_uart.o
    0x08005e06   0x08005e06   0x00000002   PAD
    0x08005e08   0x08005e08   0x000000ac   Code   RO         1376    .text.HAL_UART_Transmit_IT  stm32g4xx_hal_uart.o
    0x08005eb4   0x08005eb4   0x00000002   Code   RO         1442    .text.HAL_UART_TxCpltCallback  stm32g4xx_hal_uart.o
    0x08005eb6   0x08005eb6   0x00000002   PAD
    0x08005eb8   0x08005eb8   0x00000002   Code   RO         1444    .text.HAL_UART_TxHalfCpltCallback  stm32g4xx_hal_uart.o
    0x08005eba   0x08005eba   0x00000002   PAD
    0x08005ebc   0x08005ebc   0x00000002   Code   RO          325    .text.HardFault_Handler  stm32g4xx_it.o
    0x08005ebe   0x08005ebe   0x00000002   PAD
    0x08005ec0   0x08005ec0   0x00000134   Code   RO         1320    .text.I2C_IsErrorOccurred  stm32g4xx_hal_i2c.o
    0x08005ff4   0x08005ff4   0x00000064   Code   RO         1188    .text.I2C_WaitOnSTOPFlagUntilTimeout  stm32g4xx_hal_i2c.o
    0x08006058   0x08006058   0x00000048   Code   RO         2384    .text.IIC_Anolog_Normalize  gray.o
    0x080060a0   0x080060a0   0x00000046   Code   RO         2380    .text.IIC_Get_Anolog  gray.o
    0x080060e6   0x080060e6   0x00000002   PAD
    0x080060e8   0x080060e8   0x00000040   Code   RO         2378    .text.IIC_Get_Digtal  gray.o
    0x08006128   0x08006128   0x0000000a   Code   RO           18    .text.IMU_Read_task  mainwork.o
    0x08006132   0x08006132   0x00000002   PAD
    0x08006134   0x08006134   0x00000058   Code   RO         2259    .text.IncEncoderInit  encoder.o
    0x0800618c   0x0800618c   0x0000003c   Code   RO         2261    .text.IncEncoderUpdate  encoder.o
    0x080061c8   0x080061c8   0x000000b6   Code   RO          124    .text.MX_ADC3_Init  adc.o
    0x0800627e   0x0800627e   0x00000002   PAD
    0x08006280   0x08006280   0x00000094   Code   RO          126    .text.MX_ADC4_Init  adc.o
    0x08006314   0x08006314   0x00000076   Code   RO          145    .text.MX_DMA_Init   dma.o
    0x0800638a   0x0800638a   0x00000002   PAD
    0x0800638c   0x0800638c   0x00000050   Code   RO          154    .text.MX_FDCAN1_Init  fdcan.o
    0x080063dc   0x080063dc   0x00000050   Code   RO          156    .text.MX_FDCAN2_Init  fdcan.o
    0x0800642c   0x0800642c   0x00000024   Code   RO          110    .text.MX_FREERTOS_Init  app_freertos.o
    0x08006450   0x08006450   0x000001a4   Code   RO          101    .text.MX_GPIO_Init  gpio.o
    0x080065f4   0x080065f4   0x0000006c   Code   RO          173    .text.MX_I2C2_Init  i2c.o
    0x08006660   0x08006660   0x0000006c   Code   RO          175    .text.MX_I2C3_Init  i2c.o
    0x080066cc   0x080066cc   0x0000006c   Code   RO          177    .text.MX_I2C4_Init  i2c.o
    0x08006738   0x08006738   0x00000080   Code   RO          194    .text.MX_LPUART1_UART_Init  usart.o
    0x080067b8   0x080067b8   0x00000050   Code   RO          228    .text.MX_SPI1_Init  spi.o
    0x08006808   0x08006808   0x00000058   Code   RO          230    .text.MX_SPI2_Init  spi.o
    0x08006860   0x08006860   0x00000050   Code   RO          232    .text.MX_SPI3_Init  spi.o
    0x080068b0   0x080068b0   0x0000004e   Code   RO          234    .text.MX_SPI4_Init  spi.o
    0x080068fe   0x080068fe   0x00000002   PAD
    0x08006900   0x08006900   0x00000126   Code   RO          270    .text.MX_TIM15_Init  tim.o
    0x08006a26   0x08006a26   0x00000002   PAD
    0x08006a28   0x08006a28   0x0000003c   Code   RO          272    .text.MX_TIM16_Init  tim.o
    0x08006a64   0x08006a64   0x0000003c   Code   RO          274    .text.MX_TIM17_Init  tim.o
    0x08006aa0   0x08006aa0   0x00000164   Code   RO          252    .text.MX_TIM1_Init  tim.o
    0x08006c04   0x08006c04   0x00000166   Code   RO          276    .text.MX_TIM20_Init  tim.o
    0x08006d6a   0x08006d6a   0x00000002   PAD
    0x08006d6c   0x08006d6c   0x00000076   Code   RO          256    .text.MX_TIM2_Init  tim.o
    0x08006de2   0x08006de2   0x00000002   PAD
    0x08006de4   0x08006de4   0x00000078   Code   RO          258    .text.MX_TIM3_Init  tim.o
    0x08006e5c   0x08006e5c   0x00000076   Code   RO          260    .text.MX_TIM4_Init  tim.o
    0x08006ed2   0x08006ed2   0x00000002   PAD
    0x08006ed4   0x08006ed4   0x0000007c   Code   RO          262    .text.MX_TIM5_Init  tim.o
    0x08006f50   0x08006f50   0x00000054   Code   RO          264    .text.MX_TIM6_Init  tim.o
    0x08006fa4   0x08006fa4   0x00000054   Code   RO          266    .text.MX_TIM7_Init  tim.o
    0x08006ff8   0x08006ff8   0x0000012e   Code   RO          268    .text.MX_TIM8_Init  tim.o
    0x08007126   0x08007126   0x00000002   PAD
    0x08007128   0x08007128   0x00000082   Code   RO          196    .text.MX_USART1_UART_Init  usart.o
    0x080071aa   0x080071aa   0x00000002   PAD
    0x080071ac   0x080071ac   0x00000082   Code   RO          198    .text.MX_USART2_UART_Init  usart.o
    0x0800722e   0x0800722e   0x00000002   PAD
    0x08007230   0x08007230   0x00000082   Code   RO          200    .text.MX_USART3_UART_Init  usart.o
    0x080072b2   0x080072b2   0x00000002   PAD
    0x080072b4   0x080072b4   0x00000034   Code   RO          306    .text.MX_USB_PCD_Init  usb.o
    0x080072e8   0x080072e8   0x00000002   Code   RO          327    .text.MemManage_Handler  stm32g4xx_it.o
    0x080072ea   0x080072ea   0x00000002   PAD
    0x080072ec   0x080072ec   0x00000002   Code   RO          323    .text.NMI_Handler   stm32g4xx_it.o
    0x080072ee   0x080072ee   0x00000002   PAD
    0x080072f0   0x080072f0   0x000001ec   Code   RO           16    .text.Onmaincpp     mainwork.o
    0x080074dc   0x080074dc   0x00000020   Code   RO         2239    .text.PID_struct_init  pid.o
    0x080074fc   0x080074fc   0x00000004   PAD
    0x08007500   0x08007500   0x00000064   Code   RO         2977    .text.PendSV_Handler  port.o
    0x08007564   0x08007564   0x0000005c   Code   RO         2376    .text.Ping          gray.o
    0x080075c0   0x080075c0   0x00000024   Code   RO         2961    .text.SVC_Handler   port.o
    0x080075e4   0x080075e4   0x00000008   Code   RO          112    .text.StartDefaultTask  app_freertos.o
    0x080075ec   0x080075ec   0x00000018   Code   RO          335    .text.SysTick_Handler  stm32g4xx_it.o
    0x08007604   0x08007604   0x00000012   Code   RO         2184    .text.SystemInit    system_stm32g4xx.o
    0x08007616   0x08007616   0x00000002   PAD
    0x08007618   0x08007618   0x000002e8   Code   RO          349    .text.TIM1_TRG_COM_TIM17_IRQHandler  stm32g4xx_it.o
    0x08007900   0x08007900   0x0000001e   Code   RO          347    .text.TIM1_UP_TIM16_IRQHandler  stm32g4xx_it.o
    0x0800791e   0x0800791e   0x00000002   PAD
    0x08007920   0x08007920   0x000000a8   Code   RO          355    .text.TIM5_IRQHandler  stm32g4xx_it.o
    0x080079c8   0x080079c8   0x0000000c   Code   RO          357    .text.TIM6_DAC_IRQHandler  stm32g4xx_it.o
    0x080079d4   0x080079d4   0x00000150   Code   RO         1664    .text.TIM_Base_SetConfig  stm32g4xx_hal_tim.o
    0x08007b24   0x08007b24   0x000000e6   Code   RO         1354    .text.UART_AdvFeatureConfig  stm32g4xx_hal_uart.o
    0x08007c0a   0x08007c0a   0x00000002   PAD
    0x08007c0c   0x08007c0c   0x000000be   Code   RO         1358    .text.UART_CheckIdleState  stm32g4xx_hal_uart.o
    0x08007cca   0x08007cca   0x00000002   PAD
    0x08007ccc   0x08007ccc   0x0000000c   Code   RO         1436    .text.UART_DMAAbortOnError  stm32g4xx_hal_uart.o
    0x08007cd8   0x08007cd8   0x000000c8   Code   RO         1396    .text.UART_DMAError  stm32g4xx_hal_uart.o
    0x08007da0   0x08007da0   0x00000082   Code   RO         1480    .text.UART_DMAReceiveCplt  stm32g4xx_hal_uart.o
    0x08007e22   0x08007e22   0x00000002   PAD
    0x08007e24   0x08007e24   0x0000001a   Code   RO         1482    .text.UART_DMARxHalfCplt  stm32g4xx_hal_uart.o
    0x08007e3e   0x08007e3e   0x00000002   PAD
    0x08007e40   0x08007e40   0x0000003e   Code   RO         1392    .text.UART_DMATransmitCplt  stm32g4xx_hal_uart.o
    0x08007e7e   0x08007e7e   0x00000002   PAD
    0x08007e80   0x08007e80   0x00000006   Code   RO         1394    .text.UART_DMATxHalfCplt  stm32g4xx_hal_uart.o
    0x08007e86   0x08007e86   0x00000002   PAD
    0x08007e88   0x08007e88   0x000000ce   Code   RO         1476    .text.UART_RxISR_16BIT  stm32g4xx_hal_uart.o
    0x08007f56   0x08007f56   0x00000002   PAD
    0x08007f58   0x08007f58   0x000001c6   Code   RO         1472    .text.UART_RxISR_16BIT_FIFOEN  stm32g4xx_hal_uart.o
    0x0800811e   0x0800811e   0x00000002   PAD
    0x08008120   0x08008120   0x000000ce   Code   RO         1478    .text.UART_RxISR_8BIT  stm32g4xx_hal_uart.o
    0x080081ee   0x080081ee   0x00000002   PAD
    0x080081f0   0x080081f0   0x000001ca   Code   RO         1474    .text.UART_RxISR_8BIT_FIFOEN  stm32g4xx_hal_uart.o
    0x080083ba   0x080083ba   0x00000002   PAD
    0x080083bc   0x080083bc   0x000002c0   Code   RO         1356    .text.UART_SetConfig  stm32g4xx_hal_uart.o
    0x0800867c   0x0800867c   0x000000a0   Code   RO         1400    .text.UART_Start_Receive_DMA  stm32g4xx_hal_uart.o
    0x0800871c   0x0800871c   0x0000011c   Code   RO         1388    .text.UART_Start_Receive_IT  stm32g4xx_hal_uart.o
    0x08008838   0x08008838   0x00000056   Code   RO         1382    .text.UART_TxISR_16BIT  stm32g4xx_hal_uart.o
    0x0800888e   0x0800888e   0x00000002   PAD
    0x08008890   0x08008890   0x00000072   Code   RO         1378    .text.UART_TxISR_16BIT_FIFOEN  stm32g4xx_hal_uart.o
    0x08008902   0x08008902   0x00000002   PAD
    0x08008904   0x08008904   0x00000052   Code   RO         1384    .text.UART_TxISR_8BIT  stm32g4xx_hal_uart.o
    0x08008956   0x08008956   0x00000002   PAD
    0x08008958   0x08008958   0x0000006e   Code   RO         1380    .text.UART_TxISR_8BIT_FIFOEN  stm32g4xx_hal_uart.o
    0x080089c6   0x080089c6   0x00000002   PAD
    0x080089c8   0x080089c8   0x0000013e   Code   RO         1372    .text.UART_WaitOnFlagUntilTimeout  stm32g4xx_hal_uart.o
    0x08008b06   0x08008b06   0x00000002   PAD
    0x08008b08   0x08008b08   0x0000000c   Code   RO          351    .text.USART1_IRQHandler  stm32g4xx_it.o
    0x08008b14   0x08008b14   0x0000000c   Code   RO          353    .text.USART2_IRQHandler  stm32g4xx_it.o
    0x08008b20   0x08008b20   0x00000054   Code   RO         2273    .text.USARTRegister  bsp_usart.o
    0x08008b74   0x08008b74   0x00000028   Code   RO         2275    .text.USARTSend     bsp_usart.o
    0x08008b9c   0x08008b9c   0x0000001a   Code   RO         2140    .text.USB_DevInit   stm32g4xx_ll_usb.o
    0x08008bb6   0x08008bb6   0x00000002   PAD
    0x08008bb8   0x08008bb8   0x00000014   Code   RO         2136    .text.USB_DisableGlobalInt  stm32g4xx_ll_usb.o
    0x08008bcc   0x08008bcc   0x00000002   Code   RO          331    .text.UsageFault_Handler  stm32g4xx_it.o
    0x08008bce   0x08008bce   0x00000002   PAD
    0x08008bd0   0x08008bd0   0x00000020   Code   RO          208    .text.fputc         usart.o
    0x08008bf0   0x08008bf0   0x00000098   Code   RO           26    .text.get_black_line_position  mainwork.o
    0x08008c88   0x08008c88   0x0000013c   Code   RO           22    .text.gray_read_task  mainwork.o
    0x08008dc4   0x08008dc4   0x00000254   Code   RO           83    .text.main          main.o
    0x08009018   0x08009018   0x00000168   Code   RO           14    .text.main_work     mainwork.o
    0x08009180   0x08009180   0x00000020   Code   RO         2826    .text.osDelay       cmsis_os2.o
    0x080091a0   0x080091a0   0x00000028   Code   RO         2768    .text.osKernelInitialize  cmsis_os2.o
    0x080091c8   0x080091c8   0x0000003c   Code   RO         2774    .text.osKernelStart  cmsis_os2.o
    0x08009204   0x08009204   0x000000be   Code   RO         2790    .text.osThreadNew   cmsis_os2.o
    0x080092c2   0x080092c2   0x00000002   PAD
    0x080092c4   0x080092c4   0x00000208   Code   RO         2235    .text.pid_calc      pid.o
    0x080094cc   0x080094cc   0x0000000e   Code   RO         2241    .text.pid_param_init  pid.o
    0x080094da   0x080094da   0x00000002   PAD
    0x080094dc   0x080094dc   0x00000006   Code   RO         2233    .text.pid_reset     pid.o
    0x080094e2   0x080094e2   0x00000002   PAD
    0x080094e4   0x080094e4   0x00000096   Code   RO           24    .text.position_state_manage_task  mainwork.o
    0x0800957a   0x0800957a   0x00000002   PAD
    0x0800957c   0x0800957c   0x0000011c   Code   RO         2578    .text.prvAddNewTaskToReadyList  tasks.o
    0x08009698   0x08009698   0x0000007c   Code   RO         2713    .text.prvCheckForValidListAndQueue  timers.o
    0x08009714   0x08009714   0x00000096   Code   RO         2610    .text.prvIdleTask   tasks.o
    0x080097aa   0x080097aa   0x00000002   PAD
    0x080097ac   0x080097ac   0x00000028   Code   RO         2969    .text.prvPortStartFirstTask  port.o
    0x080097d4   0x080097d4   0x000000ea   Code   RO         2749    .text.prvSampleTimeNow  timers.o
    0x080098be   0x080098be   0x00000002   PAD
    0x080098c0   0x080098c0   0x00000032   Code   RO         2959    .text.prvTaskExitError  port.o
    0x080098f2   0x080098f2   0x00000002   PAD
    0x080098f4   0x080098f4   0x000002ba   Code   RO         2715    .text.prvTimerTask  timers.o
    0x08009bae   0x08009bae   0x00000002   PAD
    0x08009bb0   0x08009bb0   0x00000074   Code   RO         2477    .text.prvUnlockQueue  queue.o
    0x08009c24   0x08009c24   0x0000019c   Code   RO         2929    .text.pvPortMalloc  heap_4.o
    0x08009dc0   0x08009dc0   0x00000024   Code   RO         2957    .text.pxPortInitialiseStack  port.o
    0x08009de4   0x08009de4   0x000000da   Code   RO           20    .text.tcs230_read_task  mainwork.o
    0x08009ebe   0x08009ebe   0x00000002   PAD
    0x08009ec0   0x08009ec0   0x00000002   Code   RO           79    .text.usart2_callback  main.o
    0x08009ec2   0x08009ec2   0x00000002   PAD
    0x08009ec4   0x08009ec4   0x00000018   Code   RO         2253    .text.userEncoderUpdate_0  encoder.o
    0x08009edc   0x08009edc   0x00000018   Code   RO         2255    .text.userEncoderUpdate_1  encoder.o
    0x08009ef4   0x08009ef4   0x0000006c   Code   RO         2201    .text.userMotorCtl_0  dc_motor.o
    0x08009f60   0x08009f60   0x0000006c   Code   RO         2203    .text.userMotorCtl_1  dc_motor.o
    0x08009fcc   0x08009fcc   0x00000024   Code   RO         2441    .text.uxListRemove  list.o
    0x08009ff0   0x08009ff0   0x0000001a   Code   RO         2912    .text.vApplicationGetIdleTaskMemory  cmsis_os2.o
    0x0800a00a   0x0800a00a   0x00000002   PAD
    0x0800a00c   0x0800a00c   0x0000001c   Code   RO         2914    .text.vApplicationGetTimerTaskMemory  cmsis_os2.o
    0x0800a028   0x0800a028   0x00000016   Code   RO         2433    .text.vListInitialise  list.o
    0x0800a03e   0x0800a03e   0x00000002   PAD
    0x0800a040   0x0800a040   0x00000006   Code   RO         2435    .text.vListInitialiseItem  list.o
    0x0800a046   0x0800a046   0x00000002   PAD
    0x0800a048   0x0800a048   0x0000003a   Code   RO         2439    .text.vListInsert   list.o
    0x0800a082   0x0800a082   0x00000002   PAD
    0x0800a084   0x0800a084   0x0000001c   Code   RO         2437    .text.vListInsertEnd  list.o
    0x0800a0a0   0x0800a0a0   0x00000014   Code   RO         2967    .text.vPortEnableVFP  port.o
    0x0800a0b4   0x0800a0b4   0x00000046   Code   RO         2973    .text.vPortEnterCritical  port.o
    0x0800a0fa   0x0800a0fa   0x00000002   PAD
    0x0800a0fc   0x0800a0fc   0x0000002e   Code   RO         2975    .text.vPortExitCritical  port.o
    0x0800a12a   0x0800a12a   0x00000002   PAD
    0x0800a12c   0x0800a12c   0x000000d6   Code   RO         2931    .text.vPortFree     heap_4.o
    0x0800a202   0x0800a202   0x00000002   PAD
    0x0800a204   0x0800a204   0x00000034   Code   RO         2965    .text.vPortSetupTimerInterrupt  port.o
    0x0800a238   0x0800a238   0x00000028   Code   RO         2511    .text.vQueueAddToRegistry  queue.o
    0x0800a260   0x0800a260   0x00000046   Code   RO         2515    .text.vQueueWaitForMessageRestricted  queue.o
    0x0800a2a6   0x0800a2a6   0x00000002   PAD
    0x0800a2a8   0x0800a2a8   0x000000aa   Code   RO         2590    .text.vTaskDelay    tasks.o
    0x0800a352   0x0800a352   0x00000002   PAD
    0x0800a354   0x0800a354   0x0000001a   Code   RO         2640    .text.vTaskInternalSetTimeOutState  tasks.o
    0x0800a36e   0x0800a36e   0x00000002   PAD
    0x0800a370   0x0800a370   0x0000000e   Code   RO         2644    .text.vTaskMissedYield  tasks.o
    0x0800a37e   0x0800a37e   0x00000002   PAD
    0x0800a380   0x0800a380   0x00000096   Code   RO         2628    .text.vTaskPlaceOnEventList  tasks.o
    0x0800a416   0x0800a416   0x00000002   PAD
    0x0800a418   0x0800a418   0x000000a8   Code   RO         2632    .text.vTaskPlaceOnEventListRestricted  tasks.o
    0x0800a4c0   0x0800a4c0   0x000000a4   Code   RO         2608    .text.vTaskStartScheduler  tasks.o
    0x0800a564   0x0800a564   0x00000010   Code   RO         2586    .text.vTaskSuspendAll  tasks.o
    0x0800a574   0x0800a574   0x00000092   Code   RO         2602    .text.vTaskSwitchContext  tasks.o
    0x0800a606   0x0800a606   0x00000002   PAD
    0x0800a608   0x0800a608   0x0000012e   Code   RO         2963    .text.xPortStartScheduler  port.o
    0x0800a736   0x0800a736   0x00000002   PAD
    0x0800a738   0x0800a738   0x0000002e   Code   RO         2979    .text.xPortSysTickHandler  port.o
    0x0800a766   0x0800a766   0x00000002   PAD
    0x0800a768   0x0800a768   0x000000da   Code   RO         2453    .text.xQueueGenericCreateStatic  queue.o
    0x0800a842   0x0800a842   0x00000002   PAD
    0x0800a844   0x0800a844   0x00000214   Code   RO         2467    .text.xQueueGenericSend  queue.o
    0x0800aa58   0x0800aa58   0x000001a8   Code   RO         2483    .text.xQueueReceive  queue.o
    0x0800ac00   0x0800ac00   0x0000008c   Code   RO         2642    .text.xTaskCheckForTimeOut  tasks.o
    0x0800ac8c   0x0800ac8c   0x000000dc   Code   RO         2580    .text.xTaskCreate   tasks.o
    0x0800ad68   0x0800ad68   0x000000ea   Code   RO         2576    .text.xTaskCreateStatic  tasks.o
    0x0800ae52   0x0800ae52   0x00000002   PAD
    0x0800ae54   0x0800ae54   0x00000026   Code   RO         2656    .text.xTaskGetSchedulerState  tasks.o
    0x0800ae7a   0x0800ae7a   0x00000002   PAD
    0x0800ae7c   0x0800ae7c   0x0000000c   Code   RO         2616    .text.xTaskGetTickCount  tasks.o
    0x0800ae88   0x0800ae88   0x0000016e   Code   RO         2614    .text.xTaskIncrementTick  tasks.o
    0x0800aff6   0x0800aff6   0x00000002   PAD
    0x0800aff8   0x0800aff8   0x0000009a   Code   RO         2660    .text.xTaskPriorityDisinherit  tasks.o
    0x0800b092   0x0800b092   0x00000002   PAD
    0x0800b094   0x0800b094   0x0000008e   Code   RO         2634    .text.xTaskRemoveFromEventList  tasks.o
    0x0800b122   0x0800b122   0x00000002   PAD
    0x0800b124   0x0800b124   0x00000134   Code   RO         2588    .text.xTaskResumeAll  tasks.o
    0x0800b258   0x0800b258   0x00000074   Code   RO         2711    .text.xTimerCreateTimerTask  timers.o
    0x0800b2cc   0x0800b2cc   0x00000028   Code   RO         3055    i.__0sprintf$1      mc_w.l(printf1.o)
    0x0800b2f4   0x0800b2f4   0x0000000e   Code   RO         3339    i.__scatterload_copy  mc_w.l(handlers.o)
    0x0800b302   0x0800b302   0x00000002   Code   RO         3340    i.__scatterload_null  mc_w.l(handlers.o)
    0x0800b304   0x0800b304   0x0000000e   Code   RO         3341    i.__scatterload_zeroinit  mc_w.l(handlers.o)
    0x0800b312   0x0800b312   0x00000002   PAD
    0x0800b314   0x0800b314   0x00000154   Code   RO         3060    i._printf_core      mc_w.l(printf1.o)
    0x0800b468   0x0800b468   0x0000000a   Code   RO         3062    i._sputc            mc_w.l(printf1.o)
    0x0800b472   0x0800b472   0x00000002   PAD
    0x0800b474   0x0800b474   0x00000024   Code   RO         2996    i.puts              mc_w.l(puts.o)
    0x0800b498   0x0800b498   0x00000040   Data   RO         3335    .constdata          mc_w.l(ctype_c.o)
    0x0800b4d8   0x0800b4d8   0x00000010   Data   RO         2189    .rodata.AHBPrescTable  system_stm32g4xx.o
    0x0800b4e8   0x0800b4e8   0x00000008   Data   RO         2190    .rodata.APBPrescTable  system_stm32g4xx.o
    0x0800b4f0   0x0800b4f0   0x00000018   Data   RO         1484    .rodata.UARTPrescTable  stm32g4xx_hal_uart.o
    0x0800b508   0x0800b508   0x00000010   Data   RO         1485    .rodata.cst16       stm32g4xx_hal_uart.o
    0x0800b518   0x0800b518   0x00000010   Data   RO         1526    .rodata.cst8        stm32g4xx_hal_uart_ex.o
    0x0800b528   0x0800b528   0x00000024   Data   RO          115    .rodata.defaultTask_attributes  app_freertos.o
    0x0800b54c   0x0800b54c   0x00000017   Data   RO           70    .rodata.str1.1      mainwork.o
    0x0800b563   0x0800b563   0x0000000c   Data   RO          114    .rodata.str1.1      app_freertos.o
    0x0800b56f   0x0800b56f   0x00000001   PAD
    0x0800b570   0x0800b570   0x00000020   Data   RO         3338    Region$$Table       anon$$obj.o


    Execution Region RW_IRAM1 (Exec base: 0x20000000, Load base: 0x0800b590, Size: 0x000040e0, Max: 0x00020000, ABSOLUTE)

    Exec Addr    Load Addr    Size         Type   Attr      Idx    E Section Name        Object

    0x20000000   0x0800b590   0x00000004   Data   RW         3293    .data               mc_w.l(stdout.o)
    0x20000004   0x0800b594   0x00000004   Data   RW         2188    .data.SystemCoreClock  system_stm32g4xx.o
    0x20000008   0x0800b598   0x00000004   Data   RW           89    .data.goods_color   main.o
    0x2000000c   0x0800b59c   0x00000004   Data   RW          368    .data.gray_bia_p    stm32g4xx_it.o
    0x20000010   0x0800b5a0   0x00000004   Data   RW          370    .data.gray_bia_p_back  stm32g4xx_it.o
    0x20000014   0x0800b5a4   0x00000004   Data   RW          372    .data.gray_bia_p_general  stm32g4xx_it.o
    0x20000018   0x0800b5a8   0x00000020   Data   RW           52    .data.sensor_weights  mainwork.o
    0x20000038   0x0800b5c8   0x00000020   Data   RW           55    .data.sensor_weights_back  mainwork.o
    0x20000058   0x0800b5e8   0x00000004   Data   RW           60    .data.temp_color    mainwork.o
    0x2000005c   0x0800b5ec   0x00000004   Data   RW           40    .data.turn_dir_all  mainwork.o
    0x20000060   0x0800b5f0   0x0000000c   Data   RW           91    .data.usart2_config  main.o
    0x2000006c   0x0800b5fc   0x00000004   Data   RW          608    .data.uwTickFreq    stm32g4xx_hal.o
    0x20000070   0x0800b600   0x00000004   Data   RW          607    .data.uwTickPrio    stm32g4xx_hal.o
    0x20000074   0x0800b604   0x00000004   Data   RW         2985    .data.uxCriticalNesting  port.o
    0x20000078        -       0x00000008   Zero   RW           53    .bss.Anolog_gray    mainwork.o
    0x20000080        -       0x00000008   Zero   RW           56    .bss.Anolog_gray_back  mainwork.o
    0x20000088        -       0x00000001   Zero   RW         2324    .bss.B              tcs230.o
    0x20000089        -       0x00000001   Zero   RW           67    .bss.Digtal_gray    mainwork.o
    0x2000008a        -       0x00000001   Zero   RW           68    .bss.Digtal_gray_back  mainwork.o
    0x2000008b        -       0x00000001   Zero   RW         2323    .bss.G              tcs230.o
    0x2000008c        -       0x00000004   Zero   RW          134    .bss.HAL_RCC_ADC345_CLK_ENABLED  adc.o
    0x20000090        -       0x00000004   Zero   RW          164    .bss.HAL_RCC_FDCAN_CLK_ENABLED  fdcan.o
    0x20000094        -       0x00000001   Zero   RW          218    .bss.HAL_UART_RxCpltCallback.i  usart.o
    0x20000095        -       0x00000001   Zero   RW          219    .bss.HAL_UART_RxCpltCallback.j  usart.o
    0x20000096   0x0800b608   0x00000002   PAD
    0x20000098        -       0x00000004   Zero   RW           62    .bss.IMU_read_handle  mainwork.o
    0x2000009c        -       0x00000004   Zero   RW         2916    .bss.KernelState    cmsis_os2.o
    0x200000a0        -       0x00000008   Zero   RW           54    .bss.Normal         mainwork.o
    0x200000a8        -       0x00000008   Zero   RW           57    .bss.Normal_back    mainwork.o
    0x200000b0        -       0x00000001   Zero   RW         2322    .bss.R              tcs230.o
    0x200000b1        -       0x00000001   Zero   RW         2325    .bss.RX_Flag        tcs230.o
    0x200000b2        -       0x00000001   Zero   RW         2327    .bss.RxData         tcs230.o
    0x200000b3   0x0800b608   0x00000001   PAD
    0x200000b4        -       0x00000002   Zero   RW         2306    .bss._max           tcd1103.o
    0x200000b6        -       0x00000002   Zero   RW         2307    .bss._min           tcd1103.o
    0x200000b8        -       0x00000002   Zero   RW         2305    .bss.avg            tcd1103.o
    0x200000ba   0x0800b608   0x00000002   PAD
    0x200000bc        -       0x00000004   Zero   RW         2329    .bss.blue           tcs230.o
    0x200000c0        -       0x00000100   Zero   RW         2298    .bss.ccd_data       tcd1103.o
    0x200001c0        -       0x00000c14   Zero   RW         2297    .bss.ccd_rawdata    tcd1103.o
    0x20000dd4        -       0x00000004   Zero   RW          366    .bss.dc_motor_state  stm32g4xx_it.o
    0x20000dd8        -       0x00000004   Zero   RW           35    .bss.dc_step_distance  mainwork.o
    0x20000ddc        -       0x00000004   Zero   RW           34    .bss.dc_step_flag   mainwork.o
    0x20000de0        -       0x00000004   Zero   RW          116    .bss.defaultTaskHandle  app_freertos.o
    0x20000de4        -       0x00000008   Zero   RW           66    .bss.digital_gray_data  mainwork.o
    0x20000dec        -       0x00000008   Zero   RW           69    .bss.digital_gray_data_back  mainwork.o
    0x20000df4        -       0x00000020   Zero   RW         2219    .bss.encoder_0      dc_motor.o
    0x20000e14        -       0x00000020   Zero   RW         2220    .bss.encoder_1      dc_motor.o
    0x20000e34        -       0x00000004   Zero   RW          361    .bss.encoder_data   stm32g4xx_it.o
    0x20000e38        -       0x00000004   Zero   RW          364    .bss.encoder_l_temp  stm32g4xx_it.o
    0x20000e3c        -       0x00000004   Zero   RW          365    .bss.encoder_r_temp  stm32g4xx_it.o
    0x20000e40        -       0x00000004   Zero   RW          367    .bss.gray_bia       stm32g4xx_it.o
    0x20000e44        -       0x00000004   Zero   RW          369    .bss.gray_bia_back  stm32g4xx_it.o
    0x20000e48        -       0x00000004   Zero   RW          371    .bss.gray_bia_genaral  stm32g4xx_it.o
    0x20000e4c        -       0x00000004   Zero   RW           50    .bss.gray_count     mainwork.o
    0x20000e50        -       0x00000004   Zero   RW           64    .bss.gray_read_handle  mainwork.o
    0x20000e54        -       0x00000004   Zero   RW         2330    .bss.green          tcs230.o
    0x20000e58        -       0x0000006c   Zero   RW          132    .bss.hadc3          adc.o
    0x20000ec4        -       0x0000006c   Zero   RW          133    .bss.hadc4          adc.o
    0x20000f30        -       0x00000060   Zero   RW          135    .bss.hdma_adc3      adc.o
    0x20000f90        -       0x00000060   Zero   RW          136    .bss.hdma_adc4      adc.o
    0x20000ff0        -       0x00000060   Zero   RW          216    .bss.hdma_usart2_rx  usart.o
    0x20001050        -       0x00000060   Zero   RW          217    .bss.hdma_usart2_tx  usart.o
    0x200010b0        -       0x00000064   Zero   RW          162    .bss.hfdcan1        fdcan.o
    0x20001114        -       0x00000064   Zero   RW          163    .bss.hfdcan2        fdcan.o
    0x20001178        -       0x00000054   Zero   RW          183    .bss.hi2c2          i2c.o
    0x200011cc        -       0x00000054   Zero   RW          184    .bss.hi2c3          i2c.o
    0x20001220        -       0x00000054   Zero   RW          185    .bss.hi2c4          i2c.o
    0x20001274        -       0x00000094   Zero   RW          212    .bss.hlpuart1       usart.o
    0x20001308        -       0x000002dc   Zero   RW          312    .bss.hpcd_USB_FS    usb.o
    0x200015e4        -       0x00000064   Zero   RW          240    .bss.hspi1          spi.o
    0x20001648        -       0x00000064   Zero   RW          241    .bss.hspi2          spi.o
    0x200016ac        -       0x00000064   Zero   RW          242    .bss.hspi3          spi.o
    0x20001710        -       0x00000064   Zero   RW          243    .bss.hspi4          spi.o
    0x20001774        -       0x0000004c   Zero   RW          286    .bss.htim1          tim.o
    0x200017c0        -       0x0000004c   Zero   RW          294    .bss.htim15         tim.o
    0x2000180c        -       0x0000004c   Zero   RW          295    .bss.htim16         tim.o
    0x20001858        -       0x0000004c   Zero   RW          296    .bss.htim17         tim.o
    0x200018a4        -       0x0000004c   Zero   RW          287    .bss.htim2          tim.o
    0x200018f0        -       0x0000004c   Zero   RW          297    .bss.htim20         tim.o
    0x2000193c        -       0x0000004c   Zero   RW          288    .bss.htim3          tim.o
    0x20001988        -       0x0000004c   Zero   RW          289    .bss.htim4          tim.o
    0x200019d4        -       0x0000004c   Zero   RW          290    .bss.htim5          tim.o
    0x20001a20        -       0x0000004c   Zero   RW          291    .bss.htim6          tim.o
    0x20001a6c        -       0x0000004c   Zero   RW          292    .bss.htim7          tim.o
    0x20001ab8        -       0x0000004c   Zero   RW          293    .bss.htim8          tim.o
    0x20001b04        -       0x00000094   Zero   RW          213    .bss.huart1         usart.o
    0x20001b98        -       0x00000094   Zero   RW          214    .bss.huart2         usart.o
    0x20001c2c        -       0x00000094   Zero   RW          215    .bss.huart3         usart.o
    0x20001cc0        -       0x00000004   Zero   RW         2299    .bss.icg_flag       tcd1103.o
    0x20001cc4        -       0x00000001   Zero   RW         2284    .bss.idx            bsp_usart.o
    0x20001cc5        -       0x00000001   Zero   RW         2301    .bss.l              tcd1103.o
    0x20001cc6        -       0x00000001   Zero   RW         2303    .bss.l_w            tcd1103.o
    0x20001cc7   0x0800b608   0x00000001   PAD
    0x20001cc8        -       0x00000004   Zero   RW           61    .bss.main_cpp_handle  mainwork.o
    0x20001ccc        -       0x00000004   Zero   RW           28    .bss.main_state     mainwork.o
    0x20001cd0        -       0x00000020   Zero   RW         2217    .bss.motor_0        dc_motor.o
    0x20001cf0        -       0x00000004   Zero   RW          381    .bss.motor_0_active  stm32g4xx_it.o
    0x20001cf4        -       0x00000004   Zero   RW          380    .bss.motor_0_speed  stm32g4xx_it.o
    0x20001cf8        -       0x00000004   Zero   RW           32    .bss.motor_0_user_speed  mainwork.o
    0x20001cfc        -       0x00000020   Zero   RW         2218    .bss.motor_1        dc_motor.o
    0x20001d1c        -       0x00000004   Zero   RW          382    .bss.motor_1_active  stm32g4xx_it.o
    0x20001d20        -       0x00000004   Zero   RW          379    .bss.motor_1_speed  stm32g4xx_it.o
    0x20001d24        -       0x00000004   Zero   RW           33    .bss.motor_1_user_speed  mainwork.o
    0x20001d28        -       0x00000002   Zero   RW           36    .bss.motor_mode     mainwork.o
    0x20001d2a   0x0800b608   0x00000002   PAD
    0x20001d2c        -       0x00000070   Zero   RW         2221    .bss.pid_0          dc_motor.o
    0x20001d9c        -       0x00000070   Zero   RW         2222    .bss.pid_1          dc_motor.o
    0x20001e0c        -       0x00000004   Zero   RW           65    .bss.position_state_manage_handle  mainwork.o
    0x20001e10        -       0x000000a0   Zero   RW         2759    .bss.prvCheckForValidListAndQueue.ucStaticTimerQueueStorage  timers.o
    0x20001eb0        -       0x00000050   Zero   RW         2758    .bss.prvCheckForValidListAndQueue.xStaticTimerQueue  timers.o
    0x20001f00        -       0x00000004   Zero   RW         2755    .bss.prvSampleTimeNow.xLastTime  timers.o
    0x20001f04        -       0x00000004   Zero   RW         2682    .bss.pxCurrentTCB   tasks.o
    0x20001f08        -       0x00000004   Zero   RW         2753    .bss.pxCurrentTimerList  timers.o
    0x20001f0c        -       0x00000004   Zero   RW         2690    .bss.pxDelayedTaskList  tasks.o
    0x20001f10        -       0x00000004   Zero   RW         2941    .bss.pxEnd          heap_4.o
    0x20001f14        -       0x00000004   Zero   RW         2691    .bss.pxOverflowDelayedTaskList  tasks.o
    0x20001f18        -       0x00000004   Zero   RW         2754    .bss.pxOverflowTimerList  timers.o
    0x20001f1c        -       0x00000460   Zero   RW         2693    .bss.pxReadyTasksLists  tasks.o
    0x2000237c        -       0x00000001   Zero   RW         2302    .bss.r              tcd1103.o
    0x2000237d        -       0x00000001   Zero   RW         2304    .bss.r_w            tcd1103.o
    0x2000237e   0x0800b608   0x00000002   PAD
    0x20002380        -       0x00000004   Zero   RW           58    .bss.read_cololr_flag  mainwork.o
    0x20002384        -       0x00000004   Zero   RW           59    .bss.read_color_state  mainwork.o
    0x20002388        -       0x00000001   Zero   RW           46    .bss.real_time_gray_state  mainwork.o
    0x20002389   0x0800b608   0x00000003   PAD
    0x2000238c        -       0x00000004   Zero   RW         2328    .bss.red            tcs230.o
    0x20002390        -       0x00000004   Zero   RW           37    .bss.step_complete_flag  mainwork.o
    0x20002394        -       0x00000004   Zero   RW          373    .bss.step_motor_active  stm32g4xx_it.o
    0x20002398        -       0x00000004   Zero   RW          375    .bss.step_motor_direction  stm32g4xx_it.o
    0x2000239c        -       0x00000004   Zero   RW          374    .bss.step_motor_speed  stm32g4xx_it.o
    0x200023a0        -       0x00000004   Zero   RW          376    .bss.step_motor_state  stm32g4xx_it.o
    0x200023a4        -       0x00000004   Zero   RW          378    .bss.step_motor_temp_count  stm32g4xx_it.o
    0x200023a8        -       0x00000004   Zero   RW           38    .bss.stop_motor_flag  mainwork.o
    0x200023ac        -       0x00000004   Zero   RW           63    .bss.tcs230_read_handle  mainwork.o
    0x200023b0        -       0x00000028   Zero   RW         2326    .bss.tcs_string     tcs230.o
    0x200023d8        -       0x00000004   Zero   RW           41    .bss.turn_state     mainwork.o
    0x200023dc        -       0x00000004   Zero   RW           39    .bss.turn_stop_flag  mainwork.o
    0x200023e0        -       0x0000010c   Zero   RW           90    .bss.uart2          main.o
    0x200024ec        -       0x00000c00   Zero   RW         2948    .bss.ucHeap         heap_4.o
    0x200030ec        -       0x00000001   Zero   RW         2983    .bss.ucMaxSysCallPriority  port.o
    0x200030ed   0x0800b608   0x00000003   PAD
    0x200030f0        -       0x00000004   Zero   RW         2984    .bss.ulMaxPRIGROUPValue  port.o
    0x200030f4        -       0x0000000c   Zero   RW         2283    .bss.usart_instance  bsp_usart.o
    0x20003100        -       0x00000004   Zero   RW          609    .bss.uwTick         stm32g4xx_hal.o
    0x20003104        -       0x00000004   Zero   RW         2686    .bss.uxCurrentNumberOfTasks  tasks.o
    0x20003108        -       0x00000004   Zero   RW         2685    .bss.uxDeletedTasksWaitingCleanUp  tasks.o
    0x2000310c        -       0x00000004   Zero   RW         2688    .bss.uxSchedulerSuspended  tasks.o
    0x20003110        -       0x00000004   Zero   RW         2683    .bss.uxTaskNumber   tasks.o
    0x20003114        -       0x00000004   Zero   RW         2694    .bss.uxTopReadyPriority  tasks.o
    0x20003118        -       0x00000200   Zero   RW         2918    .bss.vApplicationGetIdleTaskMemory.Idle_Stack  cmsis_os2.o
    0x20003318        -       0x0000005c   Zero   RW         2917    .bss.vApplicationGetIdleTaskMemory.Idle_TCB  cmsis_os2.o
    0x20003374        -       0x00000400   Zero   RW         2920    .bss.vApplicationGetTimerTaskMemory.Timer_Stack  cmsis_os2.o
    0x20003774        -       0x0000005c   Zero   RW         2919    .bss.vApplicationGetTimerTaskMemory.Timer_TCB  cmsis_os2.o
    0x200037d0        -       0x00000014   Zero   RW         2756    .bss.xActiveTimerList1  timers.o
    0x200037e4        -       0x00000014   Zero   RW         2757    .bss.xActiveTimerList2  timers.o
    0x200037f8        -       0x00000001   Zero   RW         2942    .bss.xBlockAllocatedBit  heap_4.o
    0x200037f9   0x0800b608   0x00000003   PAD
    0x200037fc        -       0x00000014   Zero   RW         2701    .bss.xDelayedTaskList1  tasks.o
    0x20003810        -       0x00000014   Zero   RW         2702    .bss.xDelayedTaskList2  tasks.o
    0x20003824        -       0x00000004   Zero   RW         2943    .bss.xFreeBytesRemaining  heap_4.o
    0x20003828        -       0x00000004   Zero   RW         2696    .bss.xIdleTaskHandle  tasks.o
    0x2000382c        -       0x00000004   Zero   RW         2945    .bss.xMinimumEverFreeBytesRemaining  heap_4.o
    0x20003830        -       0x00000004   Zero   RW         2697    .bss.xNextTaskUnblockTime  tasks.o
    0x20003834        -       0x00000004   Zero   RW         2700    .bss.xNumOfOverflows  tasks.o
    0x20003838        -       0x00000004   Zero   RW         2946    .bss.xNumberOfSuccessfulAllocations  heap_4.o
    0x2000383c        -       0x00000004   Zero   RW         2947    .bss.xNumberOfSuccessfulFrees  heap_4.o
    0x20003840        -       0x00000004   Zero   RW         2699    .bss.xPendedTicks   tasks.o
    0x20003844        -       0x00000014   Zero   RW         2695    .bss.xPendingReadyList  tasks.o
    0x20003858        -       0x00000040   Zero   RW         2517    .bss.xQueueRegistry  queue.o
    0x20003898        -       0x00000004   Zero   RW         2687    .bss.xSchedulerRunning  tasks.o
    0x2000389c        -       0x00000008   Zero   RW         2944    .bss.xStart         heap_4.o
    0x200038a4        -       0x00000014   Zero   RW         2692    .bss.xSuspendedTaskList  tasks.o
    0x200038b8        -       0x00000014   Zero   RW         2684    .bss.xTasksWaitingTermination  tasks.o
    0x200038cc        -       0x00000004   Zero   RW         2689    .bss.xTickCount     tasks.o
    0x200038d0        -       0x00000004   Zero   RW         2751    .bss.xTimerQueue    timers.o
    0x200038d4        -       0x00000004   Zero   RW         2752    .bss.xTimerTaskHandle  timers.o
    0x200038d8        -       0x00000004   Zero   RW         2698    .bss.xYieldPending  tasks.o
    0x200038dc   0x0800b608   0x00000004   PAD
    0x200038e0        -       0x00000800   Zero   RW            1    STACK               startup_stm32g473xx.o


==============================================================================

Image component sizes


      Code (inc. data)   RO Data    RW Data    ZI Data      Debug   Object Name

       720          0          0          0        412       7982   adc.o
        44          0         48          0          4       2839   app_freertos.o
       330          0          0          0         13       6609   bsp_usart.o
       376          0          0          0       1724      41694   cmsis_os2.o
       406         16          0          0        352       9046   dc_motor.o
       118          0          0          0          0       3945   dma.o
       196          0          0          0          0       6323   encoder.o
       458          0          0          0        204       8622   fdcan.o
       420          0          0          0          0       2607   gpio.o
       298          0          0          0          0       5119   gray.o
       626          0          0          0       3101       5112   heap_4.o
       682          0          0          0        252       7427   i2c.o
       150          0          0          0          0       2238   list.o
       828          8          0         16        268      10376   main.o
      1698        106         23         72        121       6920   mainwork.o
       572          4          0          0          0       4425   pid.o
       798         16          0          4          5       4098   port.o
      1400          0          0          0         64      25226   queue.o
       758          0          0          0        400       6645   spi.o
        36          8        472          0       2048        860   startup_stm32g473xx.o
       198          0          0          8          4       9330   stm32g4xx_hal.o
      2058          0          0          0          0      25277   stm32g4xx_hal_adc.o
       308          0          0          0          0      22446   stm32g4xx_hal_adc_ex.o
       196          0          0          0          0      10899   stm32g4xx_hal_cortex.o
       908          0          0          0          0       8856   stm32g4xx_hal_dma.o
       900          0          0          0          0      22783   stm32g4xx_hal_fdcan.o
       428          0          0          0          0       5212   stm32g4xx_hal_gpio.o
      2170          0          0          0          0      63682   stm32g4xx_hal_i2c.o
       146          0          0          0          0       6565   stm32g4xx_hal_i2c_ex.o
        70          0          0          0          0       3945   stm32g4xx_hal_msp.o
       180          0          0          0          0      15614   stm32g4xx_hal_pcd.o
        42          0          0          0          0       5692   stm32g4xx_hal_pcd_ex.o
       260          0          0          0          0       9243   stm32g4xx_hal_pwr_ex.o
      2156          0          0          0          0      10086   stm32g4xx_hal_rcc.o
       808          0          0          0          0      10989   stm32g4xx_hal_rcc_ex.o
       228          0          0          0          0      23962   stm32g4xx_hal_spi.o
      3616         16          0          0          0      62436   stm32g4xx_hal_tim.o
       454          0          0          0          0      30672   stm32g4xx_hal_tim_ex.o
      5784         46         40          0          0      35526   stm32g4xx_hal_uart.o
       446          0         16          0          0      10827   stm32g4xx_hal_uart_ex.o
      1086         12          0         12         64      12882   stm32g4xx_it.o
        46          0          0          0          0      15130   stm32g4xx_ll_usb.o
        18          0         24          4          0       2782   system_stm32g4xx.o
      2902          8          0          0       1280      39272   tasks.o
       284          0          0          0       3362       1995   tcd1103.o
       208          8          0          0         57       1683   tcs230.o
      3222         10          0          0        912      15819   tim.o
      1172         26          0          0        300      17155   timers.o
      1418         16          0          0        786      11401   usart.o
       138          0          0          0        732       5293   usb.o

    ----------------------------------------------------------------------
     43072        300        656        116      16488     685567   Object Totals
         0          0         32          0          0          0   (incl. Generated)
       308          0          1          0         23          0   (incl. Padding)

    ----------------------------------------------------------------------

      Code (inc. data)   RO Data    RW Data    ZI Data      Debug   Library Member Name

        56          8          0          0          0         84   __0sscanf.o
        28          0          0          0          0         68   _chval.o
       812          4          0          0          0        112   _scanf.o
       332          0          0          0          0         96   _scanf_int.o
        64          0          0          0          0         84   _sgetc.o
        40          6         64          0          0         68   ctype_c.o
         0          0          0          0          0          0   entry.o
         0          0          0          0          0          0   entry10a.o
         0          0          0          0          0          0   entry11a.o
         8          4          0          0          0          0   entry2.o
         4          0          0          0          0          0   entry5.o
         0          0          0          0          0          0   entry7b.o
         0          0          0          0          0          0   entry8b.o
         8          4          0          0          0          0   entry9a.o
        30          0          0          0          0          0   handlers.o
        48         10          0          0          0         68   init.o
        10          0          0          0          0         68   isspace_c.o
         0          0          0          0          0          0   iusefp.o
        30          0          0          0          0         68   llshl.o
        32          0          0          0          0         68   llushr.o
        36          0          0          0          0         68   memcpya.o
        36          0          0          0          0        108   memseta.o
       390         10          0          0          0        252   printf1.o
        36          6          0          0          0         80   puts.o
        40          8          0          0          0         84   scanf_char.o
         0          0          0          4          0          0   stdout.o
        44          0          0          0          0         80   uidiv.o
        98          0          0          0          0         92   uldiv.o
        54          0          0          0          0         80   dcmplt.o
       186          0          0          0          0        176   depilogue.o
        26          0          0          0          0         76   dfltui.o
       228          0          0          0          0         96   dmul.o

    ----------------------------------------------------------------------
      2688         60         64          4          0       1976   Library Totals
        12          0          0          0          0          0   (incl. Padding)

    ----------------------------------------------------------------------

      Code (inc. data)   RO Data    RW Data    ZI Data      Debug   Library Name

      2182         60         64          4          0       1548   mc_w.l
       494          0          0          0          0        428   mf_w.l

    ----------------------------------------------------------------------
      2688         60         64          4          0       1976   Library Totals

    ----------------------------------------------------------------------

==============================================================================


      Code (inc. data)   RO Data    RW Data    ZI Data      Debug   

     45760        360        720        120      16488     685747   Grand Totals
     45760        360        720        120      16488     685747   ELF Image Totals
     45760        360        720        120          0          0   ROM Totals

==============================================================================

    Total RO  Size (Code + RO Data)                46480 (  45.39kB)
    Total RW  Size (RW Data + ZI Data)             16608 (  16.22kB)
    Total ROM Size (Code + RO Data + RW Data)      46600 (  45.51kB)

==============================================================================

