<html>
<body>
<pre>
<h1>µVision Build Log</h1>
<h2>Tool Versions:</h2>
IDE-Version: ¦ÌVision V5.40.0.0
Copyright (C) 2024 ARM Ltd and ARM Germany GmbH. All rights reserved.
License Information: df df, dff, LIC=9WSKC-7ZRYP-Z9IG9-48KJ6-WNZ0F-6SAIC
 
Tool Versions:
Toolchain:       MDK-ARM Plus  Version: 5.40.0.3
Toolchain Path:  D:\keil\MDK\ARM\ARMCLANG\Bin
C Compiler:      ArmClang.exe V6.22
Assembler:       Armasm.exe V6.22
Linker/Locator:  ArmLink.exe V6.22
Library Manager: ArmAr.exe V6.22
Hex Converter:   FromElf.exe V6.22
CPU DLL:         SARMCM3.DLL V5.40.0.3
Dialog DLL:      DCM.DLL V1.17.5.0
Target DLL:      CMSIS_AGDI.dll V1.33.18.0
Dialog DLL:      TCM.DLL V1.56.4.0
 
<h2>Project:</h2>
D:\stmproject\dragonproject\contest\robotwork\RoboWork\loong_1_another\MDK-ARM\origin.uvprojx
Project File Date:  03/10/2025

<h2>Output:</h2>
*** Using Compiler 'V6.22', folder: 'D:\keil\MDK\ARM\ARMCLANG\Bin'
Rebuild target 'origin'
assembling startup_stm32g473xx.s...
compiling adc.c...
compiling i2c.c...
compiling i2s.c...
compiling dma.c...
compiling spi.c...
compiling fdcan.c...
compiling stm32g4xx_hal_msp.c...
compiling stm32g4xx_it.c...
compiling gpio.c...
compiling tim.c...
compiling usart.c...
../Core/Src/main.c(100): warning: passing 'char[128]' to parameter of type 'const uint8_t *' (aka 'const unsigned char *') converts between pointers to integer types where one is of the unique plain 'char' type and the other is not [-Wpointer-sign]
  100 |          HAL_UART_Transmit(&huart1, t, strlen(t), 1000);
      |                                     ^
../Drivers/STM32G4xx_HAL_Driver/Inc\stm32g4xx_hal_uart.h(1633): note: passing argument to parameter 'pData' here
 1633 | HAL_StatusTypeDef HAL_UART_Transmit(UART_HandleTypeDef *huart, const uint8_t *pData, uint16_t Size, uint32_t Timeout);
      |                                                                               ^
1 warning generated.
compiling main.c...
compiling stm32g4xx_hal_adc_ex.c...
compiling stm32g4xx_hal_adc.c...
compiling stm32g4xx_ll_adc.c...
compiling stm32g4xx_hal.c...
compiling stm32g4xx_hal_flash_ramfunc.c...
compiling stm32g4xx_hal_rcc.c...
compiling stm32g4xx_hal_gpio.c...
compiling stm32g4xx_hal_rcc_ex.c...
compiling stm32g4xx_hal_flash.c...
compiling stm32g4xx_hal_flash_ex.c...
compiling stm32g4xx_hal_exti.c...
compiling stm32g4xx_hal_dma_ex.c...
compiling stm32g4xx_hal_dma.c...
compiling stm32g4xx_hal_pwr.c...
compiling stm32g4xx_hal_pwr_ex.c...
compiling stm32g4xx_hal_cortex.c...
compiling stm32g4xx_hal_fdcan.c...
compiling stm32g4xx_hal_i2c_ex.c...
compiling stm32g4xx_hal_spi_ex.c...
compiling stm32g4xx_hal_i2s.c...
compiling system_stm32g4xx.c...
compiling stm32g4xx_hal_uart_ex.c...
compiling bsp_IR_i2c.c...
compiling stm32g4xx_hal_spi.c...
compiling pid.c...
../Device/Src/motor.c(80): warning: relational comparison result unused [-Wunused-comparison]
   80 |     for(int i=0; i++; i<=drift)
      |                       ~^~~~~~~
1 warning generated.
compiling motor.c...
compiling stm32g4xx_hal_i2c.c...
compiling stm32g4xx_hal_tim_ex.c...
compiling tcs230.c...
compiling TSL1401.c...
compiling stm32g4xx_hal_uart.c...
compiling stm32g4xx_hal_tim.c...
linking...
Program Size: Code=49996 RO-data=680 RW-data=16 ZI-data=6608  
FromELF: creating hex file...
"origin\origin.axf" - 0 Error(s), 2 Warning(s).

<h2>Software Packages used:</h2>

Package Vendor: ARM
                https://www.keil.com/pack/ARM.CMSIS.6.1.0.pack
                ARM::CMSIS@6.1.0
                CMSIS (Common Microcontroller Software Interface Standard)
   * Component: CORE Version: 6.1.0

Package Vendor: Keil
                https://www.keil.com/pack/Keil.STM32G4xx_DFP.1.6.0.pack
                Keil::STM32G4xx_DFP@1.6.0
                STMicroelectronics STM32G4 Series Device Support, Drivers and Examples

<h2>Collection of Component include folders:</h2>
  ./RTE/_origin
  D:/keil/Pack/ARM/CMSIS/6.1.0/CMSIS/Core/Include
  D:/keil/Pack/Keil/STM32G4xx_DFP/1.6.0/Drivers/CMSIS/Device/ST/STM32G4xx/Include

<h2>Collection of Component Files used:</h2>

   * Component: ARM::CMSIS:CORE@6.1.0
      Include file:  CMSIS/Core/Include/tz_context.h
Build Time Elapsed:  00:00:02
</pre>
</body>
</html>
