Component: Arm Compiler for Embedded 6.22 Tool: armlink [5ee90200]

==============================================================================

Section Cross References

    startup_stm32g473xx.o(RESET) refers to startup_stm32g473xx.o(STACK) for __initial_sp
    startup_stm32g473xx.o(RESET) refers to startup_stm32g473xx.o(.text) for Reset_Handler
    startup_stm32g473xx.o(RESET) refers to stm32g4xx_it.o(.text.NMI_Handler) for NMI_Handler
    startup_stm32g473xx.o(RESET) refers to stm32g4xx_it.o(.text.HardFault_Handler) for HardFault_Handler
    startup_stm32g473xx.o(RESET) refers to stm32g4xx_it.o(.text.MemManage_Handler) for MemManage_Handler
    startup_stm32g473xx.o(RESET) refers to stm32g4xx_it.o(.text.BusFault_Handler) for BusFault_Handler
    startup_stm32g473xx.o(RESET) refers to stm32g4xx_it.o(.text.UsageFault_Handler) for UsageFault_Handler
    startup_stm32g473xx.o(RESET) refers to port.o(.text.SVC_Handler) for SVC_Handler
    startup_stm32g473xx.o(RESET) refers to stm32g4xx_it.o(.text.DebugMon_Handler) for DebugMon_Handler
    startup_stm32g473xx.o(RESET) refers to port.o(.text.PendSV_Handler) for PendSV_Handler
    startup_stm32g473xx.o(RESET) refers to stm32g4xx_it.o(.text.SysTick_Handler) for SysTick_Handler
    startup_stm32g473xx.o(RESET) refers to stm32g4xx_it.o(.text.FDCAN1_IT0_IRQHandler) for FDCAN1_IT0_IRQHandler
    startup_stm32g473xx.o(RESET) refers to stm32g4xx_it.o(.text.TIM1_BRK_TIM15_IRQHandler) for TIM1_BRK_TIM15_IRQHandler
    startup_stm32g473xx.o(RESET) refers to stm32g4xx_it.o(.text.TIM1_UP_TIM16_IRQHandler) for TIM1_UP_TIM16_IRQHandler
    startup_stm32g473xx.o(RESET) refers to stm32g4xx_it.o(.text.TIM1_TRG_COM_TIM17_IRQHandler) for TIM1_TRG_COM_TIM17_IRQHandler
    startup_stm32g473xx.o(RESET) refers to stm32g4xx_it.o(.text.USART1_IRQHandler) for USART1_IRQHandler
    startup_stm32g473xx.o(RESET) refers to stm32g4xx_it.o(.text.FDCAN2_IT1_IRQHandler) for FDCAN2_IT1_IRQHandler
    startup_stm32g473xx.o(.text) refers to system_stm32g4xx.o(.text.SystemInit) for SystemInit
    startup_stm32g473xx.o(.text) refers to entry.o(.ARM.Collect$$$$00000000) for __main
    mainwork.o(.text.main_work) refers to usart.o(.bss.huart1) for huart1
    mainwork.o(.text.main_work) refers to tcs230.o(.bss.RxData) for RxData
    mainwork.o(.text.main_work) refers to stm32g4xx_hal_uart.o(.text.HAL_UART_Receive_IT) for HAL_UART_Receive_IT
    mainwork.o(.text.main_work) refers to mainwork.o(.rodata.str1.1) for .Lstr.13
    mainwork.o(.text.main_work) refers to puts.o(i.puts) for puts
    mainwork.o(.text.main_work) refers to mainwork.o(.bss..L_MergedGlobals) for .L_MergedGlobals
    mainwork.o(.text.main_work) refers to mainwork.o(.text.OnChassicControl) for OnChassicControl
    mainwork.o(.text.main_work) refers to tasks.o(.text.xTaskCreate) for xTaskCreate
    mainwork.o(.text.main_work) refers to mainwork.o(.text.Onmaincpp) for Onmaincpp
    mainwork.o(.text.main_work) refers to mainwork.o(.text.OnPlannerUpdate) for OnPlannerUpdate
    mainwork.o(.text.main_work) refers to mainwork.o(.text.IMU_Read_task) for IMU_Read_task
    mainwork.o(.text.main_work) refers to mainwork.o(.text.LCD_Show_task) for LCD_Show_task
    mainwork.o(.text.main_work) refers to mainwork.o(.text.tcs230_read_task) for tcs230_read_task
    mainwork.o(.text.main_work) refers to mainwork.o(.text.gray_read_task) for gray_read_task
    mainwork.o(.text.main_work) refers to mainwork.o(.text.wheel_state_read_task) for wheel_state_read_task
    mainwork.o(.ARM.exidx.text.main_work) refers to mainwork.o(.text.main_work) for [Anonymous Symbol]
    mainwork.o(.text.OnChassicControl) refers to tasks.o(.text.vTaskDelay) for vTaskDelay
    mainwork.o(.ARM.exidx.text.OnChassicControl) refers to mainwork.o(.text.OnChassicControl) for [Anonymous Symbol]
    mainwork.o(.text.Onmaincpp) refers to tasks.o(.text.vTaskDelay) for vTaskDelay
    mainwork.o(.ARM.exidx.text.Onmaincpp) refers to mainwork.o(.text.Onmaincpp) for [Anonymous Symbol]
    mainwork.o(.text.OnPlannerUpdate) refers to tasks.o(.text.vTaskDelay) for vTaskDelay
    mainwork.o(.ARM.exidx.text.OnPlannerUpdate) refers to mainwork.o(.text.OnPlannerUpdate) for [Anonymous Symbol]
    mainwork.o(.text.IMU_Read_task) refers to tasks.o(.text.vTaskDelay) for vTaskDelay
    mainwork.o(.ARM.exidx.text.IMU_Read_task) refers to mainwork.o(.text.IMU_Read_task) for [Anonymous Symbol]
    mainwork.o(.text.LCD_Show_task) refers to tasks.o(.text.vTaskDelay) for vTaskDelay
    mainwork.o(.ARM.exidx.text.LCD_Show_task) refers to mainwork.o(.text.LCD_Show_task) for [Anonymous Symbol]
    mainwork.o(.text.tcs230_read_task) refers to mainwork.o(.bss..L_MergedGlobals) for .L_MergedGlobals
    mainwork.o(.text.tcs230_read_task) refers to tasks.o(.text.vTaskDelay) for vTaskDelay
    mainwork.o(.text.tcs230_read_task) refers to tcs230.o(.text.Color_Recognize) for Color_Recognize
    mainwork.o(.ARM.exidx.text.tcs230_read_task) refers to mainwork.o(.text.tcs230_read_task) for [Anonymous Symbol]
[...]
    pxDelayedTaskList                        0x20000108   Data           4  tasks.o(.bss..L_MergedGlobals)
    pxOverflowDelayedTaskList                0x2000010c   Data           4  tasks.o(.bss..L_MergedGlobals)
    xNumOfOverflows                          0x20000110   Data           4  tasks.o(.bss..L_MergedGlobals)
    xTasksWaitingTermination                 0x20000114   Data          20  tasks.o(.bss..L_MergedGlobals)
    xSuspendedTaskList                       0x20000128   Data          20  tasks.o(.bss..L_MergedGlobals)
    xPendingReadyList                        0x2000013c   Data          20  tasks.o(.bss..L_MergedGlobals)
    .L_MergedGlobals                         0x20000150   Data          32  heap_4.o(.bss..L_MergedGlobals)
    xBlockAllocatedBit                       0x20000150   Data           1  heap_4.o(.bss..L_MergedGlobals)
    [Anonymous Symbol]                       0x20000150   Section        0  heap_4.o(.bss..L_MergedGlobals)
    pxEnd                                    0x20000154   Data           4  heap_4.o(.bss..L_MergedGlobals)
    xFreeBytesRemaining                      0x20000158   Data           4  heap_4.o(.bss..L_MergedGlobals)
    xMinimumEverFreeBytesRemaining           0x2000015c   Data           4  heap_4.o(.bss..L_MergedGlobals)
    xNumberOfSuccessfulAllocations           0x20000160   Data           4  heap_4.o(.bss..L_MergedGlobals)
    xNumberOfSuccessfulFrees                 0x20000164   Data           4  heap_4.o(.bss..L_MergedGlobals)
    xStart                                   0x20000168   Data           8  heap_4.o(.bss..L_MergedGlobals)
    .L_MergedGlobals                         0x20000170   Data           8  port.o(.bss..L_MergedGlobals)
    ucMaxSysCallPriority                     0x20000170   Data           1  port.o(.bss..L_MergedGlobals)
    [Anonymous Symbol]                       0x20000170   Section        0  port.o(.bss..L_MergedGlobals)
    ulMaxPRIGROUPValue                       0x20000174   Data           4  port.o(.bss..L_MergedGlobals)
    .L_MergedGlobals.2                       0x20000178   Data          40  tasks.o(.bss..L_MergedGlobals.2)
    xDelayedTaskList1                        0x20000178   Data          20  tasks.o(.bss..L_MergedGlobals.2)
    [Anonymous Symbol]                       0x20000178   Section        0  tasks.o(.bss..L_MergedGlobals.2)
    xDelayedTaskList2                        0x2000018c   Data          20  tasks.o(.bss..L_MergedGlobals.2)
    HAL_RCC_FDCAN_CLK_ENABLED                0x200001a0   Data           4  fdcan.o(.bss.HAL_RCC_FDCAN_CLK_ENABLED)
    [Anonymous Symbol]                       0x200001a0   Section        0  fdcan.o(.bss.HAL_RCC_FDCAN_CLK_ENABLED)
    pxReadyTasksLists                        0x20000d78   Data         140  tasks.o(.bss.pxReadyTasksLists)
    [Anonymous Symbol]                       0x20000d78   Section        0  tasks.o(.bss.pxReadyTasksLists)
    ucHeap                                   0x20000e30   Data       15360  heap_4.o(.bss.ucHeap)
    [Anonymous Symbol]                       0x20000e30   Section        0  heap_4.o(.bss.ucHeap)
    xIdleStack                               0x20004a34   Data         512  app_freertos.o(.bss.xIdleStack)
    [Anonymous Symbol]                       0x20004a34   Section        0  app_freertos.o(.bss.xIdleStack)
    xIdleTaskTCBBuffer                       0x20004c34   Data          84  app_freertos.o(.bss.xIdleTaskTCBBuffer)
    [Anonymous Symbol]                       0x20004c34   Section        0  app_freertos.o(.bss.xIdleTaskTCBBuffer)
    STACK                                    0x20004c88   Section     4096  startup_stm32g473xx.o(STACK)

    Global Symbols

    Symbol Name                              Value     Ov Type        Size  Object(Section)

    BuildAttributes$$THM_ISAv4$E$P$D$K$B$S$7EM$VFPi3$EXTD16$VFPS$VFMA$PE$A:L22UL41UL21$X:L11$S22US41US21$IEEE1$IW$~IW$USESV6$~STKCKD$USESV7$~SHL$OTIME$ROPI$EBA8$MICROLIB$REQ8$PRES8$EABIv2 0x00000000   Number         0  anon$$obj.o ABSOLUTE
    __cpp_initialize__aeabi_                  - Undefined Weak Reference
    __cxa_finalize                            - Undefined Weak Reference
    __decompress                              - Undefined Weak Reference
    _clock_init                               - Undefined Weak Reference
    _microlib_exit                            - Undefined Weak Reference
    _scanf_longlong                           - Undefined Weak Reference
    _scanf_real                               - Undefined Weak Reference
    _scanf_string                             - Undefined Weak Reference
    __Vectors_Size                           0x000001d8   Number         0  startup_stm32g473xx.o ABSOLUTE
    __Vectors                                0x08000000   Data           4  startup_stm32g473xx.o(RESET)
    __Vectors_End                            0x080001d8   Data           0  startup_stm32g473xx.o(RESET)
    __main                                   0x080001d9   Thumb Code     0  entry.o(.ARM.Collect$$$$00000000)
    _main_stk                                0x080001d9   Thumb Code     0  entry2.o(.ARM.Collect$$$$00000001)
    _main_scatterload                        0x080001dd   Thumb Code     0  entry5.o(.ARM.Collect$$$$00000004)
    __main_after_scatterload                 0x080001e1   Thumb Code     0  entry5.o(.ARM.Collect$$$$00000004)
    _main_clock                              0x080001e1   Thumb Code     0  entry7b.o(.ARM.Collect$$$$00000008)
    _main_cpp_init                           0x080001e1   Thumb Code     0  entry8b.o(.ARM.Collect$$$$0000000A)
    _main_init                               0x080001e1   Thumb Code     0  entry9a.o(.ARM.Collect$$$$0000000B)
    __rt_final_cpp                           0x080001e9   Thumb Code     0  entry10a.o(.ARM.Collect$$$$0000000D)
    __rt_final_exit                          0x080001e9   Thumb Code     0  entry11a.o(.ARM.Collect$$$$0000000F)
    Reset_Handler                            0x080001ed   Thumb Code     8  startup_stm32g473xx.o(.text)
    ADC1_2_IRQHandler                        0x08000207   Thumb Code     0  startup_stm32g473xx.o(.text)
    ADC3_IRQHandler                          0x08000207   Thumb Code     0  startup_stm32g473xx.o(.text)
    ADC4_IRQHandler                          0x08000207   Thumb Code     0  startup_stm32g473xx.o(.text)
    ADC5_IRQHandler                          0x08000207   Thumb Code     0  startup_stm32g473xx.o(.text)
    COMP1_2_3_IRQHandler                     0x08000207   Thumb Code     0  startup_stm32g473xx.o(.text)
    COMP4_5_6_IRQHandler                     0x08000207   Thumb Code     0  startup_stm32g473xx.o(.text)
    COMP7_IRQHandler                         0x08000207   Thumb Code     0  startup_stm32g473xx.o(.text)
    CORDIC_IRQHandler                        0x08000207   Thumb Code     0  startup_stm32g473xx.o(.text)
    CRS_IRQHandler                           0x08000207   Thumb Code     0  startup_stm32g473xx.o(.text)
    DMA1_Channel1_IRQHandler                 0x08000207   Thumb Code     0  startup_stm32g473xx.o(.text)
    DMA1_Channel2_IRQHandler                 0x08000207   Thumb Code     0  startup_stm32g473xx.o(.text)
    DMA1_Channel3_IRQHandler                 0x08000207   Thumb Code     0  startup_stm32g473xx.o(.text)
    DMA1_Channel4_IRQHandler                 0x08000207   Thumb Code     0  startup_stm32g473xx.o(.text)
    DMA1_Channel5_IRQHandler                 0x08000207   Thumb Code     0  startup_stm32g473xx.o(.text)
    DMA1_Channel6_IRQHandler                 0x08000207   Thumb Code     0  startup_stm32g473xx.o(.text)
    DMA1_Channel7_IRQHandler                 0x08000207   Thumb Code     0  startup_stm32g473xx.o(.text)
    DMA1_Channel8_IRQHandler                 0x08000207   Thumb Code     0  startup_stm32g473xx.o(.text)
    DMA2_Channel1_IRQHandler                 0x08000207   Thumb Code     0  startup_stm32g473xx.o(.text)
    DMA2_Channel2_IRQHandler                 0x08000207   Thumb Code     0  startup_stm32g473xx.o(.text)
    DMA2_Channel3_IRQHandler                 0x08000207   Thumb Code     0  startup_stm32g473xx.o(.text)
    DMA2_Channel4_IRQHandler                 0x08000207   Thumb Code     0  startup_stm32g473xx.o(.text)
    DMA2_Channel5_IRQHandler                 0x08000207   Thumb Code     0  startup_stm32g473xx.o(.text)
    DMA2_Channel6_IRQHandler                 0x08000207   Thumb Code     0  startup_stm32g473xx.o(.text)
    DMA2_Channel7_IRQHandler                 0x08000207   Thumb Code     0  startup_stm32g473xx.o(.text)
    DMA2_Channel8_IRQHandler                 0x08000207   Thumb Code     0  startup_stm32g473xx.o(.text)
    DMAMUX_OVR_IRQHandler                    0x08000207   Thumb Code     0  startup_stm32g473xx.o(.text)
    EXTI0_IRQHandler                         0x08000207   Thumb Code     0  startup_stm32g473xx.o(.text)
    EXTI15_10_IRQHandler                     0x08000207   Thumb Code     0  startup_stm32g473xx.o(.text)
    EXTI1_IRQHandler                         0x08000207   Thumb Code     0  startup_stm32g473xx.o(.text)
    EXTI2_IRQHandler                         0x08000207   Thumb Code     0  startup_stm32g473xx.o(.text)
    EXTI3_IRQHandler                         0x08000207   Thumb Code     0  startup_stm32g473xx.o(.text)
    EXTI4_IRQHandler                         0x08000207   Thumb Code     0  startup_stm32g473xx.o(.text)
    EXTI9_5_IRQHandler                       0x08000207   Thumb Code     0  startup_stm32g473xx.o(.text)
    FDCAN1_IT1_IRQHandler                    0x08000207   Thumb Code     0  startup_stm32g473xx.o(.text)
    FDCAN2_IT0_IRQHandler                    0x08000207   Thumb Code     0  startup_stm32g473xx.o(.text)
    FDCAN3_IT0_IRQHandler                    0x08000207   Thumb Code     0  startup_stm32g473xx.o(.text)
    FDCAN3_IT1_IRQHandler                    0x08000207   Thumb Code     0  startup_stm32g473xx.o(.text)
    FLASH_IRQHandler                         0x08000207   Thumb Code     0  startup_stm32g473xx.o(.text)
    FMAC_IRQHandler                          0x08000207   Thumb Code     0  startup_stm32g473xx.o(.text)
    FMC_IRQHandler                           0x08000207   Thumb Code     0  startup_stm32g473xx.o(.text)
    FPU_IRQHandler                           0x08000207   Thumb Code     0  startup_stm32g473xx.o(.text)
    I2C1_ER_IRQHandler                       0x08000207   Thumb Code     0  startup_stm32g473xx.o(.text)
    I2C1_EV_IRQHandler                       0x08000207   Thumb Code     0  startup_stm32g473xx.o(.text)
    I2C2_ER_IRQHandler                       0x08000207   Thumb Code     0  startup_stm32g473xx.o(.text)
    I2C2_EV_IRQHandler                       0x08000207   Thumb Code     0  startup_stm32g473xx.o(.text)
    I2C3_ER_IRQHandler                       0x08000207   Thumb Code     0  startup_stm32g473xx.o(.text)
    I2C3_EV_IRQHandler                       0x08000207   Thumb Code     0  startup_stm32g473xx.o(.text)
    I2C4_ER_IRQHandler                       0x08000207   Thumb Code     0  startup_stm32g473xx.o(.text)
    I2C4_EV_IRQHandler                       0x08000207   Thumb Code     0  startup_stm32g473xx.o(.text)
    LPTIM1_IRQHandler                        0x08000207   Thumb Code     0  startup_stm32g473xx.o(.text)
    LPUART1_IRQHandler                       0x08000207   Thumb Code     0  startup_stm32g473xx.o(.text)
    PVD_PVM_IRQHandler                       0x08000207   Thumb Code     0  startup_stm32g473xx.o(.text)
    QUADSPI_IRQHandler                       0x08000207   Thumb Code     0  startup_stm32g473xx.o(.text)
    RCC_IRQHandler                           0x08000207   Thumb Code     0  startup_stm32g473xx.o(.text)
    RNG_IRQHandler                           0x08000207   Thumb Code     0  startup_stm32g473xx.o(.text)
    RTC_Alarm_IRQHandler                     0x08000207   Thumb Code     0  startup_stm32g473xx.o(.text)
    RTC_TAMP_LSECSS_IRQHandler               0x08000207   Thumb Code     0  startup_stm32g473xx.o(.text)
    RTC_WKUP_IRQHandler                      0x08000207   Thumb Code     0  startup_stm32g473xx.o(.text)
    SAI1_IRQHandler                          0x08000207   Thumb Code     0  startup_stm32g473xx.o(.text)
    SPI1_IRQHandler                          0x08000207   Thumb Code     0  startup_stm32g473xx.o(.text)
    SPI2_IRQHandler                          0x08000207   Thumb Code     0  startup_stm32g473xx.o(.text)
    SPI3_IRQHandler                          0x08000207   Thumb Code     0  startup_stm32g473xx.o(.text)
    SPI4_IRQHandler                          0x08000207   Thumb Code     0  startup_stm32g473xx.o(.text)
    TIM1_CC_IRQHandler                       0x08000207   Thumb Code     0  startup_stm32g473xx.o(.text)
    TIM20_BRK_IRQHandler                     0x08000207   Thumb Code     0  startup_stm32g473xx.o(.text)
    TIM20_CC_IRQHandler                      0x08000207   Thumb Code     0  startup_stm32g473xx.o(.text)
    TIM20_TRG_COM_IRQHandler                 0x08000207   Thumb Code     0  startup_stm32g473xx.o(.text)
    TIM20_UP_IRQHandler                      0x08000207   Thumb Code     0  startup_stm32g473xx.o(.text)
    TIM2_IRQHandler                          0x08000207   Thumb Code     0  startup_stm32g473xx.o(.text)
    TIM3_IRQHandler                          0x08000207   Thumb Code     0  startup_stm32g473xx.o(.text)
    TIM4_IRQHandler                          0x08000207   Thumb Code     0  startup_stm32g473xx.o(.text)
    TIM5_IRQHandler                          0x08000207   Thumb Code     0  startup_stm32g473xx.o(.text)
    TIM6_DAC_IRQHandler                      0x08000207   Thumb Code     0  startup_stm32g473xx.o(.text)
    TIM7_DAC_IRQHandler                      0x08000207   Thumb Code     0  startup_stm32g473xx.o(.text)
    TIM8_BRK_IRQHandler                      0x08000207   Thumb Code     0  startup_stm32g473xx.o(.text)
    TIM8_CC_IRQHandler                       0x08000207   Thumb Code     0  startup_stm32g473xx.o(.text)
    TIM8_TRG_COM_IRQHandler                  0x08000207   Thumb Code     0  startup_stm32g473xx.o(.text)
    TIM8_UP_IRQHandler                       0x08000207   Thumb Code     0  startup_stm32g473xx.o(.text)
    UART4_IRQHandler                         0x08000207   Thumb Code     0  startup_stm32g473xx.o(.text)
    UART5_IRQHandler                         0x08000207   Thumb Code     0  startup_stm32g473xx.o(.text)
    UCPD1_IRQHandler                         0x08000207   Thumb Code     0  startup_stm32g473xx.o(.text)
    USART2_IRQHandler                        0x08000207   Thumb Code     0  startup_stm32g473xx.o(.text)
    USART3_IRQHandler                        0x08000207   Thumb Code     0  startup_stm32g473xx.o(.text)
    USBWakeUp_IRQHandler                     0x08000207   Thumb Code     0  startup_stm32g473xx.o(.text)
    USB_HP_IRQHandler                        0x08000207   Thumb Code     0  startup_stm32g473xx.o(.text)
    USB_LP_IRQHandler                        0x08000207   Thumb Code     0  startup_stm32g473xx.o(.text)
    WWDG_IRQHandler                          0x08000207   Thumb Code     0  startup_stm32g473xx.o(.text)
    __aeabi_uldivmod                         0x08000211   Thumb Code    98  uldiv.o(.text)
    __aeabi_memcpy                           0x08000273   Thumb Code    36  memcpya.o(.text)
    __aeabi_memcpy4                          0x08000273   Thumb Code     0  memcpya.o(.text)
    __aeabi_memcpy8                          0x08000273   Thumb Code     0  memcpya.o(.text)
    __aeabi_memset                           0x08000297   Thumb Code    14  memseta.o(.text)
    __aeabi_memset4                          0x08000297   Thumb Code     0  memseta.o(.text)
    __aeabi_memset8                          0x08000297   Thumb Code     0  memseta.o(.text)
    __aeabi_memclr                           0x080002a5   Thumb Code     4  memseta.o(.text)
    __aeabi_memclr4                          0x080002a5   Thumb Code     0  memseta.o(.text)
    __aeabi_memclr8                          0x080002a5   Thumb Code     0  memseta.o(.text)
    _memset$wrapper                          0x080002a9   Thumb Code    18  memseta.o(.text)
    __0sscanf                                0x080002bd   Thumb Code    48  __0sscanf.o(.text)
    _scanf_int                               0x080002f5   Thumb Code   332  _scanf_int.o(.text)
    __aeabi_dmul                             0x08000441   Thumb Code   228  dmul.o(.text)
    __aeabi_dcmplt                           0x08000525   Thumb Code    54  dcmplt.o(.text)
    __aeabi_ui2d                             0x0800055b   Thumb Code    26  dfltui.o(.text)
    __aeabi_llsl                             0x08000575   Thumb Code    30  llshl.o(.text)
    _ll_shift_l                              0x08000575   Thumb Code     0  llshl.o(.text)
    __aeabi_llsr                             0x08000593   Thumb Code    32  llushr.o(.text)
    _ll_ushift_r                             0x08000593   Thumb Code     0  llushr.o(.text)
    _chval                                   0x080005b3   Thumb Code    28  _chval.o(.text)
    __vfscanf_char                           0x080005dd   Thumb Code    20  scanf_char.o(.text)
    _sgetc                                   0x080005f9   Thumb Code    30  _sgetc.o(.text)
    _sbackspace                              0x08000617   Thumb Code    34  _sgetc.o(.text)
    __I$use$fp                               0x08000639   Thumb Code     0  iusefp.o(.text)
    _double_round                            0x08000639   Thumb Code    30  depilogue.o(.text)
    _double_epilogue                         0x08000657   Thumb Code   156  depilogue.o(.text)
    __scatterload                            0x080006f5   Thumb Code    38  init.o(.text)
    __scatterload_rt2                        0x080006f5   Thumb Code     0  init.o(.text)
    isspace                                  0x08000725   Thumb Code    10  isspace_c.o(.text)
    __vfscanf                                0x08000731   Thumb Code   808  _scanf.o(.text)
    __ctype_lookup                           0x08000a5d   Thumb Code    34  ctype_c.o(.text)
    BusFault_Handler                         0x08000a85   Thumb Code     2  stm32g4xx_it.o(.text.BusFault_Handler)
    Color_Recognize                          0x08000a89   Thumb Code   424  tcs230.o(.text.Color_Recognize)
    DebugMon_Handler                         0x08000c39   Thumb Code     2  stm32g4xx_it.o(.text.DebugMon_Handler)
    Error_Handler                            0x08000c3d   Thumb Code    10  main.o(.text.Error_Handler)
    FDCAN1_IT0_IRQHandler                    0x08000c49   Thumb Code    12  stm32g4xx_it.o(.text.FDCAN1_IT0_IRQHandler)
    FDCAN2_IT1_IRQHandler                    0x08000c55   Thumb Code    12  stm32g4xx_it.o(.text.FDCAN2_IT1_IRQHandler)
    HAL_DMA_Abort                            0x08000c61   Thumb Code   112  stm32g4xx_hal_dma.o(.text.HAL_DMA_Abort)
    HAL_DMA_Abort_IT                         0x08000cd1   Thumb Code   128  stm32g4xx_hal_dma.o(.text.HAL_DMA_Abort_IT)
    HAL_DMA_Start_IT                         0x08000d51   Thumb Code   232  stm32g4xx_hal_dma.o(.text.HAL_DMA_Start_IT)
    HAL_Delay                                0x08000e39   Thumb Code    40  stm32g4xx_hal.o(.text.HAL_Delay)
    HAL_FDCAN_ErrorCallback                  0x08000e61   Thumb Code     2  stm32g4xx_hal_fdcan.o(.text.HAL_FDCAN_ErrorCallback)
    HAL_FDCAN_ErrorStatusCallback            0x08000e65   Thumb Code     2  stm32g4xx_hal_fdcan.o(.text.HAL_FDCAN_ErrorStatusCallback)
    HAL_FDCAN_GetRxFifoFillLevel             0x08000e69   Thumb Code    18  stm32g4xx_hal_fdcan.o(.text.HAL_FDCAN_GetRxFifoFillLevel)
    HAL_FDCAN_GetRxMessage                   0x08000e7d   Thumb Code   342  stm32g4xx_hal_fdcan.o(.text.HAL_FDCAN_GetRxMessage)
    HAL_FDCAN_HighPriorityMessageCallback    0x08000fd5   Thumb Code     2  stm32g4xx_hal_fdcan.o(.text.HAL_FDCAN_HighPriorityMessageCallback)
    HAL_FDCAN_IRQHandler                     0x08000fd9   Thumb Code   378  stm32g4xx_hal_fdcan.o(.text.HAL_FDCAN_IRQHandler)
    HAL_FDCAN_Init                           0x08001155   Thumb Code   614  stm32g4xx_hal_fdcan.o(.text.HAL_FDCAN_Init)
    HAL_FDCAN_MspInit                        0x080013bd   Thumb Code   298  fdcan.o(.text.HAL_FDCAN_MspInit)
    HAL_FDCAN_RxFifo0Callback                0x080014e9   Thumb Code   204  bsp_fdcan.o(.text.HAL_FDCAN_RxFifo0Callback)
    HAL_FDCAN_RxFifo1Callback                0x080015b5   Thumb Code   204  bsp_fdcan.o(.text.HAL_FDCAN_RxFifo1Callback)
    HAL_FDCAN_TimeoutOccurredCallback        0x08001681   Thumb Code     2  stm32g4xx_hal_fdcan.o(.text.HAL_FDCAN_TimeoutOccurredCallback)
    HAL_FDCAN_TimestampWraparoundCallback    0x08001685   Thumb Code     2  stm32g4xx_hal_fdcan.o(.text.HAL_FDCAN_TimestampWraparoundCallback)
    HAL_FDCAN_TxBufferAbortCallback          0x08001689   Thumb Code     2  stm32g4xx_hal_fdcan.o(.text.HAL_FDCAN_TxBufferAbortCallback)
    HAL_FDCAN_TxBufferCompleteCallback       0x0800168d   Thumb Code     2  stm32g4xx_hal_fdcan.o(.text.HAL_FDCAN_TxBufferCompleteCallback)
    HAL_FDCAN_TxEventFifoCallback            0x08001691   Thumb Code     2  stm32g4xx_hal_fdcan.o(.text.HAL_FDCAN_TxEventFifoCallback)
    HAL_FDCAN_TxFifoEmptyCallback            0x08001695   Thumb Code     2  stm32g4xx_hal_fdcan.o(.text.HAL_FDCAN_TxFifoEmptyCallback)
    HAL_GPIO_Init                            0x08001699   Thumb Code   434  stm32g4xx_hal_gpio.o(.text.HAL_GPIO_Init)
    HAL_GPIO_WritePin                        0x0800184d   Thumb Code    12  stm32g4xx_hal_gpio.o(.text.HAL_GPIO_WritePin)
    HAL_GetTick                              0x08001859   Thumb Code    12  stm32g4xx_hal.o(.text.HAL_GetTick)
    HAL_I2CEx_ConfigAnalogFilter             0x08001865   Thumb Code    74  stm32g4xx_hal_i2c_ex.o(.text.HAL_I2CEx_ConfigAnalogFilter)
    HAL_I2CEx_ConfigDigitalFilter            0x080018b1   Thumb Code    72  stm32g4xx_hal_i2c_ex.o(.text.HAL_I2CEx_ConfigDigitalFilter)
    HAL_I2C_Init                             0x080018f9   Thumb Code   176  stm32g4xx_hal_i2c.o(.text.HAL_I2C_Init)
    HAL_I2C_Mem_Read                         0x080019a9   Thumb Code   580  stm32g4xx_hal_i2c.o(.text.HAL_I2C_Mem_Read)
    HAL_I2C_Mem_Write                        0x08001bed   Thumb Code   572  stm32g4xx_hal_i2c.o(.text.HAL_I2C_Mem_Write)
    HAL_I2C_MspInit                          0x08001e29   Thumb Code   352  i2c.o(.text.HAL_I2C_MspInit)
    HAL_IncTick                              0x08001f89   Thumb Code    26  stm32g4xx_hal.o(.text.HAL_IncTick)
    HAL_Init                                 0x08001fa5   Thumb Code    30  stm32g4xx_hal.o(.text.HAL_Init)
    HAL_InitTick                             0x08001fc5   Thumb Code    80  stm32g4xx_hal.o(.text.HAL_InitTick)
    HAL_MspInit                              0x08002015   Thumb Code    70  stm32g4xx_hal_msp.o(.text.HAL_MspInit)
    HAL_NVIC_EnableIRQ                       0x0800205d   Thumb Code    34  stm32g4xx_hal_cortex.o(.text.HAL_NVIC_EnableIRQ)
    HAL_NVIC_SetPriority                     0x08002081   Thumb Code    86  stm32g4xx_hal_cortex.o(.text.HAL_NVIC_SetPriority)
    HAL_NVIC_SetPriorityGrouping             0x080020d9   Thumb Code    32  stm32g4xx_hal_cortex.o(.text.HAL_NVIC_SetPriorityGrouping)
    HAL_PCDEx_ActivateLPM                    0x080020f9   Thumb Code    42  stm32g4xx_hal_pcd_ex.o(.text.HAL_PCDEx_ActivateLPM)
    HAL_PCD_Init                             0x08002125   Thumb Code   540  stm32g4xx_hal_pcd.o(.text.HAL_PCD_Init)
    HAL_PCD_MspInit                          0x08002341   Thumb Code    86  usb.o(.text.HAL_PCD_MspInit)
    HAL_PWREx_ControlVoltageScaling          0x08002399   Thumb Code   270  stm32g4xx_hal_pwr_ex.o(.text.HAL_PWREx_ControlVoltageScaling)
    HAL_PWREx_DisableUCPDDeadBattery         0x080024a9   Thumb Code    18  stm32g4xx_hal_pwr_ex.o(.text.HAL_PWREx_DisableUCPDDeadBattery)
    HAL_RCCEx_PeriphCLKConfig                0x080024bd   Thumb Code   726  stm32g4xx_hal_rcc_ex.o(.text.HAL_RCCEx_PeriphCLKConfig)
    HAL_RCC_ClockConfig                      0x08002795   Thumb Code   772  stm32g4xx_hal_rcc.o(.text.HAL_RCC_ClockConfig)
    HAL_RCC_GetPCLK1Freq                     0x08002a99   Thumb Code    42  stm32g4xx_hal_rcc.o(.text.HAL_RCC_GetPCLK1Freq)
    HAL_RCC_GetPCLK2Freq                     0x08002ac5   Thumb Code    42  stm32g4xx_hal_rcc.o(.text.HAL_RCC_GetPCLK2Freq)
    HAL_RCC_GetSysClockFreq                  0x08002af1   Thumb Code   130  stm32g4xx_hal_rcc.o(.text.HAL_RCC_GetSysClockFreq)
    HAL_RCC_OscConfig                        0x08002b75   Thumb Code  1230  stm32g4xx_hal_rcc.o(.text.HAL_RCC_OscConfig)
    HAL_SPI_Init                             0x08003045   Thumb Code   228  stm32g4xx_hal_spi.o(.text.HAL_SPI_Init)
    HAL_SPI_MspInit                          0x08003129   Thumb Code   434  spi.o(.text.HAL_SPI_MspInit)
    HAL_SYSTICK_Config                       0x080032dd   Thumb Code    44  stm32g4xx_hal_cortex.o(.text.HAL_SYSTICK_Config)
    HAL_TIMEx_Break2Callback                 0x08003309   Thumb Code     2  stm32g4xx_hal_tim_ex.o(.text.HAL_TIMEx_Break2Callback)
    HAL_TIMEx_BreakCallback                  0x0800330d   Thumb Code     2  stm32g4xx_hal_tim_ex.o(.text.HAL_TIMEx_BreakCallback)
    HAL_TIMEx_CommutCallback                 0x08003311   Thumb Code     2  stm32g4xx_hal_tim_ex.o(.text.HAL_TIMEx_CommutCallback)
    HAL_TIMEx_ConfigBreakDeadTime            0x08003315   Thumb Code   212  stm32g4xx_hal_tim_ex.o(.text.HAL_TIMEx_ConfigBreakDeadTime)
    HAL_TIMEx_DirectionChangeCallback        0x080033e9   Thumb Code     2  stm32g4xx_hal_tim_ex.o(.text.HAL_TIMEx_DirectionChangeCallback)
    HAL_TIMEx_EncoderIndexCallback           0x080033ed   Thumb Code     2  stm32g4xx_hal_tim_ex.o(.text.HAL_TIMEx_EncoderIndexCallback)
    HAL_TIMEx_IndexErrorCallback             0x080033f1   Thumb Code     2  stm32g4xx_hal_tim_ex.o(.text.HAL_TIMEx_IndexErrorCallback)
    HAL_TIMEx_MasterConfigSynchronization    0x080033f5   Thumb Code   222  stm32g4xx_hal_tim_ex.o(.text.HAL_TIMEx_MasterConfigSynchronization)
    HAL_TIMEx_TransitionErrorCallback        0x080034d5   Thumb Code     2  stm32g4xx_hal_tim_ex.o(.text.HAL_TIMEx_TransitionErrorCallback)
    HAL_TIM_Base_Init                        0x080034d9   Thumb Code    98  stm32g4xx_hal_tim.o(.text.HAL_TIM_Base_Init)
    HAL_TIM_Base_MspInit                     0x0800353d   Thumb Code   416  tim.o(.text.HAL_TIM_Base_MspInit)
    HAL_TIM_Base_Start                       0x080036dd   Thumb Code   178  stm32g4xx_hal_tim.o(.text.HAL_TIM_Base_Start)
    HAL_TIM_Base_Start_IT                    0x08003791   Thumb Code   186  stm32g4xx_hal_tim.o(.text.HAL_TIM_Base_Start_IT)
    HAL_TIM_ConfigClockSource                0x0800384d   Thumb Code   544  stm32g4xx_hal_tim.o(.text.HAL_TIM_ConfigClockSource)
    HAL_TIM_Encoder_Init                     0x08003a6d   Thumb Code   182  stm32g4xx_hal_tim.o(.text.HAL_TIM_Encoder_Init)
    HAL_TIM_Encoder_MspInit                  0x08003b25   Thumb Code   286  tim.o(.text.HAL_TIM_Encoder_MspInit)
    HAL_TIM_Encoder_Start                    0x08003c45   Thumb Code   188  stm32g4xx_hal_tim.o(.text.HAL_TIM_Encoder_Start)
    HAL_TIM_IC_CaptureCallback               0x08003d01   Thumb Code     2  stm32g4xx_hal_tim.o(.text.HAL_TIM_IC_CaptureCallback)
    HAL_TIM_IRQHandler                       0x08003d05   Thumb Code   460  stm32g4xx_hal_tim.o(.text.HAL_TIM_IRQHandler)
    HAL_TIM_MspPostInit                      0x08003ed1   Thumb Code   264  tim.o(.text.HAL_TIM_MspPostInit)
    HAL_TIM_OC_DelayElapsedCallback          0x08003fd9   Thumb Code     2  stm32g4xx_hal_tim.o(.text.HAL_TIM_OC_DelayElapsedCallback)
    HAL_TIM_PWM_ConfigChannel                0x08003fdd   Thumb Code  1020  stm32g4xx_hal_tim.o(.text.HAL_TIM_PWM_ConfigChannel)
    HAL_TIM_PWM_Init                         0x080043d9   Thumb Code    98  stm32g4xx_hal_tim.o(.text.HAL_TIM_PWM_Init)
    HAL_TIM_PWM_MspInit                      0x0800443d   Thumb Code     2  stm32g4xx_hal_tim.o(.text.HAL_TIM_PWM_MspInit)
    HAL_TIM_PWM_PulseFinishedCallback        0x08004441   Thumb Code     2  stm32g4xx_hal_tim.o(.text.HAL_TIM_PWM_PulseFinishedCallback)
    HAL_TIM_PWM_Start                        0x08004445   Thumb Code   386  stm32g4xx_hal_tim.o(.text.HAL_TIM_PWM_Start)
    HAL_TIM_PeriodElapsedCallback            0x080045c9   Thumb Code     2  main.o(.text.HAL_TIM_PeriodElapsedCallback)
    HAL_TIM_TriggerCallback                  0x080045cd   Thumb Code     2  stm32g4xx_hal_tim.o(.text.HAL_TIM_TriggerCallback)
    HAL_UARTEx_DisableFifoMode               0x080045d1   Thumb Code    54  stm32g4xx_hal_uart_ex.o(.text.HAL_UARTEx_DisableFifoMode)
    HAL_UARTEx_ReceiveToIdle_DMA             0x08004609   Thumb Code   152  stm32g4xx_hal_uart_ex.o(.text.HAL_UARTEx_ReceiveToIdle_DMA)
    HAL_UARTEx_RxEventCallback               0x080046a1   Thumb Code   184  bsp_usart.o(.text.HAL_UARTEx_RxEventCallback)
    HAL_UARTEx_RxFifoFullCallback            0x08004759   Thumb Code     2  stm32g4xx_hal_uart_ex.o(.text.HAL_UARTEx_RxFifoFullCallback)
    HAL_UARTEx_SetRxFifoThreshold            0x0800475d   Thumb Code   140  stm32g4xx_hal_uart_ex.o(.text.HAL_UARTEx_SetRxFifoThreshold)
    HAL_UARTEx_SetTxFifoThreshold            0x080047e9   Thumb Code   140  stm32g4xx_hal_uart_ex.o(.text.HAL_UARTEx_SetTxFifoThreshold)
    HAL_UARTEx_TxFifoEmptyCallback           0x08004875   Thumb Code     2  stm32g4xx_hal_uart_ex.o(.text.HAL_UARTEx_TxFifoEmptyCallback)
    HAL_UARTEx_WakeupCallback                0x08004879   Thumb Code     2  stm32g4xx_hal_uart_ex.o(.text.HAL_UARTEx_WakeupCallback)
    HAL_UART_ErrorCallback                   0x0800487d   Thumb Code   140  bsp_usart.o(.text.HAL_UART_ErrorCallback)
    HAL_UART_IRQHandler                      0x08004909   Thumb Code  1614  stm32g4xx_hal_uart.o(.text.HAL_UART_IRQHandler)
    HAL_UART_Init                            0x08004f59   Thumb Code   100  stm32g4xx_hal_uart.o(.text.HAL_UART_Init)
    HAL_UART_MspInit                         0x08004fbd   Thumb Code   474  usart.o(.text.HAL_UART_MspInit)
    HAL_UART_Receive_IT                      0x08005199   Thumb Code   170  stm32g4xx_hal_uart.o(.text.HAL_UART_Receive_IT)
    HAL_UART_RxCpltCallback                  0x08005245   Thumb Code   216  usart.o(.text.HAL_UART_RxCpltCallback)
    HAL_UART_RxHalfCpltCallback              0x0800532d   Thumb Code     2  stm32g4xx_hal_uart.o(.text.HAL_UART_RxHalfCpltCallback)
    HAL_UART_Transmit                        0x08005331   Thumb Code   430  stm32g4xx_hal_uart.o(.text.HAL_UART_Transmit)
    HAL_UART_TxCpltCallback                  0x080054e1   Thumb Code     2  stm32g4xx_hal_uart.o(.text.HAL_UART_TxCpltCallback)
    HardFault_Handler                        0x080054e5   Thumb Code     2  stm32g4xx_it.o(.text.HardFault_Handler)
    IIC_Anolog_Normalize                     0x0800583d   Thumb Code    54  gray.o(.text.IIC_Anolog_Normalize)
    IIC_Get_Anolog                           0x08005875   Thumb Code    44  gray.o(.text.IIC_Get_Anolog)
    IIC_Get_Digtal                           0x080058a1   Thumb Code    48  gray.o(.text.IIC_Get_Digtal)
    IMU_Read_task                            0x080058d1   Thumb Code    10  mainwork.o(.text.IMU_Read_task)
    LCD_Show_task                            0x080058dd   Thumb Code     8  mainwork.o(.text.LCD_Show_task)
    MX_FDCAN1_Init                           0x080058e5   Thumb Code    80  fdcan.o(.text.MX_FDCAN1_Init)
    MX_FDCAN2_Init                           0x08005935   Thumb Code    80  fdcan.o(.text.MX_FDCAN2_Init)
    MX_FREERTOS_Init                         0x08005985   Thumb Code    52  app_freertos.o(.text.MX_FREERTOS_Init)
    MX_GPIO_Init                             0x080059d5   Thumb Code   376  gpio.o(.text.MX_GPIO_Init)
    MX_I2C2_Init                             0x08005b4d   Thumb Code   108  i2c.o(.text.MX_I2C2_Init)
    MX_I2C3_Init                             0x08005bb9   Thumb Code   108  i2c.o(.text.MX_I2C3_Init)
    MX_I2C4_Init                             0x08005c25   Thumb Code   108  i2c.o(.text.MX_I2C4_Init)
    MX_LPUART1_UART_Init                     0x08005c91   Thumb Code   128  usart.o(.text.MX_LPUART1_UART_Init)
    MX_SPI1_Init                             0x08005d11   Thumb Code    80  spi.o(.text.MX_SPI1_Init)
    MX_SPI2_Init                             0x08005d61   Thumb Code    88  spi.o(.text.MX_SPI2_Init)
    MX_SPI3_Init                             0x08005db9   Thumb Code    80  spi.o(.text.MX_SPI3_Init)
    MX_SPI4_Init                             0x08005e09   Thumb Code    78  spi.o(.text.MX_SPI4_Init)
    MX_TIM15_Init                            0x08005e59   Thumb Code   286  tim.o(.text.MX_TIM15_Init)
    MX_TIM16_Init                            0x08005f79   Thumb Code    60  tim.o(.text.MX_TIM16_Init)
    MX_TIM17_Init                            0x08005fb5   Thumb Code    56  tim.o(.text.MX_TIM17_Init)
    MX_TIM1_Init                             0x08005fed   Thumb Code   354  tim.o(.text.MX_TIM1_Init)
    MX_TIM20_Init                            0x08006151   Thumb Code   350  tim.o(.text.MX_TIM20_Init)
    MX_TIM2_Init                             0x080062b1   Thumb Code   100  tim.o(.text.MX_TIM2_Init)
    MX_TIM3_Init                             0x08006315   Thumb Code   104  tim.o(.text.MX_TIM3_Init)
    MX_TIM4_Init                             0x0800637d   Thumb Code   104  tim.o(.text.MX_TIM4_Init)
    MX_TIM5_Init                             0x080063e5   Thumb Code   104  tim.o(.text.MX_TIM5_Init)
    MX_TIM6_Init                             0x0800644d   Thumb Code    80  tim.o(.text.MX_TIM6_Init)
    MX_TIM7_Init                             0x0800649d   Thumb Code    80  tim.o(.text.MX_TIM7_Init)
    MX_USART1_UART_Init                      0x080064ed   Thumb Code   130  usart.o(.text.MX_USART1_UART_Init)
    MX_USART2_UART_Init                      0x08006571   Thumb Code   130  usart.o(.text.MX_USART2_UART_Init)
    MX_USART3_UART_Init                      0x080065f5   Thumb Code   130  usart.o(.text.MX_USART3_UART_Init)
    MX_USB_PCD_Init                          0x08006679   Thumb Code    52  usb.o(.text.MX_USB_PCD_Init)
    MemManage_Handler                        0x080066ad   Thumb Code     2  stm32g4xx_it.o(.text.MemManage_Handler)
    NMI_Handler                              0x080066b1   Thumb Code     2  stm32g4xx_it.o(.text.NMI_Handler)
    OnChassicControl                         0x080066b5   Thumb Code     8  mainwork.o(.text.OnChassicControl)
    OnPlannerUpdate                          0x080066bd   Thumb Code     8  mainwork.o(.text.OnPlannerUpdate)
    Onmaincpp                                0x080066c5   Thumb Code     8  mainwork.o(.text.Onmaincpp)
    PendSV_Handler                           0x080066d1   Thumb Code   100  port.o(.text.PendSV_Handler)
    Ping                                     0x08006735   Thumb Code    54  gray.o(.text.Ping)
    SVC_Handler                              0x08006771   Thumb Code    36  port.o(.text.SVC_Handler)
    StartDefaultTask                         0x08006795   Thumb Code     8  app_freertos.o(.text.StartDefaultTask)
    SysTick_Handler                          0x0800679d   Thumb Code    24  stm32g4xx_it.o(.text.SysTick_Handler)
    SystemInit                               0x080067b5   Thumb Code    18  system_stm32g4xx.o(.text.SystemInit)
    TIM1_BRK_TIM15_IRQHandler                0x080067c9   Thumb Code    30  stm32g4xx_it.o(.text.TIM1_BRK_TIM15_IRQHandler)
    TIM1_TRG_COM_TIM17_IRQHandler            0x080067e9   Thumb Code    30  stm32g4xx_it.o(.text.TIM1_TRG_COM_TIM17_IRQHandler)
    TIM1_UP_TIM16_IRQHandler                 0x08006809   Thumb Code    30  stm32g4xx_it.o(.text.TIM1_UP_TIM16_IRQHandler)
    TIM_Base_SetConfig                       0x08006829   Thumb Code   338  stm32g4xx_hal_tim.o(.text.TIM_Base_SetConfig)
    UART_AdvFeatureConfig                    0x0800697d   Thumb Code   230  stm32g4xx_hal_uart.o(.text.UART_AdvFeatureConfig)
    UART_CheckIdleState                      0x08006a65   Thumb Code   362  stm32g4xx_hal_uart.o(.text.UART_CheckIdleState)
    UART_SetConfig                           0x080078e9   Thumb Code   676  stm32g4xx_hal_uart.o(.text.UART_SetConfig)
    UART_Start_Receive_DMA                   0x08007b9d   Thumb Code   326  stm32g4xx_hal_uart.o(.text.UART_Start_Receive_DMA)
    UART_Start_Receive_IT                    0x08007ce5   Thumb Code   610  stm32g4xx_hal_uart.o(.text.UART_Start_Receive_IT)
    UART_WaitOnFlagUntilTimeout              0x08007f49   Thumb Code   822  stm32g4xx_hal_uart.o(.text.UART_WaitOnFlagUntilTimeout)
    USART1_IRQHandler                        0x08008281   Thumb Code    12  stm32g4xx_it.o(.text.USART1_IRQHandler)
    USB_DevInit                              0x0800828d   Thumb Code    26  stm32g4xx_ll_usb.o(.text.USB_DevInit)
    USB_DisableGlobalInt                     0x080082a9   Thumb Code    20  stm32g4xx_ll_usb.o(.text.USB_DisableGlobalInt)
    UsageFault_Handler                       0x080082bd   Thumb Code     2  stm32g4xx_it.o(.text.UsageFault_Handler)
    fputc                                    0x080082c1   Thumb Code    32  usart.o(.text.fputc)
    gray_read_task                           0x080082e1   Thumb Code    88  mainwork.o(.text.gray_read_task)
    main                                     0x08008339   Thumb Code   342  main.o(.text.main)
    main_work                                0x08008491   Thumb Code   364  mainwork.o(.text.main_work)
    osDelay                                  0x08008685   Thumb Code    16  cmsis_os.o(.text.osDelay)
    osKernelStart                            0x08008695   Thumb Code    10  cmsis_os.o(.text.osKernelStart)
    osThreadCreate                           0x080086a1   Thumb Code    92  cmsis_os.o(.text.osThreadCreate)
    pvPortMalloc                             0x080089dd   Thumb Code   496  heap_4.o(.text.pvPortMalloc)
    pxPortInitialiseStack                    0x08008bcd   Thumb Code    36  port.o(.text.pxPortInitialiseStack)
    tcs230_read_task                         0x08008bf1   Thumb Code    34  mainwork.o(.text.tcs230_read_task)
    uxListRemove                             0x08008c15   Thumb Code    34  list.o(.text.uxListRemove)
    vApplicationGetIdleTaskMemory            0x08008c39   Thumb Code    26  app_freertos.o(.text.vApplicationGetIdleTaskMemory)
    vListInitialise                          0x08008c55   Thumb Code    22  list.o(.text.vListInitialise)
    vListInitialiseItem                      0x08008c6d   Thumb Code     6  list.o(.text.vListInitialiseItem)
    vListInsert                              0x08008c75   Thumb Code    98  list.o(.text.vListInsert)
    vListInsertEnd                           0x08008cd9   Thumb Code    26  list.o(.text.vListInsertEnd)
    vPortEnterCritical                       0x08008d09   Thumb Code    70  port.o(.text.vPortEnterCritical)
    vPortExitCritical                        0x08008d51   Thumb Code    46  port.o(.text.vPortExitCritical)
    vPortFree                                0x08008d81   Thumb Code   212  heap_4.o(.text.vPortFree)
    vPortSetupTimerInterrupt                 0x08008e55   Thumb Code    52  port.o(.text.vPortSetupTimerInterrupt)
    vTaskDelay                               0x08008e89   Thumb Code   158  tasks.o(.text.vTaskDelay)
    vTaskStartScheduler                      0x08008f29   Thumb Code   196  tasks.o(.text.vTaskStartScheduler)
    vTaskSuspendAll                          0x08008ff5   Thumb Code    16  tasks.o(.text.vTaskSuspendAll)
    vTaskSwitchContext                       0x08009005   Thumb Code   110  tasks.o(.text.vTaskSwitchContext)
    wheel_state_read_task                    0x08009075   Thumb Code    10  mainwork.o(.text.wheel_state_read_task)
    xPortStartScheduler                      0x08009081   Thumb Code   392  port.o(.text.xPortStartScheduler)
    xPortSysTickHandler                      0x08009209   Thumb Code    46  port.o(.text.xPortSysTickHandler)
    xTaskCreate                              0x08009239   Thumb Code    96  tasks.o(.text.xTaskCreate)
    xTaskCreateStatic                        0x08009299   Thumb Code   118  tasks.o(.text.xTaskCreateStatic)
    xTaskGetSchedulerState                   0x08009311   Thumb Code    30  tasks.o(.text.xTaskGetSchedulerState)
    xTaskIncrementTick                       0x08009331   Thumb Code   262  tasks.o(.text.xTaskIncrementTick)
    xTaskResumeAll                           0x08009439   Thumb Code   234  tasks.o(.text.xTaskResumeAll)
    __scatterload_copy                       0x08009523   Thumb Code    14  handlers.o(i.__scatterload_copy)
    __scatterload_null                       0x08009531   Thumb Code     2  handlers.o(i.__scatterload_null)
    __scatterload_zeroinit                   0x08009533   Thumb Code    14  handlers.o(i.__scatterload_zeroinit)
    puts                                     0x08009541   Thumb Code    30  puts.o(i.puts)
    __ctype_categories                       0x08009564   Data          64  ctype_c.o(.constdata)
    AHBPrescTable                            0x080095a4   Data          16  system_stm32g4xx.o(.rodata.AHBPrescTable)
    APBPrescTable                            0x080095b4   Data           8  system_stm32g4xx.o(.rodata.APBPrescTable)
    UARTPrescTable                           0x080095bc   Data          24  stm32g4xx_hal_uart.o(.rodata.UARTPrescTable)
    Region$$Table$$Base                      0x08009628   Number         0  anon$$obj.o(Region$$Table)
    Region$$Table$$Limit                     0x08009648   Number         0  anon$$obj.o(Region$$Table)
    __stdout                                 0x20000000   Data           4  stdout.o(.data)
    uwTickPrio                               0x20000004   Data           4  stm32g4xx_hal.o(.data..L_MergedGlobals)
    uwTickFreq                               0x20000008   Data           4  stm32g4xx_hal.o(.data..L_MergedGlobals)
    SystemCoreClock                          0x2000000c   Data           4  system_stm32g4xx.o(.data.SystemCoreClock)
    Digtal_gray                              0x20000018   Data           1  mainwork.o(.bss..L_MergedGlobals)
    goods_color                              0x2000001c   Data           4  mainwork.o(.bss..L_MergedGlobals)
    read_cololr_flag                         0x20000020   Data           4  mainwork.o(.bss..L_MergedGlobals)
    Chassic_control_handle                   0x20000024   Data           4  mainwork.o(.bss..L_MergedGlobals)
    main_cpp_handle                          0x20000028   Data           4  mainwork.o(.bss..L_MergedGlobals)
    Planner_update_handle                    0x2000002c   Data           4  mainwork.o(.bss..L_MergedGlobals)
    IMU_read_handle                          0x20000030   Data           4  mainwork.o(.bss..L_MergedGlobals)
    LCD_Show_handle                          0x20000034   Data           4  mainwork.o(.bss..L_MergedGlobals)
    tcs230_read_handle                       0x20000038   Data           4  mainwork.o(.bss..L_MergedGlobals)
    gray_read_handle                         0x2000003c   Data           4  mainwork.o(.bss..L_MergedGlobals)
    wheel_state_read_handle                  0x20000040   Data           4  mainwork.o(.bss..L_MergedGlobals)
    Anolog_gray                              0x20000044   Data           8  mainwork.o(.bss..L_MergedGlobals)
    Normal                                   0x2000004c   Data           8  mainwork.o(.bss..L_MergedGlobals)
    R                                        0x200000d4   Data           1  tcs230.o(.bss..L_MergedGlobals)
    G                                        0x200000d5   Data           1  tcs230.o(.bss..L_MergedGlobals)
    B                                        0x200000d6   Data           1  tcs230.o(.bss..L_MergedGlobals)
    RX_Flag                                  0x200000d7   Data           1  tcs230.o(.bss..L_MergedGlobals)
    pxCurrentTCB                             0x200000d8   Data           4  tasks.o(.bss..L_MergedGlobals)
    RxData                                   0x200001a4   Data           1  tcs230.o(.bss.RxData)
    blue                                     0x200001a8   Data           4  tcs230.o(.bss.blue)
    defaultTaskHandle                        0x200001ac   Data           4  app_freertos.o(.bss.defaultTaskHandle)
    green                                    0x200001b0   Data           4  tcs230.o(.bss.green)
    hfdcan1                                  0x200001b4   Data         100  fdcan.o(.bss.hfdcan1)
    hfdcan2                                  0x20000218   Data         100  fdcan.o(.bss.hfdcan2)
    hi2c2                                    0x2000027c   Data          84  i2c.o(.bss.hi2c2)
    hi2c3                                    0x200002d0   Data          84  i2c.o(.bss.hi2c3)
    hi2c4                                    0x20000324   Data          84  i2c.o(.bss.hi2c4)
    hlpuart1                                 0x20000378   Data         148  usart.o(.bss.hlpuart1)
    hpcd_USB_FS                              0x2000040c   Data         732  usb.o(.bss.hpcd_USB_FS)
    hspi1                                    0x200006e8   Data         100  spi.o(.bss.hspi1)
    hspi2                                    0x2000074c   Data         100  spi.o(.bss.hspi2)
    hspi3                                    0x200007b0   Data         100  spi.o(.bss.hspi3)
    hspi4                                    0x20000814   Data         100  spi.o(.bss.hspi4)
    htim1                                    0x20000878   Data          76  tim.o(.bss.htim1)
    htim15                                   0x200008c4   Data          76  tim.o(.bss.htim15)
    htim16                                   0x20000910   Data          76  tim.o(.bss.htim16)
    htim17                                   0x2000095c   Data          76  tim.o(.bss.htim17)
    htim2                                    0x200009a8   Data          76  tim.o(.bss.htim2)
    htim20                                   0x200009f4   Data          76  tim.o(.bss.htim20)
    htim3                                    0x20000a40   Data          76  tim.o(.bss.htim3)
    htim4                                    0x20000a8c   Data          76  tim.o(.bss.htim4)
    htim5                                    0x20000ad8   Data          76  tim.o(.bss.htim5)
    htim6                                    0x20000b24   Data          76  tim.o(.bss.htim6)
    htim7                                    0x20000b70   Data          76  tim.o(.bss.htim7)
    huart1                                   0x20000bbc   Data         148  usart.o(.bss.huart1)
    huart2                                   0x20000c50   Data         148  usart.o(.bss.huart2)
    huart3                                   0x20000ce4   Data         148  usart.o(.bss.huart3)
    red                                      0x20000e04   Data           4  tcs230.o(.bss.red)
    tcs_string                               0x20000e08   Data          40  tcs230.o(.bss.tcs_string)
    uwTick                                   0x20004a30   Data           4  stm32g4xx_hal.o(.bss.uwTick)
    __initial_sp                             0x20005c88   Data           0  startup_stm32g473xx.o(STACK)



==============================================================================

Memory Map of the image

  Image Entry point : 0x080001d9

  Load Region LR_IROM1 (Base: 0x08000000, Size: 0x00009660, Max: 0x00080000, ABSOLUTE)

    Execution Region ER_IROM1 (Exec base: 0x08000000, Load base: 0x08000000, Size: 0x00009648, Max: 0x00080000, ABSOLUTE)

    Exec Addr    Load Addr    Size         Type   Attr      Idx    E Section Name        Object

    0x08000000   0x08000000   0x000001d8   Data   RO            3    RESET               startup_stm32g473xx.o
    0x080001d8   0x080001d8   0x00000000   Code   RO         2596  * .ARM.Collect$$$$00000000  mc_w.l(entry.o)
    0x080001d8   0x080001d8   0x00000004   Code   RO         2623    .ARM.Collect$$$$00000001  mc_w.l(entry2.o)
    0x080001dc   0x080001dc   0x00000004   Code   RO         2626    .ARM.Collect$$$$00000004  mc_w.l(entry5.o)
    0x080001e0   0x080001e0   0x00000000   Code   RO         2628    .ARM.Collect$$$$00000008  mc_w.l(entry7b.o)
    0x080001e0   0x080001e0   0x00000000   Code   RO         2630    .ARM.Collect$$$$0000000A  mc_w.l(entry8b.o)
    0x080001e0   0x080001e0   0x00000008   Code   RO         2631    .ARM.Collect$$$$0000000B  mc_w.l(entry9a.o)
    0x080001e8   0x080001e8   0x00000000   Code   RO         2633    .ARM.Collect$$$$0000000D  mc_w.l(entry10a.o)
    0x080001e8   0x080001e8   0x00000000   Code   RO         2635    .ARM.Collect$$$$0000000F  mc_w.l(entry11a.o)
    0x080001e8   0x080001e8   0x00000004   Code   RO         2624    .ARM.Collect$$$$00002712  mc_w.l(entry2.o)
    0x080001ec   0x080001ec   0x00000024   Code   RO            4    .text               startup_stm32g473xx.o
    0x08000210   0x08000210   0x00000062   Code   RO         2603    .text               mc_w.l(uldiv.o)
    0x08000272   0x08000272   0x00000024   Code   RO         2605    .text               mc_w.l(memcpya.o)
    0x08000296   0x08000296   0x00000024   Code   RO         2607    .text               mc_w.l(memseta.o)
    0x080002ba   0x080002ba   0x00000002   PAD
    0x080002bc   0x080002bc   0x00000038   Code   RO         2613    .text               mc_w.l(__0sscanf.o)
    0x080002f4   0x080002f4   0x0000014c   Code   RO         2615    .text               mc_w.l(_scanf_int.o)
    0x08000440   0x08000440   0x000000e4   Code   RO         2617    .text               mf_w.l(dmul.o)
    0x08000524   0x08000524   0x00000036   Code   RO         2619    .text               mf_w.l(dcmplt.o)
    0x0800055a   0x0800055a   0x0000001a   Code   RO         2621    .text               mf_w.l(dfltui.o)
    0x08000574   0x08000574   0x0000001e   Code   RO         2638    .text               mc_w.l(llshl.o)
    0x08000592   0x08000592   0x00000020   Code   RO         2640    .text               mc_w.l(llushr.o)
    0x080005b2   0x080005b2   0x0000001c   Code   RO         2670    .text               mc_w.l(_chval.o)
    0x080005ce   0x080005ce   0x00000002   PAD
    0x080005d0   0x080005d0   0x00000028   Code   RO         2672    .text               mc_w.l(scanf_char.o)
    0x080005f8   0x080005f8   0x00000040   Code   RO         2674    .text               mc_w.l(_sgetc.o)
    0x08000638   0x08000638   0x00000000   Code   RO         2676    .text               mc_w.l(iusefp.o)
    0x08000638   0x08000638   0x000000ba   Code   RO         2677    .text               mf_w.l(depilogue.o)
    0x080006f2   0x080006f2   0x00000002   PAD
    0x080006f4   0x080006f4   0x00000030   Code   RO         2679    .text               mc_w.l(init.o)
    0x08000724   0x08000724   0x0000000a   Code   RO         2681    .text               mc_w.l(isspace_c.o)
    0x0800072e   0x0800072e   0x00000002   PAD
    0x08000730   0x08000730   0x0000032c   Code   RO         2685    .text               mc_w.l(_scanf.o)
    0x08000a5c   0x08000a5c   0x00000028   Code   RO         2687    .text               mc_w.l(ctype_c.o)
    0x08000a84   0x08000a84   0x00000002   Code   RO          250    .text.BusFault_Handler  stm32g4xx_it.o
    0x08000a86   0x08000a86   0x00000002   PAD
    0x08000a88   0x08000a88   0x000001b0   Code   RO         2079    .text.Color_Recognize  tcs230.o
    0x08000c38   0x08000c38   0x00000002   Code   RO          254    .text.DebugMon_Handler  stm32g4xx_it.o
    0x08000c3a   0x08000c3a   0x00000002   PAD
    0x08000c3c   0x08000c3c   0x0000000a   Code   RO           45    .text.Error_Handler  main.o
    0x08000c46   0x08000c46   0x00000002   PAD
    0x08000c48   0x08000c48   0x0000000c   Code   RO          258    .text.FDCAN1_IT0_IRQHandler  stm32g4xx_it.o
    0x08000c54   0x08000c54   0x0000000c   Code   RO          268    .text.FDCAN2_IT1_IRQHandler  stm32g4xx_it.o
    0x08000c60   0x08000c60   0x00000070   Code   RO          716    .text.HAL_DMA_Abort  stm32g4xx_hal_dma.o
    0x08000cd0   0x08000cd0   0x00000080   Code   RO          718    .text.HAL_DMA_Abort_IT  stm32g4xx_hal_dma.o
    0x08000d50   0x08000d50   0x000000e8   Code   RO          714    .text.HAL_DMA_Start_IT  stm32g4xx_hal_dma.o
    0x08000e38   0x08000e38   0x00000028   Code   RO          435    .text.HAL_Delay     stm32g4xx_hal.o
    0x08000e60   0x08000e60   0x00000002   Code   RO          400    .text.HAL_FDCAN_ErrorCallback  stm32g4xx_hal_fdcan.o
    0x08000e62   0x08000e62   0x00000002   PAD
    0x08000e64   0x08000e64   0x00000002   Code   RO          398    .text.HAL_FDCAN_ErrorStatusCallback  stm32g4xx_hal_fdcan.o
    0x08000e66   0x08000e66   0x00000002   PAD
    0x08000e68   0x08000e68   0x00000012   Code   RO          364    .text.HAL_FDCAN_GetRxFifoFillLevel  stm32g4xx_hal_fdcan.o
    0x08000e7a   0x08000e7a   0x00000002   PAD
    0x08000e7c   0x08000e7c   0x00000156   Code   RO          352    .text.HAL_FDCAN_GetRxMessage  stm32g4xx_hal_fdcan.o
    0x08000fd2   0x08000fd2   0x00000002   PAD
    0x08000fd4   0x08000fd4   0x00000002   Code   RO          380    .text.HAL_FDCAN_HighPriorityMessageCallback  stm32g4xx_hal_fdcan.o
    0x08000fd6   0x08000fd6   0x00000002   PAD
    0x08000fd8   0x08000fd8   0x0000017a   Code   RO          378    .text.HAL_FDCAN_IRQHandler  stm32g4xx_hal_fdcan.o
    0x08001152   0x08001152   0x00000002   PAD
    0x08001154   0x08001154   0x00000266   Code   RO          286    .text.HAL_FDCAN_Init  stm32g4xx_hal_fdcan.o
    0x080013ba   0x080013ba   0x00000002   PAD
    0x080013bc   0x080013bc   0x0000012a   Code   RO           87    .text.HAL_FDCAN_MspInit  fdcan.o
    0x080014e6   0x080014e6   0x00000002   PAD
    0x080014e8   0x080014e8   0x000000cc   Code   RO         1959    .text.HAL_FDCAN_RxFifo0Callback  bsp_fdcan.o
    0x080015b4   0x080015b4   0x000000cc   Code   RO         1961    .text.HAL_FDCAN_RxFifo1Callback  bsp_fdcan.o
    0x08001680   0x08001680   0x00000002   Code   RO          396    .text.HAL_FDCAN_TimeoutOccurredCallback  stm32g4xx_hal_fdcan.o
    0x08001682   0x08001682   0x00000002   PAD
    0x08001684   0x08001684   0x00000002   Code   RO          394    .text.HAL_FDCAN_TimestampWraparoundCallback  stm32g4xx_hal_fdcan.o
    0x08001686   0x08001686   0x00000002   PAD
    0x08001688   0x08001688   0x00000002   Code   RO          382    .text.HAL_FDCAN_TxBufferAbortCallback  stm32g4xx_hal_fdcan.o
    0x0800168a   0x0800168a   0x00000002   PAD
    0x0800168c   0x0800168c   0x00000002   Code   RO          392    .text.HAL_FDCAN_TxBufferCompleteCallback  stm32g4xx_hal_fdcan.o
    0x0800168e   0x0800168e   0x00000002   PAD
    0x08001690   0x08001690   0x00000002   Code   RO          384    .text.HAL_FDCAN_TxEventFifoCallback  stm32g4xx_hal_fdcan.o
    0x08001692   0x08001692   0x00000002   PAD
    0x08001694   0x08001694   0x00000002   Code   RO          390    .text.HAL_FDCAN_TxFifoEmptyCallback  stm32g4xx_hal_fdcan.o
    0x08001696   0x08001696   0x00000002   PAD
    0x08001698   0x08001698   0x000001b2   Code   RO          658    .text.HAL_GPIO_Init  stm32g4xx_hal_gpio.o
    0x0800184a   0x0800184a   0x00000002   PAD
    0x0800184c   0x0800184c   0x0000000c   Code   RO          664    .text.HAL_GPIO_WritePin  stm32g4xx_hal_gpio.o
    0x08001858   0x08001858   0x0000000c   Code   RO          427    .text.HAL_GetTick   stm32g4xx_hal.o
    0x08001864   0x08001864   0x0000004a   Code   RO         1084    .text.HAL_I2CEx_ConfigAnalogFilter  stm32g4xx_hal_i2c_ex.o
    0x080018ae   0x080018ae   0x00000002   PAD
    0x080018b0   0x080018b0   0x00000048   Code   RO         1086    .text.HAL_I2CEx_ConfigDigitalFilter  stm32g4xx_hal_i2c_ex.o
    0x080018f8   0x080018f8   0x000000b0   Code   RO          930    .text.HAL_I2C_Init  stm32g4xx_hal_i2c.o
    0x080019a8   0x080019a8   0x00000244   Code   RO          990    .text.HAL_I2C_Mem_Read  stm32g4xx_hal_i2c.o
    0x08001bec   0x08001bec   0x0000023c   Code   RO          988    .text.HAL_I2C_Mem_Write  stm32g4xx_hal_i2c.o
    0x08001e28   0x08001e28   0x00000160   Code   RO          108    .text.HAL_I2C_MspInit  i2c.o
    0x08001f88   0x08001f88   0x0000001a   Code   RO          425    .text.HAL_IncTick   stm32g4xx_hal.o
    0x08001fa2   0x08001fa2   0x00000002   PAD
    0x08001fa4   0x08001fa4   0x0000001e   Code   RO          415    .text.HAL_Init      stm32g4xx_hal.o
    0x08001fc2   0x08001fc2   0x00000002   PAD
    0x08001fc4   0x08001fc4   0x00000050   Code   RO          417    .text.HAL_InitTick  stm32g4xx_hal.o
    0x08002014   0x08002014   0x00000046   Code   RO          277    .text.HAL_MspInit   stm32g4xx_hal_msp.o
    0x0800205a   0x0800205a   0x00000002   PAD
    0x0800205c   0x0800205c   0x00000022   Code   RO          884    .text.HAL_NVIC_EnableIRQ  stm32g4xx_hal_cortex.o
    0x0800207e   0x0800207e   0x00000002   PAD
    0x08002080   0x08002080   0x00000056   Code   RO          882    .text.HAL_NVIC_SetPriority  stm32g4xx_hal_cortex.o
    0x080020d6   0x080020d6   0x00000002   PAD
    0x080020d8   0x080020d8   0x00000020   Code   RO          880    .text.HAL_NVIC_SetPriorityGrouping  stm32g4xx_hal_cortex.o
    0x080020f8   0x080020f8   0x0000002a   Code   RO         1872    .text.HAL_PCDEx_ActivateLPM  stm32g4xx_hal_pcd_ex.o
    0x08002122   0x08002122   0x00000002   PAD
    0x08002124   0x08002124   0x0000021c   Code   RO         1788    .text.HAL_PCD_Init  stm32g4xx_hal_pcd.o
    0x08002340   0x08002340   0x00000056   Code   RO          231    .text.HAL_PCD_MspInit  usb.o
    0x08002396   0x08002396   0x00000002   PAD
    0x08002398   0x08002398   0x0000010e   Code   RO          800    .text.HAL_PWREx_ControlVoltageScaling  stm32g4xx_hal_pwr_ex.o
    0x080024a6   0x080024a6   0x00000002   PAD
    0x080024a8   0x080024a8   0x00000012   Code   RO          870    .text.HAL_PWREx_DisableUCPDDeadBattery  stm32g4xx_hal_pwr_ex.o
    0x080024ba   0x080024ba   0x00000002   PAD
    0x080024bc   0x080024bc   0x000002d6   Code   RO          539    .text.HAL_RCCEx_PeriphCLKConfig  stm32g4xx_hal_rcc_ex.o
    0x08002792   0x08002792   0x00000002   PAD
    0x08002794   0x08002794   0x00000304   Code   RO          505    .text.HAL_RCC_ClockConfig  stm32g4xx_hal_rcc.o
    0x08002a98   0x08002a98   0x0000002a   Code   RO          513    .text.HAL_RCC_GetPCLK1Freq  stm32g4xx_hal_rcc.o
    0x08002ac2   0x08002ac2   0x00000002   PAD
    0x08002ac4   0x08002ac4   0x0000002a   Code   RO          515    .text.HAL_RCC_GetPCLK2Freq  stm32g4xx_hal_rcc.o
    0x08002aee   0x08002aee   0x00000002   PAD
    0x08002af0   0x08002af0   0x00000082   Code   RO          507    .text.HAL_RCC_GetSysClockFreq  stm32g4xx_hal_rcc.o
    0x08002b72   0x08002b72   0x00000002   PAD
    0x08002b74   0x08002b74   0x000004ce   Code   RO          503    .text.HAL_RCC_OscConfig  stm32g4xx_hal_rcc.o
    0x08003042   0x08003042   0x00000002   PAD
    0x08003044   0x08003044   0x000000e4   Code   RO         1289    .text.HAL_SPI_Init  stm32g4xx_hal_spi.o
    0x08003128   0x08003128   0x000001b2   Code   RO          162    .text.HAL_SPI_MspInit  spi.o
    0x080032da   0x080032da   0x00000002   PAD
    0x080032dc   0x080032dc   0x0000002c   Code   RO          892    .text.HAL_SYSTICK_Config  stm32g4xx_hal_cortex.o
    0x08003308   0x08003308   0x00000002   Code   RO         1765    .text.HAL_TIMEx_Break2Callback  stm32g4xx_hal_tim_ex.o
    0x0800330a   0x0800330a   0x00000002   PAD
    0x0800330c   0x0800330c   0x00000002   Code   RO         1763    .text.HAL_TIMEx_BreakCallback  stm32g4xx_hal_tim_ex.o
    0x0800330e   0x0800330e   0x00000002   PAD
    0x08003310   0x08003310   0x00000002   Code   RO         1759    .text.HAL_TIMEx_CommutCallback  stm32g4xx_hal_tim_ex.o
    0x08003312   0x08003312   0x00000002   PAD
    0x08003314   0x08003314   0x000000d4   Code   RO         1711    .text.HAL_TIMEx_ConfigBreakDeadTime  stm32g4xx_hal_tim_ex.o
    0x080033e8   0x080033e8   0x00000002   Code   RO         1769    .text.HAL_TIMEx_DirectionChangeCallback  stm32g4xx_hal_tim_ex.o
    0x080033ea   0x080033ea   0x00000002   PAD
    0x080033ec   0x080033ec   0x00000002   Code   RO         1767    .text.HAL_TIMEx_EncoderIndexCallback  stm32g4xx_hal_tim_ex.o
    0x080033ee   0x080033ee   0x00000002   PAD
    0x080033f0   0x080033f0   0x00000002   Code   RO         1771    .text.HAL_TIMEx_IndexErrorCallback  stm32g4xx_hal_tim_ex.o
    0x080033f2   0x080033f2   0x00000002   PAD
    0x080033f4   0x080033f4   0x000000de   Code   RO         1709    .text.HAL_TIMEx_MasterConfigSynchronization  stm32g4xx_hal_tim_ex.o
    0x080034d2   0x080034d2   0x00000002   PAD
    0x080034d4   0x080034d4   0x00000002   Code   RO         1773    .text.HAL_TIMEx_TransitionErrorCallback  stm32g4xx_hal_tim_ex.o
    0x080034d6   0x080034d6   0x00000002   PAD
    0x080034d8   0x080034d8   0x00000062   Code   RO         1414    .text.HAL_TIM_Base_Init  stm32g4xx_hal_tim.o
    0x0800353a   0x0800353a   0x00000002   PAD
    0x0800353c   0x0800353c   0x000001a0   Code   RO          202    .text.HAL_TIM_Base_MspInit  tim.o
    0x080036dc   0x080036dc   0x000000b2   Code   RO         1424    .text.HAL_TIM_Base_Start  stm32g4xx_hal_tim.o
    0x0800378e   0x0800378e   0x00000002   PAD
    0x08003790   0x08003790   0x000000ba   Code   RO         1428    .text.HAL_TIM_Base_Start_IT  stm32g4xx_hal_tim.o
    0x0800384a   0x0800384a   0x00000002   PAD
    0x0800384c   0x0800384c   0x00000220   Code   RO         1594    .text.HAL_TIM_ConfigClockSource  stm32g4xx_hal_tim.o
    0x08003a6c   0x08003a6c   0x000000b6   Code   RO         1528    .text.HAL_TIM_Encoder_Init  stm32g4xx_hal_tim.o
    0x08003b22   0x08003b22   0x00000002   PAD
    0x08003b24   0x08003b24   0x0000011e   Code   RO          204    .text.HAL_TIM_Encoder_MspInit  tim.o
    0x08003c42   0x08003c42   0x00000002   PAD
    0x08003c44   0x08003c44   0x000000bc   Code   RO         1536    .text.HAL_TIM_Encoder_Start  stm32g4xx_hal_tim.o
    0x08003d00   0x08003d00   0x00000002   Code   RO         1550    .text.HAL_TIM_IC_CaptureCallback  stm32g4xx_hal_tim.o
    0x08003d02   0x08003d02   0x00000002   PAD
    0x08003d04   0x08003d04   0x000001cc   Code   RO         1548    .text.HAL_TIM_IRQHandler  stm32g4xx_hal_tim.o
    0x08003ed0   0x08003ed0   0x00000108   Code   RO          180    .text.HAL_TIM_MspPostInit  tim.o
    0x08003fd8   0x08003fd8   0x00000002   Code   RO         1552    .text.HAL_TIM_OC_DelayElapsedCallback  stm32g4xx_hal_tim.o
    0x08003fda   0x08003fda   0x00000002   PAD
    0x08003fdc   0x08003fdc   0x000003fc   Code   RO         1568    .text.HAL_TIM_PWM_ConfigChannel  stm32g4xx_hal_tim.o
    0x080043d8   0x080043d8   0x00000062   Code   RO         1468    .text.HAL_TIM_PWM_Init  stm32g4xx_hal_tim.o
    0x0800443a   0x0800443a   0x00000002   PAD
    0x0800443c   0x0800443c   0x00000002   Code   RO         1470    .text.HAL_TIM_PWM_MspInit  stm32g4xx_hal_tim.o
    0x0800443e   0x0800443e   0x00000002   PAD
    0x08004440   0x08004440   0x00000002   Code   RO         1554    .text.HAL_TIM_PWM_PulseFinishedCallback  stm32g4xx_hal_tim.o
    0x08004442   0x08004442   0x00000002   PAD
    0x08004444   0x08004444   0x00000182   Code   RO         1476    .text.HAL_TIM_PWM_Start  stm32g4xx_hal_tim.o
    0x080045c6   0x080045c6   0x00000002   PAD
    0x080045c8   0x080045c8   0x00000002   Code   RO           39    .text.HAL_TIM_PeriodElapsedCallback  main.o
    0x080045ca   0x080045ca   0x00000002   PAD
    0x080045cc   0x080045cc   0x00000002   Code   RO         1558    .text.HAL_TIM_TriggerCallback  stm32g4xx_hal_tim.o
    0x080045ce   0x080045ce   0x00000002   PAD
    0x080045d0   0x080045d0   0x00000036   Code   RO         1266    .text.HAL_UARTEx_DisableFifoMode  stm32g4xx_hal_uart_ex.o
    0x08004606   0x08004606   0x00000002   PAD
    0x08004608   0x08004608   0x00000098   Code   RO         1276    .text.HAL_UARTEx_ReceiveToIdle_DMA  stm32g4xx_hal_uart_ex.o
    0x080046a0   0x080046a0   0x000000b8   Code   RO         2062    .text.HAL_UARTEx_RxEventCallback  bsp_usart.o
    0x08004758   0x08004758   0x00000002   Code   RO         1252    .text.HAL_UARTEx_RxFifoFullCallback  stm32g4xx_hal_uart_ex.o
    0x0800475a   0x0800475a   0x00000002   PAD
    0x0800475c   0x0800475c   0x0000008c   Code   RO         1270    .text.HAL_UARTEx_SetRxFifoThreshold  stm32g4xx_hal_uart_ex.o
    0x080047e8   0x080047e8   0x0000008c   Code   RO         1268    .text.HAL_UARTEx_SetTxFifoThreshold  stm32g4xx_hal_uart_ex.o
    0x08004874   0x08004874   0x00000002   Code   RO         1254    .text.HAL_UARTEx_TxFifoEmptyCallback  stm32g4xx_hal_uart_ex.o
    0x08004876   0x08004876   0x00000002   PAD
    0x08004878   0x08004878   0x00000002   Code   RO         1250    .text.HAL_UARTEx_WakeupCallback  stm32g4xx_hal_uart_ex.o
    0x0800487a   0x0800487a   0x00000002   PAD
    0x0800487c   0x0800487c   0x0000008c   Code   RO         2064    .text.HAL_UART_ErrorCallback  bsp_usart.o
    0x08004908   0x08004908   0x0000064e   Code   RO         1188    .text.HAL_UART_IRQHandler  stm32g4xx_hal_uart.o
    0x08004f56   0x08004f56   0x00000002   PAD
    0x08004f58   0x08004f58   0x00000064   Code   RO         1104    .text.HAL_UART_Init  stm32g4xx_hal_uart.o
    0x08004fbc   0x08004fbc   0x000001da   Code   RO          131    .text.HAL_UART_MspInit  usart.o
    0x08005196   0x08005196   0x00000002   PAD
    0x08005198   0x08005198   0x000000aa   Code   RO         1140    .text.HAL_UART_Receive_IT  stm32g4xx_hal_uart.o
    0x08005242   0x08005242   0x00000002   PAD
    0x08005244   0x08005244   0x000000e8   Code   RO          135    .text.HAL_UART_RxCpltCallback  usart.o
    0x0800532c   0x0800532c   0x00000002   Code   RO         1202    .text.HAL_UART_RxHalfCpltCallback  stm32g4xx_hal_uart.o
    0x0800532e   0x0800532e   0x00000002   PAD
    0x08005330   0x08005330   0x000001ae   Code   RO         1124    .text.HAL_UART_Transmit  stm32g4xx_hal_uart.o
    0x080054de   0x080054de   0x00000002   PAD
    0x080054e0   0x080054e0   0x00000002   Code   RO         1196    .text.HAL_UART_TxCpltCallback  stm32g4xx_hal_uart.o
    0x080054e2   0x080054e2   0x00000002   PAD
    0x080054e4   0x080054e4   0x00000002   Code   RO          246    .text.HardFault_Handler  stm32g4xx_it.o
    0x080054e6   0x080054e6   0x00000002   PAD
    0x080054e8   0x080054e8   0x0000015c   Code   RO         1074    .text.I2C_IsErrorOccurred  stm32g4xx_hal_i2c.o
    0x08005644   0x08005644   0x000000e4   Code   RO          940    .text.I2C_WaitOnFlagUntilTimeout  stm32g4xx_hal_i2c.o
    0x08005728   0x08005728   0x0000007c   Code   RO          944    .text.I2C_WaitOnSTOPFlagUntilTimeout  stm32g4xx_hal_i2c.o
    0x080057a4   0x080057a4   0x00000098   Code   RO          942    .text.I2C_WaitOnTXISFlagUntilTimeout  stm32g4xx_hal_i2c.o
    0x0800583c   0x0800583c   0x00000036   Code   RO         2135    .text.IIC_Anolog_Normalize  gray.o
    0x08005872   0x08005872   0x00000002   PAD
    0x08005874   0x08005874   0x0000002c   Code   RO         2131    .text.IIC_Get_Anolog  gray.o
    0x080058a0   0x080058a0   0x00000030   Code   RO         2129    .text.IIC_Get_Digtal  gray.o
    0x080058d0   0x080058d0   0x0000000a   Code   RO           19    .text.IMU_Read_task  mainwork.o
    0x080058da   0x080058da   0x00000002   PAD
    0x080058dc   0x080058dc   0x00000008   Code   RO           21    .text.LCD_Show_task  mainwork.o
    0x080058e4   0x080058e4   0x00000050   Code   RO           83    .text.MX_FDCAN1_Init  fdcan.o
    0x08005934   0x08005934   0x00000050   Code   RO           85    .text.MX_FDCAN2_Init  fdcan.o
    0x08005984   0x08005984   0x00000050   Code   RO           67    .text.MX_FREERTOS_Init  app_freertos.o
    0x080059d4   0x080059d4   0x00000178   Code   RO           56    .text.MX_GPIO_Init  gpio.o
    0x08005b4c   0x08005b4c   0x0000006c   Code   RO          102    .text.MX_I2C2_Init  i2c.o
    0x08005bb8   0x08005bb8   0x0000006c   Code   RO          104    .text.MX_I2C3_Init  i2c.o
    0x08005c24   0x08005c24   0x0000006c   Code   RO          106    .text.MX_I2C4_Init  i2c.o
    0x08005c90   0x08005c90   0x00000080   Code   RO          123    .text.MX_LPUART1_UART_Init  usart.o
    0x08005d10   0x08005d10   0x00000050   Code   RO          154    .text.MX_SPI1_Init  spi.o
    0x08005d60   0x08005d60   0x00000058   Code   RO          156    .text.MX_SPI2_Init  spi.o
    0x08005db8   0x08005db8   0x00000050   Code   RO          158    .text.MX_SPI3_Init  spi.o
    0x08005e08   0x08005e08   0x0000004e   Code   RO          160    .text.MX_SPI4_Init  spi.o
    0x08005e56   0x08005e56   0x00000002   PAD
    0x08005e58   0x08005e58   0x0000011e   Code   RO          194    .text.MX_TIM15_Init  tim.o
    0x08005f76   0x08005f76   0x00000002   PAD
    0x08005f78   0x08005f78   0x0000003c   Code   RO          196    .text.MX_TIM16_Init  tim.o
    0x08005fb4   0x08005fb4   0x00000038   Code   RO          198    .text.MX_TIM17_Init  tim.o
    0x08005fec   0x08005fec   0x00000162   Code   RO          178    .text.MX_TIM1_Init  tim.o
    0x0800614e   0x0800614e   0x00000002   PAD
    0x08006150   0x08006150   0x0000015e   Code   RO          200    .text.MX_TIM20_Init  tim.o
    0x080062ae   0x080062ae   0x00000002   PAD
    0x080062b0   0x080062b0   0x00000064   Code   RO          182    .text.MX_TIM2_Init  tim.o
    0x08006314   0x08006314   0x00000068   Code   RO          184    .text.MX_TIM3_Init  tim.o
    0x0800637c   0x0800637c   0x00000068   Code   RO          186    .text.MX_TIM4_Init  tim.o
    0x080063e4   0x080063e4   0x00000068   Code   RO          188    .text.MX_TIM5_Init  tim.o
    0x0800644c   0x0800644c   0x00000050   Code   RO          190    .text.MX_TIM6_Init  tim.o
    0x0800649c   0x0800649c   0x00000050   Code   RO          192    .text.MX_TIM7_Init  tim.o
    0x080064ec   0x080064ec   0x00000082   Code   RO          125    .text.MX_USART1_UART_Init  usart.o
    0x0800656e   0x0800656e   0x00000002   PAD
    0x08006570   0x08006570   0x00000082   Code   RO          127    .text.MX_USART2_UART_Init  usart.o
    0x080065f2   0x080065f2   0x00000002   PAD
    0x080065f4   0x080065f4   0x00000082   Code   RO          129    .text.MX_USART3_UART_Init  usart.o
    0x08006676   0x08006676   0x00000002   PAD
    0x08006678   0x08006678   0x00000034   Code   RO          229    .text.MX_USB_PCD_Init  usb.o
    0x080066ac   0x080066ac   0x00000002   Code   RO          248    .text.MemManage_Handler  stm32g4xx_it.o
    0x080066ae   0x080066ae   0x00000002   PAD
    0x080066b0   0x080066b0   0x00000002   Code   RO          244    .text.NMI_Handler   stm32g4xx_it.o
    0x080066b2   0x080066b2   0x00000002   PAD
    0x080066b4   0x080066b4   0x00000008   Code   RO           13    .text.OnChassicControl  mainwork.o
    0x080066bc   0x080066bc   0x00000008   Code   RO           17    .text.OnPlannerUpdate  mainwork.o
    0x080066c4   0x080066c4   0x00000008   Code   RO           15    .text.Onmaincpp     mainwork.o
    0x080066cc   0x080066cc   0x00000004   PAD
    0x080066d0   0x080066d0   0x00000064   Code   RO         2553    .text.PendSV_Handler  port.o
    0x08006734   0x08006734   0x00000036   Code   RO         2127    .text.Ping          gray.o
    0x0800676a   0x0800676a   0x00000006   PAD
    0x08006770   0x08006770   0x00000024   Code   RO         2537    .text.SVC_Handler   port.o
    0x08006794   0x08006794   0x00000008   Code   RO           69    .text.StartDefaultTask  app_freertos.o
    0x0800679c   0x0800679c   0x00000018   Code   RO          256    .text.SysTick_Handler  stm32g4xx_it.o
    0x080067b4   0x080067b4   0x00000012   Code   RO         1938    .text.SystemInit    system_stm32g4xx.o
    0x080067c6   0x080067c6   0x00000002   PAD
    0x080067c8   0x080067c8   0x0000001e   Code   RO          260    .text.TIM1_BRK_TIM15_IRQHandler  stm32g4xx_it.o
    0x080067e6   0x080067e6   0x00000002   PAD
    0x080067e8   0x080067e8   0x0000001e   Code   RO          264    .text.TIM1_TRG_COM_TIM17_IRQHandler  stm32g4xx_it.o
    0x08006806   0x08006806   0x00000002   PAD
    0x08006808   0x08006808   0x0000001e   Code   RO          262    .text.TIM1_UP_TIM16_IRQHandler  stm32g4xx_it.o
    0x08006826   0x08006826   0x00000002   PAD
    0x08006828   0x08006828   0x00000152   Code   RO         1418    .text.TIM_Base_SetConfig  stm32g4xx_hal_tim.o
    0x0800697a   0x0800697a   0x00000002   PAD
    0x0800697c   0x0800697c   0x000000e6   Code   RO         1108    .text.UART_AdvFeatureConfig  stm32g4xx_hal_uart.o
    0x08006a62   0x08006a62   0x00000002   PAD
    0x08006a64   0x08006a64   0x0000016a   Code   RO         1112    .text.UART_CheckIdleState  stm32g4xx_hal_uart.o
    0x08006bce   0x08006bce   0x00000002   PAD
    0x08006bd0   0x08006bd0   0x0000000c   Code   RO         1190    .text.UART_DMAAbortOnError  stm32g4xx_hal_uart.o
    0x08006bdc   0x08006bdc   0x000001da   Code   RO         1150    .text.UART_DMAError  stm32g4xx_hal_uart.o
    0x08006db6   0x08006db6   0x00000002   PAD
    0x08006db8   0x08006db8   0x00000164   Code   RO         1234    .text.UART_DMAReceiveCplt  stm32g4xx_hal_uart.o
    0x08006f1c   0x08006f1c   0x0000001a   Code   RO         1236    .text.UART_DMARxHalfCplt  stm32g4xx_hal_uart.o
    0x08006f36   0x08006f36   0x00000002   PAD
    0x08006f38   0x08006f38   0x000001b2   Code   RO         1230    .text.UART_RxISR_16BIT  stm32g4xx_hal_uart.o
    0x080070ea   0x080070ea   0x00000002   PAD
    0x080070ec   0x080070ec   0x0000031e   Code   RO         1226    .text.UART_RxISR_16BIT_FIFOEN  stm32g4xx_hal_uart.o
    0x0800740a   0x0800740a   0x00000002   PAD
    0x0800740c   0x0800740c   0x000001b6   Code   RO         1232    .text.UART_RxISR_8BIT  stm32g4xx_hal_uart.o
    0x080075c2   0x080075c2   0x00000002   PAD
    0x080075c4   0x080075c4   0x00000322   Code   RO         1228    .text.UART_RxISR_8BIT_FIFOEN  stm32g4xx_hal_uart.o
    0x080078e6   0x080078e6   0x00000002   PAD
    0x080078e8   0x080078e8   0x000002b4   Code   RO         1110    .text.UART_SetConfig  stm32g4xx_hal_uart.o
    0x08007b9c   0x08007b9c   0x00000146   Code   RO         1154    .text.UART_Start_Receive_DMA  stm32g4xx_hal_uart.o
    0x08007ce2   0x08007ce2   0x00000002   PAD
    0x08007ce4   0x08007ce4   0x00000262   Code   RO         1142    .text.UART_Start_Receive_IT  stm32g4xx_hal_uart.o
    0x08007f46   0x08007f46   0x00000002   PAD
    0x08007f48   0x08007f48   0x00000336   Code   RO         1126    .text.UART_WaitOnFlagUntilTimeout  stm32g4xx_hal_uart.o
    0x0800827e   0x0800827e   0x00000002   PAD
    0x08008280   0x08008280   0x0000000c   Code   RO          266    .text.USART1_IRQHandler  stm32g4xx_it.o
    0x0800828c   0x0800828c   0x0000001a   Code   RO         1894    .text.USB_DevInit   stm32g4xx_ll_usb.o
    0x080082a6   0x080082a6   0x00000002   PAD
    0x080082a8   0x080082a8   0x00000014   Code   RO         1890    .text.USB_DisableGlobalInt  stm32g4xx_ll_usb.o
    0x080082bc   0x080082bc   0x00000002   Code   RO          252    .text.UsageFault_Handler  stm32g4xx_it.o
    0x080082be   0x080082be   0x00000002   PAD
    0x080082c0   0x080082c0   0x00000020   Code   RO          137    .text.fputc         usart.o
    0x080082e0   0x080082e0   0x00000058   Code   RO           25    .text.gray_read_task  mainwork.o
    0x08008338   0x08008338   0x00000156   Code   RO           41    .text.main          main.o
    0x0800848e   0x0800848e   0x00000002   PAD
    0x08008490   0x08008490   0x000001f4   Code   RO           11    .text.main_work     mainwork.o
    0x08008684   0x08008684   0x00000010   Code   RO         2415    .text.osDelay       cmsis_os.o
    0x08008694   0x08008694   0x0000000a   Code   RO         2397    .text.osKernelStart  cmsis_os.o
    0x0800869e   0x0800869e   0x00000002   PAD
    0x080086a0   0x080086a0   0x0000005c   Code   RO         2403    .text.osThreadCreate  cmsis_os.o
    0x080086fc   0x080086fc   0x000000fc   Code   RO         2295    .text.prvAddNewTaskToReadyList  tasks.o
    0x080087f8   0x080087f8   0x00000086   Code   RO         2325    .text.prvIdleTask   tasks.o
    0x0800887e   0x0800887e   0x00000002   PAD
    0x08008880   0x08008880   0x000000f4   Code   RO         2293    .text.prvInitialiseNewTask  tasks.o
    0x08008974   0x08008974   0x00000028   Code   RO         2545    .text.prvPortStartFirstTask  port.o
    0x0800899c   0x0800899c   0x0000003e   Code   RO         2535    .text.prvTaskExitError  port.o
    0x080089da   0x080089da   0x00000002   PAD
    0x080089dc   0x080089dc   0x000001f0   Code   RO         2511    .text.pvPortMalloc  heap_4.o
    0x08008bcc   0x08008bcc   0x00000024   Code   RO         2533    .text.pxPortInitialiseStack  port.o
    0x08008bf0   0x08008bf0   0x00000022   Code   RO           23    .text.tcs230_read_task  mainwork.o
    0x08008c12   0x08008c12   0x00000002   PAD
    0x08008c14   0x08008c14   0x00000022   Code   RO         2184    .text.uxListRemove  list.o
    0x08008c36   0x08008c36   0x00000002   PAD
    0x08008c38   0x08008c38   0x0000001a   Code   RO           65    .text.vApplicationGetIdleTaskMemory  app_freertos.o
    0x08008c52   0x08008c52   0x00000002   PAD
    0x08008c54   0x08008c54   0x00000016   Code   RO         2176    .text.vListInitialise  list.o
    0x08008c6a   0x08008c6a   0x00000002   PAD
    0x08008c6c   0x08008c6c   0x00000006   Code   RO         2178    .text.vListInitialiseItem  list.o
    0x08008c72   0x08008c72   0x00000002   PAD
    0x08008c74   0x08008c74   0x00000062   Code   RO         2182    .text.vListInsert   list.o
    0x08008cd6   0x08008cd6   0x00000002   PAD
    0x08008cd8   0x08008cd8   0x0000001a   Code   RO         2180    .text.vListInsertEnd  list.o
    0x08008cf2   0x08008cf2   0x00000002   PAD
    0x08008cf4   0x08008cf4   0x00000014   Code   RO         2543    .text.vPortEnableVFP  port.o
    0x08008d08   0x08008d08   0x00000046   Code   RO         2549    .text.vPortEnterCritical  port.o
    0x08008d4e   0x08008d4e   0x00000002   PAD
    0x08008d50   0x08008d50   0x0000002e   Code   RO         2551    .text.vPortExitCritical  port.o
    0x08008d7e   0x08008d7e   0x00000002   PAD
    0x08008d80   0x08008d80   0x000000d4   Code   RO         2513    .text.vPortFree     heap_4.o
    0x08008e54   0x08008e54   0x00000034   Code   RO         2541    .text.vPortSetupTimerInterrupt  port.o
    0x08008e88   0x08008e88   0x0000009e   Code   RO         2301    .text.vTaskDelay    tasks.o
    0x08008f26   0x08008f26   0x00000002   PAD
    0x08008f28   0x08008f28   0x000000cc   Code   RO         2323    .text.vTaskStartScheduler  tasks.o
    0x08008ff4   0x08008ff4   0x00000010   Code   RO         2303    .text.vTaskSuspendAll  tasks.o
    0x08009004   0x08009004   0x0000006e   Code   RO         2317    .text.vTaskSwitchContext  tasks.o
    0x08009072   0x08009072   0x00000002   PAD
    0x08009074   0x08009074   0x0000000a   Code   RO           27    .text.wheel_state_read_task  mainwork.o
    0x0800907e   0x0800907e   0x00000002   PAD
    0x08009080   0x08009080   0x00000188   Code   RO         2539    .text.xPortStartScheduler  port.o
    0x08009208   0x08009208   0x0000002e   Code   RO         2555    .text.xPortSysTickHandler  port.o
    0x08009236   0x08009236   0x00000002   PAD
    0x08009238   0x08009238   0x00000060   Code   RO         2297    .text.xTaskCreate   tasks.o
    0x08009298   0x08009298   0x00000076   Code   RO         2291    .text.xTaskCreateStatic  tasks.o
    0x0800930e   0x0800930e   0x00000002   PAD
    0x08009310   0x08009310   0x0000001e   Code   RO         2359    .text.xTaskGetSchedulerState  tasks.o
    0x0800932e   0x0800932e   0x00000002   PAD
    0x08009330   0x08009330   0x00000106   Code   RO         2329    .text.xTaskIncrementTick  tasks.o
    0x08009436   0x08009436   0x00000002   PAD
    0x08009438   0x08009438   0x000000ea   Code   RO         2307    .text.xTaskResumeAll  tasks.o
    0x08009522   0x08009522   0x0000000e   Code   RO         2692    i.__scatterload_copy  mc_w.l(handlers.o)
    0x08009530   0x08009530   0x00000002   Code   RO         2693    i.__scatterload_null  mc_w.l(handlers.o)
    0x08009532   0x08009532   0x0000000e   Code   RO         2694    i.__scatterload_zeroinit  mc_w.l(handlers.o)
    0x08009540   0x08009540   0x00000024   Code   RO         2599    i.puts              mc_w.l(puts.o)
    0x08009564   0x08009564   0x00000040   Data   RO         2688    .constdata          mc_w.l(ctype_c.o)
    0x080095a4   0x080095a4   0x00000010   Data   RO         1943    .rodata.AHBPrescTable  system_stm32g4xx.o
    0x080095b4   0x080095b4   0x00000008   Data   RO         1944    .rodata.APBPrescTable  system_stm32g4xx.o
    0x080095bc   0x080095bc   0x00000018   Data   RO         1238    .rodata.UARTPrescTable  stm32g4xx_hal_uart.o
    0x080095d4   0x080095d4   0x00000010   Data   RO          406    .rodata.cst16       stm32g4xx_hal_fdcan.o
    0x080095e4   0x080095e4   0x00000010   Data   RO         1239    .rodata.cst16       stm32g4xx_hal_uart.o
    0x080095f4   0x080095f4   0x00000010   Data   RO         1280    .rodata.cst8        stm32g4xx_hal_uart_ex.o
    0x08009604   0x08009604   0x0000000d   Data   RO           29    .rodata.str1.1      mainwork.o
    0x08009611   0x08009611   0x0000000c   Data   RO           73    .rodata.str1.1      app_freertos.o
    0x0800961d   0x0800961d   0x0000000a   Data   RO         2088    .rodata.str1.1      tcs230.o
    0x08009627   0x08009627   0x00000001   PAD
    0x08009628   0x08009628   0x00000020   Data   RO         2691    Region$$Table       anon$$obj.o


    Execution Region RW_IRAM1 (Exec base: 0x20000000, Load base: 0x08009648, Size: 0x00005c88, Max: 0x00020000, ABSOLUTE)

    Exec Addr    Load Addr    Size         Type   Attr      Idx    E Section Name        Object

    0x20000000   0x08009648   0x00000004   Data   RW         2637    .data               mc_w.l(stdout.o)
    0x20000004   0x0800964c   0x00000008   Data   RW          492    .data..L_MergedGlobals  stm32g4xx_hal.o
    0x2000000c   0x08009654   0x00000004   Data   RW         1942    .data.SystemCoreClock  system_stm32g4xx.o
    0x20000010   0x08009658   0x00000004   Data   RW         2559    .data.uxCriticalNesting  port.o
    0x20000014   0x0800965c   0x00000004   PAD
    0x20000018        -       0x0000003c   Zero   RW           30    .bss..L_MergedGlobals  mainwork.o
    0x20000054        -       0x00000002   Zero   RW          145    .bss..L_MergedGlobals  usart.o
    0x20000056   0x0800965c   0x00000002   PAD
    0x20000058        -       0x0000006c   Zero   RW         1965    .bss..L_MergedGlobals  bsp_fdcan.o
    0x200000c4        -       0x00000010   Zero   RW         2066    .bss..L_MergedGlobals  bsp_usart.o
    0x200000d4        -       0x00000004   Zero   RW         2089    .bss..L_MergedGlobals  tcs230.o
    0x200000d8        -       0x00000078   Zero   RW         2386    .bss..L_MergedGlobals  tasks.o
    0x20000150        -       0x00000020   Zero   RW         2524    .bss..L_MergedGlobals  heap_4.o
    0x20000170        -       0x00000008   Zero   RW         2560    .bss..L_MergedGlobals  port.o
    0x20000178        -       0x00000028   Zero   RW         2387    .bss..L_MergedGlobals.2  tasks.o
    0x200001a0        -       0x00000004   Zero   RW           93    .bss.HAL_RCC_FDCAN_CLK_ENABLED  fdcan.o
    0x200001a4        -       0x00000001   Zero   RW         2082    .bss.RxData         tcs230.o
    0x200001a5   0x0800965c   0x00000003   PAD
    0x200001a8        -       0x00000004   Zero   RW         2084    .bss.blue           tcs230.o
    0x200001ac        -       0x00000004   Zero   RW           74    .bss.defaultTaskHandle  app_freertos.o
    0x200001b0        -       0x00000004   Zero   RW         2085    .bss.green          tcs230.o
    0x200001b4        -       0x00000064   Zero   RW           91    .bss.hfdcan1        fdcan.o
    0x20000218        -       0x00000064   Zero   RW           92    .bss.hfdcan2        fdcan.o
    0x2000027c        -       0x00000054   Zero   RW          112    .bss.hi2c2          i2c.o
    0x200002d0        -       0x00000054   Zero   RW          113    .bss.hi2c3          i2c.o
    0x20000324        -       0x00000054   Zero   RW          114    .bss.hi2c4          i2c.o
    0x20000378        -       0x00000094   Zero   RW          141    .bss.hlpuart1       usart.o
    0x2000040c        -       0x000002dc   Zero   RW          235    .bss.hpcd_USB_FS    usb.o
    0x200006e8        -       0x00000064   Zero   RW          166    .bss.hspi1          spi.o
    0x2000074c        -       0x00000064   Zero   RW          167    .bss.hspi2          spi.o
    0x200007b0        -       0x00000064   Zero   RW          168    .bss.hspi3          spi.o
    0x20000814        -       0x00000064   Zero   RW          169    .bss.hspi4          spi.o
    0x20000878        -       0x0000004c   Zero   RW          210    .bss.htim1          tim.o
    0x200008c4        -       0x0000004c   Zero   RW          217    .bss.htim15         tim.o
    0x20000910        -       0x0000004c   Zero   RW          218    .bss.htim16         tim.o
    0x2000095c        -       0x0000004c   Zero   RW          219    .bss.htim17         tim.o
    0x200009a8        -       0x0000004c   Zero   RW          211    .bss.htim2          tim.o
    0x200009f4        -       0x0000004c   Zero   RW          220    .bss.htim20         tim.o
    0x20000a40        -       0x0000004c   Zero   RW          212    .bss.htim3          tim.o
    0x20000a8c        -       0x0000004c   Zero   RW          213    .bss.htim4          tim.o
    0x20000ad8        -       0x0000004c   Zero   RW          214    .bss.htim5          tim.o
    0x20000b24        -       0x0000004c   Zero   RW          215    .bss.htim6          tim.o
    0x20000b70        -       0x0000004c   Zero   RW          216    .bss.htim7          tim.o
    0x20000bbc        -       0x00000094   Zero   RW          142    .bss.huart1         usart.o
    0x20000c50        -       0x00000094   Zero   RW          143    .bss.huart2         usart.o
    0x20000ce4        -       0x00000094   Zero   RW          144    .bss.huart3         usart.o
    0x20000d78        -       0x0000008c   Zero   RW         2385    .bss.pxReadyTasksLists  tasks.o
    0x20000e04        -       0x00000004   Zero   RW         2083    .bss.red            tcs230.o
    0x20000e08        -       0x00000028   Zero   RW         2081    .bss.tcs_string     tcs230.o
    0x20000e30        -       0x00003c00   Zero   RW         2523    .bss.ucHeap         heap_4.o
    0x20004a30        -       0x00000004   Zero   RW          491    .bss.uwTick         stm32g4xx_hal.o
    0x20004a34        -       0x00000200   Zero   RW           72    .bss.xIdleStack     app_freertos.o
    0x20004c34        -       0x00000054   Zero   RW           71    .bss.xIdleTaskTCBBuffer  app_freertos.o
    0x20004c88        -       0x00001000   Zero   RW            1    STACK               startup_stm32g473xx.o


==============================================================================

Image component sizes


      Code (inc. data)   RO Data    RW Data    ZI Data      Debug   Object Name

       114         28         12          0        600       3135   app_freertos.o
       408          0          0          0        108       7535   bsp_fdcan.o
       324          0          0          0         16       6854   bsp_usart.o
       118          0          0          0          0      24873   cmsis_os.o
       458          0          0          0        204       8627   fdcan.o
       376          0          0          0          0       2544   gpio.o
       200          0          0          0          0       4021   gray.o
       708          0          0          0      15392       5784   heap_4.o
       676          0          0          0        252       7572   i2c.o
       186          0          0          0          0       2340   list.o
       354          0          0          0          0       7694   main.o
       674        136         13          0         60       3077   mainwork.o
       900         16          0          4          8       4376   port.o
       760          0          0          0        400       6650   spi.o
        36          8        472          0       4096        864   startup_stm32g473xx.o
       188          0          0          8          4       9408   stm32g4xx_hal.o
       196          0          0          0          0      10906   stm32g4xx_hal_cortex.o
       472          0          0          0          0       9165   stm32g4xx_hal_dma.o
      1370          0         16          0          0      23166   stm32g4xx_hal_fdcan.o
       446          0          0          0          0       5247   stm32g4xx_hal_gpio.o
      2180          0          0          0          0      61912   stm32g4xx_hal_i2c.o
       146          0          0          0          0       6570   stm32g4xx_hal_i2c_ex.o
        70          0          0          0          0       3950   stm32g4xx_hal_msp.o
       540          0          0          0          0      16273   stm32g4xx_hal_pcd.o
        42          0          0          0          0       5696   stm32g4xx_hal_pcd_ex.o
       288          0          0          0          0       9106   stm32g4xx_hal_pwr_ex.o
      2216          0          0          0          0      10103   stm32g4xx_hal_rcc.o
       726          0          0          0          0      11181   stm32g4xx_hal_rcc_ex.o
       228          0          0          0          0      26214   stm32g4xx_hal_spi.o
      3688         20          0          0          0      62847   stm32g4xx_hal_tim.o
       448          0          0          0          0      30439   stm32g4xx_hal_tim_ex.o
      8700         48         40          0          0      41772   stm32g4xx_hal_uart.o
       492          0         16          0          0      11223   stm32g4xx_hal_uart_ex.o
       162          0          0          0          0       9250   stm32g4xx_it.o
        46          0          0          0          0      20056   stm32g4xx_ll_usb.o
        18          0         24          4          0       2776   system_stm32g4xx.o
      1858          8          0          0        300      28259   tasks.o
       432          8         10          0         57       2002   tcs230.o
      2644          4          0          0        836      16793   tim.o
      1256         16          0          0        594      11274   usart.o
       138          0          0          0        732       5392   usb.o

    ----------------------------------------------------------------------
     35522        292        636         16      23668     546926   Object Totals
         0          0         32          0          0          0   (incl. Generated)
       240          0          1          0          9          0   (incl. Padding)

    ----------------------------------------------------------------------

      Code (inc. data)   RO Data    RW Data    ZI Data      Debug   Library Member Name

        56          8          0          0          0         84   __0sscanf.o
        28          0          0          0          0         68   _chval.o
       812          4          0          0          0        112   _scanf.o
       332          0          0          0          0         96   _scanf_int.o
        64          0          0          0          0         84   _sgetc.o
        40          6         64          0          0         68   ctype_c.o
         0          0          0          0          0          0   entry.o
         0          0          0          0          0          0   entry10a.o
         0          0          0          0          0          0   entry11a.o
         8          4          0          0          0          0   entry2.o
         4          0          0          0          0          0   entry5.o
         0          0          0          0          0          0   entry7b.o
         0          0          0          0          0          0   entry8b.o
         8          4          0          0          0          0   entry9a.o
        30          0          0          0          0          0   handlers.o
        48         10          0          0          0         68   init.o
        10          0          0          0          0         68   isspace_c.o
         0          0          0          0          0          0   iusefp.o
        30          0          0          0          0         68   llshl.o
        32          0          0          0          0         68   llushr.o
        36          0          0          0          0         68   memcpya.o
        36          0          0          0          0        108   memseta.o
        36          6          0          0          0         80   puts.o
        40          8          0          0          0         84   scanf_char.o
         0          0          0          4          0          0   stdout.o
        98          0          0          0          0         92   uldiv.o
        54          0          0          0          0         80   dcmplt.o
       186          0          0          0          0        176   depilogue.o
        26          0          0          0          0         76   dfltui.o
       228          0          0          0          0         96   dmul.o

    ----------------------------------------------------------------------
      2250         50         64          4          0       1644   Library Totals
         8          0          0          0          0          0   (incl. Padding)

    ----------------------------------------------------------------------

      Code (inc. data)   RO Data    RW Data    ZI Data      Debug   Library Name

      1748         50         64          4          0       1216   mc_w.l
       494          0          0          0          0        428   mf_w.l

    ----------------------------------------------------------------------
      2250         50         64          4          0       1644   Library Totals

    ----------------------------------------------------------------------

==============================================================================


      Code (inc. data)   RO Data    RW Data    ZI Data      Debug   

     37772        342        700         20      23668     547162   Grand Totals
     37772        342        700         20      23668     547162   ELF Image Totals
     37772        342        700         20          0          0   ROM Totals

==============================================================================

    Total RO  Size (Code + RO Data)                38472 (  37.57kB)
    Total RW  Size (RW Data + ZI Data)             23688 (  23.13kB)
    Total ROM Size (Code + RO Data + RW Data)      38492 (  37.59kB)

==============================================================================

