Component: Arm Compiler for Embedded 6.22 Tool: armlink [5ee90200]

==============================================================================

Section Cross References

    startup_stm32g473xx.o(RESET) refers to startup_stm32g473xx.o(STACK) for __initial_sp
    startup_stm32g473xx.o(RESET) refers to startup_stm32g473xx.o(.text) for Reset_Handler
    startup_stm32g473xx.o(RESET) refers to stm32g4xx_it.o(.text.NMI_Handler) for NMI_Handler
    startup_stm32g473xx.o(RESET) refers to stm32g4xx_it.o(.text.HardFault_Handler) for HardFault_Handler
    startup_stm32g473xx.o(RESET) refers to stm32g4xx_it.o(.text.MemManage_Handler) for MemManage_Handler
    startup_stm32g473xx.o(RESET) refers to stm32g4xx_it.o(.text.BusFault_Handler) for BusFault_Handler
    startup_stm32g473xx.o(RESET) refers to stm32g4xx_it.o(.text.UsageFault_Handler) for UsageFault_Handler
    startup_stm32g473xx.o(RESET) refers to port.o(.text.SVC_Handler) for SVC_Handler
    startup_stm32g473xx.o(RESET) refers to stm32g4xx_it.o(.text.DebugMon_Handler) for DebugMon_Handler
    startup_stm32g473xx.o(RESET) refers to port.o(.text.PendSV_Handler) for PendSV_Handler
    startup_stm32g473xx.o(RESET) refers to stm32g4xx_it.o(.text.SysTick_Handler) for SysTick_Handler
    startup_stm32g473xx.o(RESET) refers to stm32g4xx_it.o(.text.DMA1_Channel1_IRQHandler) for DMA1_Channel1_IRQHandler
    startup_stm32g473xx.o(RESET) refers to stm32g4xx_it.o(.text.DMA1_Channel2_IRQHandler) for DMA1_Channel2_IRQHandler
    startup_stm32g473xx.o(RESET) refers to stm32g4xx_it.o(.text.FDCAN1_IT0_IRQHandler) for FDCAN1_IT0_IRQHandler
    startup_stm32g473xx.o(RESET) refers to stm32g4xx_it.o(.text.TIM1_BRK_TIM15_IRQHandler) for TIM1_BRK_TIM15_IRQHandler
    startup_stm32g473xx.o(RESET) refers to stm32g4xx_it.o(.text.TIM1_UP_TIM16_IRQHandler) for TIM1_UP_TIM16_IRQHandler
    startup_stm32g473xx.o(RESET) refers to stm32g4xx_it.o(.text.TIM1_TRG_COM_TIM17_IRQHandler) for TIM1_TRG_COM_TIM17_IRQHandler
    startup_stm32g473xx.o(RESET) refers to stm32g4xx_it.o(.text.USART1_IRQHandler) for USART1_IRQHandler
    startup_stm32g473xx.o(RESET) refers to stm32g4xx_it.o(.text.TIM6_DAC_IRQHandler) for TIM6_DAC_IRQHandler
    startup_stm32g473xx.o(RESET) refers to stm32g4xx_it.o(.text.FDCAN2_IT1_IRQHandler) for FDCAN2_IT1_IRQHandler
    startup_stm32g473xx.o(.text) refers to system_stm32g4xx.o(.text.SystemInit) for SystemInit
    startup_stm32g473xx.o(.text) refers to entry.o(.ARM.Collect$$$$00000000) for __main
    mainwork.o(.text.main_work) refers to usart.o(.bss.huart1) for huart1
    mainwork.o(.text.main_work) refers to tcs230.o(.bss.RxData) for RxData
    mainwork.o(.text.main_work) refers to stm32g4xx_hal_uart.o(.text.HAL_UART_Receive_IT) for HAL_UART_Receive_IT
    mainwork.o(.text.main_work) refers to mainwork.o(.rodata.str1.1) for .L.str
    mainwork.o(.text.main_work) refers to printfa.o(i.__0printf) for printf
    mainwork.o(.text.main_work) refers to mainwork.o(.bss.Chassic_control_handle) for Chassic_control_handle
    mainwork.o(.text.main_work) refers to mainwork.o(.text.OnChassicControl) for OnChassicControl
    mainwork.o(.text.main_work) refers to tasks.o(.text.xTaskCreate) for xTaskCreate
    mainwork.o(.text.main_work) refers to mainwork.o(.bss.main_cpp_handle) for main_cpp_handle
    mainwork.o(.text.main_work) refers to mainwork.o(.text.Onmaincpp) for Onmaincpp
    mainwork.o(.text.main_work) refers to mainwork.o(.bss.Planner_update_handle) for Planner_update_handle
    mainwork.o(.text.main_work) refers to mainwork.o(.text.OnPlannerUpdate) for OnPlannerUpdate
    mainwork.o(.text.main_work) refers to mainwork.o(.bss.IMU_read_handle) for IMU_read_handle
    mainwork.o(.text.main_work) refers to mainwork.o(.text.IMU_Read_task) for IMU_Read_task
    mainwork.o(.text.main_work) refers to mainwork.o(.bss.LCD_Show_handle) for LCD_Show_handle
    mainwork.o(.text.main_work) refers to mainwork.o(.text.LCD_Show_task) for LCD_Show_task
    mainwork.o(.text.main_work) refers to mainwork.o(.bss.tcs230_read_handle) for tcs230_read_handle
    mainwork.o(.text.main_work) refers to mainwork.o(.text.tcs230_read_task) for tcs230_read_task
    mainwork.o(.text.main_work) refers to mainwork.o(.bss.gray_read_handle) for gray_read_handle
    mainwork.o(.text.main_work) refers to mainwork.o(.text.gray_read_task) for gray_read_task
    mainwork.o(.text.main_work) refers to mainwork.o(.bss.tcd1103_read_handle) for tcd1103_read_handle
    mainwork.o(.text.main_work) refers to mainwork.o(.text.tcd1103_read_task) for tcd1103_read_task
    mainwork.o(.ARM.exidx.text.main_work) refers to mainwork.o(.text.main_work) for [Anonymous Symbol]
    mainwork.o(.text.OnChassicControl) refers to tasks.o(.text.vTaskDelay) for vTaskDelay
    mainwork.o(.ARM.exidx.text.OnChassicControl) refers to mainwork.o(.text.OnChassicControl) for [Anonymous Symbol]
    mainwork.o(.text.Onmaincpp) refers to tasks.o(.text.vTaskDelay) for vTaskDelay
[...]
    HAL_Init                                 0x08004dc1   Thumb Code    48  stm32g4xx_hal.o(.text.HAL_Init)
    HAL_InitTick                             0x08004df1   Thumb Code   136  stm32g4xx_hal.o(.text.HAL_InitTick)
    HAL_MspInit                              0x08004e79   Thumb Code    84  stm32g4xx_hal_msp.o(.text.HAL_MspInit)
    HAL_NVIC_EnableIRQ                       0x08004ecd   Thumb Code    20  stm32g4xx_hal_cortex.o(.text.HAL_NVIC_EnableIRQ)
    HAL_NVIC_SetPriority                     0x08004ee1   Thumb Code    46  stm32g4xx_hal_cortex.o(.text.HAL_NVIC_SetPriority)
    HAL_NVIC_SetPriorityGrouping             0x08004f11   Thumb Code    16  stm32g4xx_hal_cortex.o(.text.HAL_NVIC_SetPriorityGrouping)
    HAL_PCDEx_ActivateLPM                    0x08004f21   Thumb Code    58  stm32g4xx_hal_pcd_ex.o(.text.HAL_PCDEx_ActivateLPM)
    HAL_PCD_Init                             0x08004f5d   Thumb Code   404  stm32g4xx_hal_pcd.o(.text.HAL_PCD_Init)
    HAL_PCD_MspInit                          0x080050f1   Thumb Code    94  usb.o(.text.HAL_PCD_MspInit)
    HAL_PWREx_ControlVoltageScaling          0x08005151   Thumb Code   436  stm32g4xx_hal_pwr_ex.o(.text.HAL_PWREx_ControlVoltageScaling)
    HAL_PWREx_DisableUCPDDeadBattery         0x08005305   Thumb Code    18  stm32g4xx_hal_pwr_ex.o(.text.HAL_PWREx_DisableUCPDDeadBattery)
    HAL_RCCEx_PeriphCLKConfig                0x08005319   Thumb Code  1316  stm32g4xx_hal_rcc_ex.o(.text.HAL_RCCEx_PeriphCLKConfig)
    HAL_RCC_ClockConfig                      0x0800583d   Thumb Code   806  stm32g4xx_hal_rcc.o(.text.HAL_RCC_ClockConfig)
    HAL_RCC_GetHCLKFreq                      0x08005b65   Thumb Code    12  stm32g4xx_hal_rcc.o(.text.HAL_RCC_GetHCLKFreq)
    HAL_RCC_GetPCLK1Freq                     0x08005b71   Thumb Code    38  stm32g4xx_hal_rcc.o(.text.HAL_RCC_GetPCLK1Freq)
    HAL_RCC_GetPCLK2Freq                     0x08005b99   Thumb Code    38  stm32g4xx_hal_rcc.o(.text.HAL_RCC_GetPCLK2Freq)
    HAL_RCC_GetSysClockFreq                  0x08005bc1   Thumb Code   252  stm32g4xx_hal_rcc.o(.text.HAL_RCC_GetSysClockFreq)
    HAL_RCC_OscConfig                        0x08005cbd   Thumb Code  1974  stm32g4xx_hal_rcc.o(.text.HAL_RCC_OscConfig)
    HAL_SPI_Init                             0x08006475   Thumb Code   336  stm32g4xx_hal_spi.o(.text.HAL_SPI_Init)
    HAL_SPI_MspInit                          0x080065c5   Thumb Code   552  spi.o(.text.HAL_SPI_MspInit)
    HAL_SYSTICK_Config                       0x080067ed   Thumb Code    16  stm32g4xx_hal_cortex.o(.text.HAL_SYSTICK_Config)
    HAL_TIMEx_Break2Callback                 0x080067fd   Thumb Code     8  stm32g4xx_hal_tim_ex.o(.text.HAL_TIMEx_Break2Callback)
    HAL_TIMEx_BreakCallback                  0x08006805   Thumb Code     8  stm32g4xx_hal_tim_ex.o(.text.HAL_TIMEx_BreakCallback)
    HAL_TIMEx_CommutCallback                 0x0800680d   Thumb Code     8  stm32g4xx_hal_tim_ex.o(.text.HAL_TIMEx_CommutCallback)
    HAL_TIMEx_ConfigBreakDeadTime            0x08006815   Thumb Code   322  stm32g4xx_hal_tim_ex.o(.text.HAL_TIMEx_ConfigBreakDeadTime)
    HAL_TIMEx_DirectionChangeCallback        0x08006959   Thumb Code     8  stm32g4xx_hal_tim_ex.o(.text.HAL_TIMEx_DirectionChangeCallback)
    HAL_TIMEx_EncoderIndexCallback           0x08006961   Thumb Code     8  stm32g4xx_hal_tim_ex.o(.text.HAL_TIMEx_EncoderIndexCallback)
    HAL_TIMEx_IndexErrorCallback             0x08006969   Thumb Code     8  stm32g4xx_hal_tim_ex.o(.text.HAL_TIMEx_IndexErrorCallback)
    HAL_TIMEx_MasterConfigSynchronization    0x08006971   Thumb Code   372  stm32g4xx_hal_tim_ex.o(.text.HAL_TIMEx_MasterConfigSynchronization)
    HAL_TIMEx_TransitionErrorCallback        0x08006ae5   Thumb Code     8  stm32g4xx_hal_tim_ex.o(.text.HAL_TIMEx_TransitionErrorCallback)
    HAL_TIM_Base_Init                        0x08006aed   Thumb Code   168  stm32g4xx_hal_tim.o(.text.HAL_TIM_Base_Init)
    HAL_TIM_Base_MspInit                     0x08006b95   Thumb Code   554  tim.o(.text.HAL_TIM_Base_MspInit)
    HAL_TIM_Base_Start                       0x08006dc1   Thumb Code   250  stm32g4xx_hal_tim.o(.text.HAL_TIM_Base_Start)
    HAL_TIM_ConfigClockSource                0x08006ebd   Thumb Code   494  stm32g4xx_hal_tim.o(.text.HAL_TIM_ConfigClockSource)
    HAL_TIM_Encoder_Init                     0x080070ad   Thumb Code   308  stm32g4xx_hal_tim.o(.text.HAL_TIM_Encoder_Init)
    HAL_TIM_Encoder_MspInit                  0x080071e1   Thumb Code   460  tim.o(.text.HAL_TIM_Encoder_MspInit)
    HAL_TIM_Encoder_Start                    0x080073ad   Thumb Code   334  stm32g4xx_hal_tim.o(.text.HAL_TIM_Encoder_Start)
    HAL_TIM_IC_CaptureCallback               0x080074fd   Thumb Code     8  stm32g4xx_hal_tim.o(.text.HAL_TIM_IC_CaptureCallback)
    HAL_TIM_IRQHandler                       0x08007505   Thumb Code   768  stm32g4xx_hal_tim.o(.text.HAL_TIM_IRQHandler)
    HAL_TIM_MspPostInit                      0x08007805   Thumb Code   454  tim.o(.text.HAL_TIM_MspPostInit)
    HAL_TIM_OC_DelayElapsedCallback          0x080079cd   Thumb Code     8  stm32g4xx_hal_tim.o(.text.HAL_TIM_OC_DelayElapsedCallback)
    HAL_TIM_PWM_ConfigChannel                0x080079d5   Thumb Code   432  stm32g4xx_hal_tim.o(.text.HAL_TIM_PWM_ConfigChannel)
    HAL_TIM_PWM_Init                         0x08007b85   Thumb Code   168  stm32g4xx_hal_tim.o(.text.HAL_TIM_PWM_Init)
    HAL_TIM_PWM_MspInit                      0x08007c2d   Thumb Code     8  stm32g4xx_hal_tim.o(.text.HAL_TIM_PWM_MspInit)
    HAL_TIM_PWM_PulseFinishedCallback        0x08007c35   Thumb Code     8  stm32g4xx_hal_tim.o(.text.HAL_TIM_PWM_PulseFinishedCallback)
    HAL_TIM_PWM_Start                        0x08007c3d   Thumb Code   664  stm32g4xx_hal_tim.o(.text.HAL_TIM_PWM_Start)
    HAL_TIM_PeriodElapsedCallback            0x08007ed5   Thumb Code   212  main.o(.text.HAL_TIM_PeriodElapsedCallback)
    HAL_TIM_TriggerCallback                  0x08007fa9   Thumb Code     8  stm32g4xx_hal_tim.o(.text.HAL_TIM_TriggerCallback)
    HAL_UARTEx_DisableFifoMode               0x08007fb1   Thumb Code   124  stm32g4xx_hal_uart_ex.o(.text.HAL_UARTEx_DisableFifoMode)
    HAL_UARTEx_RxEventCallback               0x0800802d   Thumb Code    12  stm32g4xx_hal_uart.o(.text.HAL_UARTEx_RxEventCallback)
    HAL_UARTEx_RxFifoFullCallback            0x08008039   Thumb Code     8  stm32g4xx_hal_uart_ex.o(.text.HAL_UARTEx_RxFifoFullCallback)
    HAL_UARTEx_SetRxFifoThreshold            0x08008041   Thumb Code   140  stm32g4xx_hal_uart_ex.o(.text.HAL_UARTEx_SetRxFifoThreshold)
    HAL_UARTEx_SetTxFifoThreshold            0x080080cd   Thumb Code   140  stm32g4xx_hal_uart_ex.o(.text.HAL_UARTEx_SetTxFifoThreshold)
    HAL_UARTEx_TxFifoEmptyCallback           0x08008159   Thumb Code     8  stm32g4xx_hal_uart_ex.o(.text.HAL_UARTEx_TxFifoEmptyCallback)
    HAL_UARTEx_WakeupCallback                0x08008161   Thumb Code     8  stm32g4xx_hal_uart_ex.o(.text.HAL_UARTEx_WakeupCallback)
    HAL_UART_ErrorCallback                   0x08008169   Thumb Code     8  stm32g4xx_hal_uart.o(.text.HAL_UART_ErrorCallback)
    HAL_UART_IRQHandler                      0x08008171   Thumb Code  1430  stm32g4xx_hal_uart.o(.text.HAL_UART_IRQHandler)
    HAL_UART_Init                            0x08008709   Thumb Code   170  stm32g4xx_hal_uart.o(.text.HAL_UART_Init)
    HAL_UART_MspInit                         0x080087b5   Thumb Code   604  usart.o(.text.HAL_UART_MspInit)
    HAL_UART_Receive_IT                      0x08008a11   Thumb Code   160  stm32g4xx_hal_uart.o(.text.HAL_UART_Receive_IT)
    HAL_UART_RxCpltCallback                  0x08008ab1   Thumb Code   288  usart.o(.text.HAL_UART_RxCpltCallback)
    HAL_UART_Transmit                        0x08008bd1   Thumb Code   312  stm32g4xx_hal_uart.o(.text.HAL_UART_Transmit)
    HAL_UART_TxCpltCallback                  0x08008d09   Thumb Code     8  stm32g4xx_hal_uart.o(.text.HAL_UART_TxCpltCallback)
    HardFault_Handler                        0x08008d11   Thumb Code     4  stm32g4xx_it.o(.text.HardFault_Handler)
    IIC_Anolog_Normalize                     0x0800933d   Thumb Code    26  gray.o(.text.IIC_Anolog_Normalize)
    IIC_Get_Anolog                           0x08009359   Thumb Code    52  gray.o(.text.IIC_Get_Anolog)
    IIC_Get_Digtal                           0x0800938d   Thumb Code    26  gray.o(.text.IIC_Get_Digtal)
    IIC_ReadBytes                            0x080093a9   Thumb Code    72  gray.o(.text.IIC_ReadBytes)
    IIC_WriteBytes                           0x080093f1   Thumb Code    72  gray.o(.text.IIC_WriteBytes)
    IMU_Read_task                            0x08009439   Thumb Code    16  mainwork.o(.text.IMU_Read_task)
    LCD_Show_task                            0x08009449   Thumb Code    16  mainwork.o(.text.LCD_Show_task)
    MX_ADC3_Init                             0x08009741   Thumb Code   198  adc.o(.text.MX_ADC3_Init)
    MX_ADC4_Init                             0x08009809   Thumb Code   164  adc.o(.text.MX_ADC4_Init)
    MX_DMA_Init                              0x080098ad   Thumb Code   108  dma.o(.text.MX_DMA_Init)
    MX_FDCAN1_Init                           0x08009919   Thumb Code    86  fdcan.o(.text.MX_FDCAN1_Init)
    MX_FDCAN2_Init                           0x08009971   Thumb Code    86  fdcan.o(.text.MX_FDCAN2_Init)
    MX_FREERTOS_Init                         0x080099c9   Thumb Code    70  app_freertos.o(.text.MX_FREERTOS_Init)
    MX_GPIO_Init                             0x08009a11   Thumb Code   532  gpio.o(.text.MX_GPIO_Init)
    MX_I2C2_Init                             0x08009c25   Thumb Code   118  i2c.o(.text.MX_I2C2_Init)
    MX_I2C3_Init                             0x08009c9d   Thumb Code   118  i2c.o(.text.MX_I2C3_Init)
    MX_I2C4_Init                             0x08009d15   Thumb Code   118  i2c.o(.text.MX_I2C4_Init)
    MX_LPUART1_UART_Init                     0x08009d8d   Thumb Code   138  usart.o(.text.MX_LPUART1_UART_Init)
    MX_SPI1_Init                             0x08009e19   Thumb Code    88  spi.o(.text.MX_SPI1_Init)
    MX_SPI2_Init                             0x08009e71   Thumb Code    92  spi.o(.text.MX_SPI2_Init)
    MX_SPI3_Init                             0x08009ecd   Thumb Code    88  spi.o(.text.MX_SPI3_Init)
    MX_SPI4_Init                             0x08009f25   Thumb Code    86  spi.o(.text.MX_SPI4_Init)
    MX_TIM15_Init                            0x08009f7d   Thumb Code   308  tim.o(.text.MX_TIM15_Init)
    MX_TIM16_Init                            0x0800a0b1   Thumb Code    60  tim.o(.text.MX_TIM16_Init)
    MX_TIM17_Init                            0x0800a0ed   Thumb Code    60  tim.o(.text.MX_TIM17_Init)
    MX_TIM1_Init                             0x0800a129   Thumb Code   382  tim.o(.text.MX_TIM1_Init)
    MX_TIM20_Init                            0x0800a2a9   Thumb Code   378  tim.o(.text.MX_TIM20_Init)
    MX_TIM2_Init                             0x0800a425   Thumb Code   122  tim.o(.text.MX_TIM2_Init)
    MX_TIM3_Init                             0x0800a4a1   Thumb Code   126  tim.o(.text.MX_TIM3_Init)
    MX_TIM4_Init                             0x0800a521   Thumb Code   126  tim.o(.text.MX_TIM4_Init)
    MX_TIM5_Init                             0x0800a5a1   Thumb Code   126  tim.o(.text.MX_TIM5_Init)
    MX_TIM6_Init                             0x0800a621   Thumb Code    92  tim.o(.text.MX_TIM6_Init)
    MX_TIM7_Init                             0x0800a67d   Thumb Code    92  tim.o(.text.MX_TIM7_Init)
    MX_TIM8_Init                             0x0800a6d9   Thumb Code   324  tim.o(.text.MX_TIM8_Init)
    MX_USART1_UART_Init                      0x0800a81d   Thumb Code   142  usart.o(.text.MX_USART1_UART_Init)
    MX_USART2_UART_Init                      0x0800a8ad   Thumb Code   142  usart.o(.text.MX_USART2_UART_Init)
    MX_USART3_UART_Init                      0x0800a93d   Thumb Code   142  usart.o(.text.MX_USART3_UART_Init)
    MX_USB_PCD_Init                          0x0800a9cd   Thumb Code    62  usb.o(.text.MX_USB_PCD_Init)
    MemManage_Handler                        0x0800aa0d   Thumb Code     4  stm32g4xx_it.o(.text.MemManage_Handler)
    NMI_Handler                              0x0800aa11   Thumb Code     4  stm32g4xx_it.o(.text.NMI_Handler)
    OnChassicControl                         0x0800aa81   Thumb Code    16  mainwork.o(.text.OnChassicControl)
    OnPlannerUpdate                          0x0800aa91   Thumb Code    16  mainwork.o(.text.OnPlannerUpdate)
    Onmaincpp                                0x0800aaa1   Thumb Code    16  mainwork.o(.text.Onmaincpp)
    PendSV_Handler                           0x0800aab1   Thumb Code   100  port.o(.text.PendSV_Handler)
    Ping                                     0x0800ab15   Thumb Code    52  gray.o(.text.Ping)
    SVC_Handler                              0x0800abf1   Thumb Code    36  port.o(.text.SVC_Handler)
    StartDefaultTask                         0x0800ac15   Thumb Code    16  app_freertos.o(.text.StartDefaultTask)
    SysTick_Handler                          0x0800ac79   Thumb Code    24  stm32g4xx_it.o(.text.SysTick_Handler)
    SystemClock_Config                       0x0800ac91   Thumb Code   120  main.o(.text.SystemClock_Config)
    SystemInit                               0x0800ad09   Thumb Code    18  system_stm32g4xx.o(.text.SystemInit)
    TIM1_BRK_TIM15_IRQHandler                0x0800ad1d   Thumb Code    28  stm32g4xx_it.o(.text.TIM1_BRK_TIM15_IRQHandler)
    TIM1_TRG_COM_TIM17_IRQHandler            0x0800ad39   Thumb Code    28  stm32g4xx_it.o(.text.TIM1_TRG_COM_TIM17_IRQHandler)
    TIM1_UP_TIM16_IRQHandler                 0x0800ad55   Thumb Code    28  stm32g4xx_it.o(.text.TIM1_UP_TIM16_IRQHandler)
    TIM6_DAC_IRQHandler                      0x0800ad71   Thumb Code    16  stm32g4xx_it.o(.text.TIM6_DAC_IRQHandler)
    TIM_Base_SetConfig                       0x0800ad81   Thumb Code   486  stm32g4xx_hal_tim.o(.text.TIM_Base_SetConfig)
    TIM_CCxChannelCmd                        0x0800af69   Thumb Code    54  stm32g4xx_hal_tim.o(.text.TIM_CCxChannelCmd)
    TIM_ETR_SetConfig                        0x0800afa1   Thumb Code    52  stm32g4xx_hal_tim.o(.text.TIM_ETR_SetConfig)
    TIM_OC2_SetConfig                        0x0800b179   Thumb Code   400  stm32g4xx_hal_tim.o(.text.TIM_OC2_SetConfig)
    UART_AdvFeatureConfig                    0x0800b91d   Thumb Code   328  stm32g4xx_hal_uart.o(.text.UART_AdvFeatureConfig)
    UART_CheckIdleState                      0x0800ba65   Thumb Code   326  stm32g4xx_hal_uart.o(.text.UART_CheckIdleState)
    UART_SetConfig                           0x0800c5c1   Thumb Code  1506  stm32g4xx_hal_uart.o(.text.UART_SetConfig)
    UART_Start_Receive_IT                    0x0800cba5   Thumb Code   546  stm32g4xx_hal_uart.o(.text.UART_Start_Receive_IT)
    UART_WaitOnFlagUntilTimeout              0x0800cdc9   Thumb Code   268  stm32g4xx_hal_uart.o(.text.UART_WaitOnFlagUntilTimeout)
    USART1_IRQHandler                        0x0800ced5   Thumb Code    16  stm32g4xx_it.o(.text.USART1_IRQHandler)
    USB_DevInit                              0x0800cee5   Thumb Code    40  stm32g4xx_ll_usb.o(.text.USB_DevInit)
    USB_DisableGlobalInt                     0x0800cf0d   Thumb Code    30  stm32g4xx_ll_usb.o(.text.USB_DisableGlobalInt)
    UsageFault_Handler                       0x0800cf2d   Thumb Code     4  stm32g4xx_it.o(.text.UsageFault_Handler)
    delay_us                                 0x0800cff1   Thumb Code   138  main.o(.text.delay_us)
    fputc                                    0x0800d07d   Thumb Code    34  usart.o(.text.fputc)
    gray_read_task                           0x0800d0a1   Thumb Code   108  mainwork.o(.text.gray_read_task)
    main                                     0x0800d10d   Thumb Code   252  main.o(.text.main)
    main_work                                0x0800d209   Thumb Code   502  mainwork.o(.text.main_work)
    osDelay                                  0x0800d429   Thumb Code    40  cmsis_os.o(.text.osDelay)
    osKernelStart                            0x0800d451   Thumb Code    10  cmsis_os.o(.text.osKernelStart)
    osThreadCreate                           0x0800d45d   Thumb Code   172  cmsis_os.o(.text.osThreadCreate)
    pvPortMalloc                             0x0800dbe5   Thumb Code   492  heap_4.o(.text.pvPortMalloc)
    pxPortInitialiseStack                    0x0800ddd1   Thumb Code    94  port.o(.text.pxPortInitialiseStack)
    tcd1103_read_task                        0x0800de31   Thumb Code   378  mainwork.o(.text.tcd1103_read_task)
    tcs230_read_task                         0x0800dfad   Thumb Code    60  mainwork.o(.text.tcs230_read_task)
    uxListRemove                             0x0800dfe9   Thumb Code    72  list.o(.text.uxListRemove)
    vApplicationGetIdleTaskMemory            0x0800e031   Thumb Code    42  app_freertos.o(.text.vApplicationGetIdleTaskMemory)
    vListInitialise                          0x0800e05d   Thumb Code    46  list.o(.text.vListInitialise)
    vListInitialiseItem                      0x0800e08d   Thumb Code    14  list.o(.text.vListInitialiseItem)
    vListInsert                              0x0800e09d   Thumb Code   106  list.o(.text.vListInsert)
    vListInsertEnd                           0x0800e109   Thumb Code    58  list.o(.text.vListInsertEnd)
    vPortEnterCritical                       0x0800e159   Thumb Code    86  port.o(.text.vPortEnterCritical)
    vPortExitCritical                        0x0800e1b1   Thumb Code    74  port.o(.text.vPortExitCritical)
    vPortFree                                0x0800e1fd   Thumb Code   206  heap_4.o(.text.vPortFree)
    vPortSetupTimerInterrupt                 0x0800e2cd   Thumb Code    68  port.o(.text.vPortSetupTimerInterrupt)
    vTaskDelay                               0x0800e311   Thumb Code   110  tasks.o(.text.vTaskDelay)
    vTaskStartScheduler                      0x0800e381   Thumb Code   206  tasks.o(.text.vTaskStartScheduler)
    vTaskSuspendAll                          0x0800e451   Thumb Code    16  tasks.o(.text.vTaskSuspendAll)
    vTaskSwitchContext                       0x0800e461   Thumb Code   190  tasks.o(.text.vTaskSwitchContext)
    xPortStartScheduler                      0x0800e521   Thumb Code   342  port.o(.text.xPortStartScheduler)
    xPortSysTickHandler                      0x0800e679   Thumb Code    60  port.o(.text.xPortSysTickHandler)
    xTaskCreate                              0x0800e6b5   Thumb Code   158  tasks.o(.text.xTaskCreate)
    xTaskCreateStatic                        0x0800e755   Thumb Code   206  tasks.o(.text.xTaskCreateStatic)
    xTaskGetSchedulerState                   0x0800e825   Thumb Code    56  tasks.o(.text.xTaskGetSchedulerState)
    xTaskIncrementTick                       0x0800e85d   Thumb Code   440  tasks.o(.text.xTaskIncrementTick)
    xTaskResumeAll                           0x0800ea15   Thumb Code   376  tasks.o(.text.xTaskResumeAll)
    __0printf                                0x0800eb8d   Thumb Code    22  printfa.o(i.__0printf)
    __1printf                                0x0800eb8d   Thumb Code     0  printfa.o(i.__0printf)
    __2printf                                0x0800eb8d   Thumb Code     0  printfa.o(i.__0printf)
    __c89printf                              0x0800eb8d   Thumb Code     0  printfa.o(i.__0printf)
    printf                                   0x0800eb8d   Thumb Code     0  printfa.o(i.__0printf)
    __scatterload_copy                       0x0800ebad   Thumb Code    14  handlers.o(i.__scatterload_copy)
    __scatterload_null                       0x0800ebbb   Thumb Code     2  handlers.o(i.__scatterload_null)
    __scatterload_zeroinit                   0x0800ebbd   Thumb Code    14  handlers.o(i.__scatterload_zeroinit)
    _is_digit                                0x0800ed51   Thumb Code    14  scanf_fp.o(i._is_digit)
    __ctype_categories                       0x0800f48e   Data          64  ctype_c.o(.constdata)
    AHBPrescTable                            0x0800f4ec   Data          16  system_stm32g4xx.o(.rodata.AHBPrescTable)
    APBPrescTable                            0x0800f4fc   Data           8  system_stm32g4xx.o(.rodata.APBPrescTable)
    UARTPrescTable                           0x0800f524   Data          24  stm32g4xx_hal_uart.o(.rodata.UARTPrescTable)
    Region$$Table$$Base                      0x0800f5ec   Number         0  anon$$obj.o(Region$$Table)
    Region$$Table$$Limit                     0x0800f60c   Number         0  anon$$obj.o(Region$$Table)
    __stdout                                 0x20000000   Data           4  stdout.o(.data)
    SystemCoreClock                          0x20000004   Data           4  system_stm32g4xx.o(.data.SystemCoreClock)
    uwTickFreq                               0x20000008   Data           4  stm32g4xx_hal.o(.data.uwTickFreq)
    uwTickPrio                               0x2000000c   Data           4  stm32g4xx_hal.o(.data.uwTickPrio)
    Anolog_gray                              0x20000018   Data           8  mainwork.o(.bss.Anolog_gray)
    B                                        0x20000020   Data           1  tcs230.o(.bss.B)
    Chassic_control_handle                   0x20000024   Data           4  mainwork.o(.bss.Chassic_control_handle)
    Digtal_gray                              0x20000028   Data           1  mainwork.o(.bss.Digtal_gray)
    G                                        0x20000054   Data           1  tcs230.o(.bss.G)
    IMU_read_handle                          0x20000064   Data           4  mainwork.o(.bss.IMU_read_handle)
    LCD_Show_handle                          0x20000068   Data           4  mainwork.o(.bss.LCD_Show_handle)
    Normal                                   0x2000006c   Data           8  mainwork.o(.bss.Normal)
    Planner_update_handle                    0x20000074   Data           4  mainwork.o(.bss.Planner_update_handle)
    R                                        0x20000078   Data           1  tcs230.o(.bss.R)
    RX_Flag                                  0x20000079   Data           1  tcs230.o(.bss.RX_Flag)
    RxData                                   0x2000007a   Data           1  tcs230.o(.bss.RxData)
    _max                                     0x2000007c   Data           2  tcd1103.o(.bss._max)
    _min                                     0x2000007e   Data           2  tcd1103.o(.bss._min)
    avg                                      0x20000080   Data           2  tcd1103.o(.bss.avg)
    blue                                     0x20000084   Data           4  tcs230.o(.bss.blue)
    ccd_data                                 0x20000088   Data         256  tcd1103.o(.bss.ccd_data)
    ccd_rawdata                              0x20000188   Data        3092  tcd1103.o(.bss.ccd_rawdata)
    defaultTaskHandle                        0x20000d9c   Data           4  app_freertos.o(.bss.defaultTaskHandle)
    goods_color                              0x20000de4   Data           4  mainwork.o(.bss.goods_color)
    gray_read_handle                         0x20000de8   Data           4  mainwork.o(.bss.gray_read_handle)
    green                                    0x20000dec   Data           4  tcs230.o(.bss.green)
    hadc3                                    0x20000df0   Data         108  adc.o(.bss.hadc3)
    hadc4                                    0x20000e5c   Data         108  adc.o(.bss.hadc4)
    hdma_adc3                                0x20000ec8   Data          96  adc.o(.bss.hdma_adc3)
    hdma_adc4                                0x20000f28   Data          96  adc.o(.bss.hdma_adc4)
    hfdcan1                                  0x20000f88   Data         100  fdcan.o(.bss.hfdcan1)
    hfdcan2                                  0x20000fec   Data         100  fdcan.o(.bss.hfdcan2)
    hi2c2                                    0x20001050   Data          84  i2c.o(.bss.hi2c2)
    hi2c3                                    0x200010a4   Data          84  i2c.o(.bss.hi2c3)
    hi2c4                                    0x200010f8   Data          84  i2c.o(.bss.hi2c4)
    hlpuart1                                 0x2000114c   Data         148  usart.o(.bss.hlpuart1)
    hpcd_USB_FS                              0x200011e0   Data         732  usb.o(.bss.hpcd_USB_FS)
    hspi1                                    0x200014bc   Data         100  spi.o(.bss.hspi1)
    hspi2                                    0x20001520   Data         100  spi.o(.bss.hspi2)
    hspi3                                    0x20001584   Data         100  spi.o(.bss.hspi3)
    hspi4                                    0x200015e8   Data         100  spi.o(.bss.hspi4)
    htim1                                    0x2000164c   Data          76  tim.o(.bss.htim1)
    htim15                                   0x20001698   Data          76  tim.o(.bss.htim15)
    htim16                                   0x200016e4   Data          76  tim.o(.bss.htim16)
    htim17                                   0x20001730   Data          76  tim.o(.bss.htim17)
    htim2                                    0x2000177c   Data          76  tim.o(.bss.htim2)
    htim20                                   0x200017c8   Data          76  tim.o(.bss.htim20)
    htim3                                    0x20001814   Data          76  tim.o(.bss.htim3)
    htim4                                    0x20001860   Data          76  tim.o(.bss.htim4)
    htim5                                    0x200018ac   Data          76  tim.o(.bss.htim5)
    htim6                                    0x200018f8   Data          76  tim.o(.bss.htim6)
    htim7                                    0x20001944   Data          76  tim.o(.bss.htim7)
    htim8                                    0x20001990   Data          76  tim.o(.bss.htim8)
    huart1                                   0x200019dc   Data         148  usart.o(.bss.huart1)
    huart2                                   0x20001a70   Data         148  usart.o(.bss.huart2)
    huart3                                   0x20001b04   Data         148  usart.o(.bss.huart3)
    icg_flag                                 0x20001b98   Data           4  tcd1103.o(.bss.icg_flag)
    l                                        0x20001b9d   Data           1  tcd1103.o(.bss.l)
    l_w                                      0x20001b9e   Data           1  tcd1103.o(.bss.l_w)
    main_cpp_handle                          0x20001ba0   Data           4  mainwork.o(.bss.main_cpp_handle)
    pxCurrentTCB                             0x20001ba4   Data           4  tasks.o(.bss.pxCurrentTCB)
    r                                        0x20001c40   Data           1  tcd1103.o(.bss.r)
    r_w                                      0x20001c41   Data           1  tcd1103.o(.bss.r_w)
    read_cololr_flag                         0x20001c44   Data           4  mainwork.o(.bss.read_cololr_flag)
    red                                      0x20001c48   Data           4  tcs230.o(.bss.red)
    tcd1103_read_handle                      0x20001c4c   Data           4  mainwork.o(.bss.tcd1103_read_handle)
    tcs230_read_handle                       0x20001c50   Data           4  mainwork.o(.bss.tcs230_read_handle)
    tcs_string                               0x20001c54   Data          40  tcs230.o(.bss.tcs_string)
    uwTick                                   0x20005884   Data           4  stm32g4xx_hal.o(.bss.uwTick)
    __initial_sp                             0x20006b90   Data           0  startup_stm32g473xx.o(STACK)



==============================================================================

Memory Map of the image

  Image Entry point : 0x080001d9

  Load Region LR_IROM1 (Base: 0x08000000, Size: 0x0000f628, Max: 0x00080000, ABSOLUTE)

    Execution Region ER_IROM1 (Exec base: 0x08000000, Load base: 0x08000000, Size: 0x0000f60c, Max: 0x00080000, ABSOLUTE)

    Exec Addr    Load Addr    Size         Type   Attr      Idx    E Section Name        Object

    0x08000000   0x08000000   0x000001d8   Data   RO            3    RESET               startup_stm32g473xx.o
    0x080001d8   0x080001d8   0x00000000   Code   RO         3080  * .ARM.Collect$$$$00000000  mc_w.l(entry.o)
    0x080001d8   0x080001d8   0x00000004   Code   RO         3159    .ARM.Collect$$$$00000001  mc_w.l(entry2.o)
    0x080001dc   0x080001dc   0x00000004   Code   RO         3162    .ARM.Collect$$$$00000004  mc_w.l(entry5.o)
    0x080001e0   0x080001e0   0x00000000   Code   RO         3164    .ARM.Collect$$$$00000008  mc_w.l(entry7b.o)
    0x080001e0   0x080001e0   0x00000000   Code   RO         3166    .ARM.Collect$$$$0000000A  mc_w.l(entry8b.o)
    0x080001e0   0x080001e0   0x00000008   Code   RO         3167    .ARM.Collect$$$$0000000B  mc_w.l(entry9a.o)
    0x080001e8   0x080001e8   0x00000000   Code   RO         3169    .ARM.Collect$$$$0000000D  mc_w.l(entry10a.o)
    0x080001e8   0x080001e8   0x00000000   Code   RO         3171    .ARM.Collect$$$$0000000F  mc_w.l(entry11a.o)
    0x080001e8   0x080001e8   0x00000004   Code   RO         3160    .ARM.Collect$$$$00002712  mc_w.l(entry2.o)
    0x080001ec   0x080001ec   0x00000024   Code   RO            4    .text               startup_stm32g473xx.o
    0x08000210   0x08000210   0x00000062   Code   RO         3083    .text               mc_w.l(uldiv.o)
    0x08000272   0x08000272   0x00000024   Code   RO         3085    .text               mc_w.l(memcpya.o)
    0x08000296   0x08000296   0x00000024   Code   RO         3087    .text               mc_w.l(memseta.o)
    0x080002ba   0x080002ba   0x00000002   PAD
    0x080002bc   0x080002bc   0x00000038   Code   RO         3147    .text               mc_w.l(sscanf.o)
    0x080002f4   0x080002f4   0x000000e4   Code   RO         3149    .text               mf_w.l(dmul.o)
    0x080003d8   0x080003d8   0x00000036   Code   RO         3151    .text               mf_w.l(dcmple.o)
    0x0800040e   0x0800040e   0x00000022   Code   RO         3155    .text               mf_w.l(dflti.o)
    0x08000430   0x08000430   0x0000002c   Code   RO         3183    .text               mc_w.l(uidiv.o)
    0x0800045c   0x0800045c   0x0000001e   Code   RO         3185    .text               mc_w.l(llshl.o)
    0x0800047a   0x0800047a   0x00000020   Code   RO         3187    .text               mc_w.l(llushr.o)
    0x0800049a   0x0800049a   0x00000156   Code   RO         3191    .text               mc_w.l(_scanf_longlong.o)
    0x080005f0   0x080005f0   0x0000014c   Code   RO         3193    .text               mc_w.l(_scanf_int.o)
    0x0800073c   0x0800073c   0x000000e0   Code   RO         3195    .text               mc_w.l(_scanf_str.o)
    0x0800081c   0x0800081c   0x00000360   Code   RO         3197    .text               mc_w.l(scanf_fp.o)
    0x08000b7c   0x08000b7c   0x00000028   Code   RO         3201    .text               mc_w.l(scanf_char.o)
    0x08000ba4   0x08000ba4   0x00000040   Code   RO         3203    .text               mc_w.l(_sgetc.o)
    0x08000be4   0x08000be4   0x00000000   Code   RO         3205    .text               mc_w.l(iusefp.o)
    0x08000be4   0x08000be4   0x000000ba   Code   RO         3206    .text               mf_w.l(depilogue.o)
    0x08000c9e   0x08000c9e   0x0000014e   Code   RO         3208    .text               mf_w.l(dadd.o)
    0x08000dec   0x08000dec   0x000000de   Code   RO         3210    .text               mf_w.l(ddiv.o)
    0x08000eca   0x08000eca   0x00000030   Code   RO         3212    .text               mf_w.l(dfixul.o)
    0x08000efa   0x08000efa   0x00000002   PAD
    0x08000efc   0x08000efc   0x00000030   Code   RO         3214    .text               mf_w.l(cdrcmple.o)
    0x08000f2c   0x08000f2c   0x00000030   Code   RO         3216    .text               mc_w.l(init.o)
    0x08000f5c   0x08000f5c   0x00000024   Code   RO         3218    .text               mc_w.l(llsshr.o)
    0x08000f80   0x08000f80   0x0000000a   Code   RO         3220    .text               mc_w.l(isspace_c.o)
    0x08000f8a   0x08000f8a   0x0000001c   Code   RO         3222    .text               mc_w.l(_chval.o)
    0x08000fa6   0x08000fa6   0x00000002   PAD
    0x08000fa8   0x08000fa8   0x0000032c   Code   RO         3224    .text               mc_w.l(_scanf.o)
    0x080012d4   0x080012d4   0x00000018   Code   RO         3226    .text               mf_w.l(dfltul.o)
    0x080012ec   0x080012ec   0x00000038   Code   RO         3228    .text               mf_w.l(d2f.o)
    0x08001324   0x08001324   0x00000028   Code   RO         3230    .text               mc_w.l(ctype_c.o)
    0x0800134c   0x0800134c   0x0000006e   Code   RO         3233    .text               mf_w.l(fepilogue.o)
    0x080013ba   0x080013ba   0x00000002   PAD
    0x080013bc   0x080013bc   0x000000d4   Code   RO          382    .text.ADC_DMAConvCplt  stm32g4xx_hal_adc.o
    0x08001490   0x08001490   0x0000002a   Code   RO          386    .text.ADC_DMAError  stm32g4xx_hal_adc.o
    0x080014ba   0x080014ba   0x00000002   PAD
    0x080014bc   0x080014bc   0x00000016   Code   RO          384    .text.ADC_DMAHalfConvCplt  stm32g4xx_hal_adc.o
    0x080014d2   0x080014d2   0x00000002   PAD
    0x080014d4   0x080014d4   0x0000014c   Code   RO          362    .text.ADC_Enable    stm32g4xx_hal_adc.o
    0x08001620   0x08001620   0x00000004   Code   RO          289    .text.BusFault_Handler  stm32g4xx_it.o
    0x08001624   0x08001624   0x000000a2   Code   RO         2515    .text.Color_Recognize  tcs230.o
    0x080016c6   0x080016c6   0x00000002   PAD
    0x080016c8   0x080016c8   0x00000010   Code   RO          297    .text.DMA1_Channel1_IRQHandler  stm32g4xx_it.o
    0x080016d8   0x080016d8   0x00000010   Code   RO          299    .text.DMA1_Channel2_IRQHandler  stm32g4xx_it.o
    0x080016e8   0x080016e8   0x00000074   Code   RO          911    .text.DMA_CalcDMAMUXChannelBaseAndMask  stm32g4xx_hal_dma.o
    0x0800175c   0x0800175c   0x0000003c   Code   RO          913    .text.DMA_CalcDMAMUXRequestGenBaseAndMask  stm32g4xx_hal_dma.o
    0x08001798   0x08001798   0x0000006e   Code   RO          919    .text.DMA_SetConfig  stm32g4xx_hal_dma.o
    0x08001806   0x08001806   0x00000002   PAD
    0x08001808   0x08001808   0x00000002   Code   RO          293    .text.DebugMon_Handler  stm32g4xx_it.o
    0x0800180a   0x0800180a   0x00000002   PAD
    0x0800180c   0x0800180c   0x0000000e   Code   RO           58    .text.Error_Handler  main.o
    0x0800181a   0x0800181a   0x00000002   PAD
    0x0800181c   0x0800181c   0x00000010   Code   RO          301    .text.FDCAN1_IT0_IRQHandler  stm32g4xx_it.o
    0x0800182c   0x0800182c   0x00000010   Code   RO          313    .text.FDCAN2_IT1_IRQHandler  stm32g4xx_it.o
    0x0800183c   0x0800183c   0x000000e0   Code   RO         2369    .text.FDCANFIFOxCallback  bsp_fdcan.o
    0x0800191c   0x0800191c   0x000000d6   Code   RO         1162    .text.FDCAN_CalcultateRamBlockAddresses  stm32g4xx_hal_fdcan.o
    0x080019f2   0x080019f2   0x00000002   PAD
    0x080019f4   0x080019f4   0x000001dc   Code   RO         2491    .text.FindLines     tcd1103.o
    0x08001bd0   0x08001bd0   0x000001a8   Code   RO         2513    .text.Get_Color     tcs230.o
    0x08001d78   0x08001d78   0x00000036   Code   RO         2511    .text.Get_RxFlag    tcs230.o
    0x08001dae   0x08001dae   0x00000002   PAD
    0x08001db0   0x08001db0   0x000002f2   Code   RO          567    .text.HAL_ADCEx_MultiModeConfigChannel  stm32g4xx_hal_adc_ex.o
    0x080020a2   0x080020a2   0x00000002   PAD
    0x080020a4   0x080020a4   0x000008f6   Code   RO          408    .text.HAL_ADC_ConfigChannel  stm32g4xx_hal_adc.o
    0x0800299a   0x0800299a   0x00000002   PAD
    0x0800299c   0x0800299c   0x00000008   Code   RO          398    .text.HAL_ADC_ConvCpltCallback  stm32g4xx_hal_adc.o
    0x080029a4   0x080029a4   0x00000008   Code   RO          406    .text.HAL_ADC_ConvHalfCpltCallback  stm32g4xx_hal_adc.o
    0x080029ac   0x080029ac   0x00000008   Code   RO          404    .text.HAL_ADC_ErrorCallback  stm32g4xx_hal_adc.o
    0x080029b4   0x080029b4   0x000003de   Code   RO          330    .text.HAL_ADC_Init  stm32g4xx_hal_adc.o
    0x08002d92   0x08002d92   0x00000002   PAD
    0x08002d94   0x08002d94   0x00000206   Code   RO           99    .text.HAL_ADC_MspInit  adc.o
    0x08002f9a   0x08002f9a   0x00000002   PAD
    0x08002f9c   0x08002f9c   0x0000020c   Code   RO          380    .text.HAL_ADC_Start_DMA  stm32g4xx_hal_adc.o
    0x080031a8   0x080031a8   0x0000009c   Code   RO          923    .text.HAL_DMA_Abort  stm32g4xx_hal_dma.o
    0x08003244   0x08003244   0x000000c2   Code   RO          925    .text.HAL_DMA_Abort_IT  stm32g4xx_hal_dma.o
    0x08003306   0x08003306   0x00000002   PAD
    0x08003308   0x08003308   0x00000156   Code   RO          929    .text.HAL_DMA_IRQHandler  stm32g4xx_hal_dma.o
    0x0800345e   0x0800345e   0x00000002   PAD
    0x08003460   0x08003460   0x00000156   Code   RO          909    .text.HAL_DMA_Init  stm32g4xx_hal_dma.o
    0x080035b6   0x080035b6   0x00000002   PAD
    0x080035b8   0x080035b8   0x000000fc   Code   RO          921    .text.HAL_DMA_Start_IT  stm32g4xx_hal_dma.o
    0x080036b4   0x080036b4   0x00000042   Code   RO          611    .text.HAL_Delay     stm32g4xx_hal.o
    0x080036f6   0x080036f6   0x00000002   PAD
    0x080036f8   0x080036f8   0x00000008   Code   RO         1276    .text.HAL_FDCAN_ErrorCallback  stm32g4xx_hal_fdcan.o
    0x08003700   0x08003700   0x0000000a   Code   RO         1274    .text.HAL_FDCAN_ErrorStatusCallback  stm32g4xx_hal_fdcan.o
    0x0800370a   0x0800370a   0x00000002   PAD
    0x0800370c   0x0800370c   0x00000034   Code   RO         1240    .text.HAL_FDCAN_GetRxFifoFillLevel  stm32g4xx_hal_fdcan.o
    0x08003740   0x08003740   0x00000230   Code   RO         1228    .text.HAL_FDCAN_GetRxMessage  stm32g4xx_hal_fdcan.o
    0x08003970   0x08003970   0x00000008   Code   RO         1256    .text.HAL_FDCAN_HighPriorityMessageCallback  stm32g4xx_hal_fdcan.o
    0x08003978   0x08003978   0x000002b8   Code   RO         1254    .text.HAL_FDCAN_IRQHandler  stm32g4xx_hal_fdcan.o
    0x08003c30   0x08003c30   0x000002cc   Code   RO         1158    .text.HAL_FDCAN_Init  stm32g4xx_hal_fdcan.o
    0x08003efc   0x08003efc   0x00000192   Code   RO          127    .text.HAL_FDCAN_MspInit  fdcan.o
    0x0800408e   0x0800408e   0x00000002   PAD
    0x08004090   0x08004090   0x00000014   Code   RO         2367    .text.HAL_FDCAN_RxFifo0Callback  bsp_fdcan.o
    0x080040a4   0x080040a4   0x00000014   Code   RO         2371    .text.HAL_FDCAN_RxFifo1Callback  bsp_fdcan.o
    0x080040b8   0x080040b8   0x00000008   Code   RO         1272    .text.HAL_FDCAN_TimeoutOccurredCallback  stm32g4xx_hal_fdcan.o
    0x080040c0   0x080040c0   0x00000008   Code   RO         1270    .text.HAL_FDCAN_TimestampWraparoundCallback  stm32g4xx_hal_fdcan.o
    0x080040c8   0x080040c8   0x0000000a   Code   RO         1258    .text.HAL_FDCAN_TxBufferAbortCallback  stm32g4xx_hal_fdcan.o
    0x080040d2   0x080040d2   0x00000002   PAD
    0x080040d4   0x080040d4   0x0000000a   Code   RO         1268    .text.HAL_FDCAN_TxBufferCompleteCallback  stm32g4xx_hal_fdcan.o
    0x080040de   0x080040de   0x00000002   PAD
    0x080040e0   0x080040e0   0x0000000a   Code   RO         1260    .text.HAL_FDCAN_TxEventFifoCallback  stm32g4xx_hal_fdcan.o
    0x080040ea   0x080040ea   0x00000002   PAD
    0x080040ec   0x080040ec   0x00000008   Code   RO         1266    .text.HAL_FDCAN_TxFifoEmptyCallback  stm32g4xx_hal_fdcan.o
    0x080040f4   0x080040f4   0x00000368   Code   RO          861    .text.HAL_GPIO_Init  stm32g4xx_hal_gpio.o
    0x0800445c   0x0800445c   0x0000002c   Code   RO          867    .text.HAL_GPIO_WritePin  stm32g4xx_hal_gpio.o
    0x08004488   0x08004488   0x0000000c   Code   RO          603    .text.HAL_GetTick   stm32g4xx_hal.o
    0x08004494   0x08004494   0x00000098   Code   RO         1459    .text.HAL_I2CEx_ConfigAnalogFilter  stm32g4xx_hal_i2c_ex.o
    0x0800452c   0x0800452c   0x000000a2   Code   RO         1461    .text.HAL_I2CEx_ConfigDigitalFilter  stm32g4xx_hal_i2c_ex.o
    0x080045ce   0x080045ce   0x00000002   PAD
    0x080045d0   0x080045d0   0x00000114   Code   RO         1290    .text.HAL_I2C_Init  stm32g4xx_hal_i2c.o
    0x080046e4   0x080046e4   0x0000028a   Code   RO         1358    .text.HAL_I2C_Mem_Read  stm32g4xx_hal_i2c.o
    0x0800496e   0x0800496e   0x00000002   PAD
    0x08004970   0x08004970   0x00000274   Code   RO         1354    .text.HAL_I2C_Mem_Write  stm32g4xx_hal_i2c.o
    0x08004be4   0x08004be4   0x000001be   Code   RO          147    .text.HAL_I2C_MspInit  i2c.o
    0x08004da2   0x08004da2   0x00000002   PAD
    0x08004da4   0x08004da4   0x0000001a   Code   RO          601    .text.HAL_IncTick   stm32g4xx_hal.o
    0x08004dbe   0x08004dbe   0x00000002   PAD
    0x08004dc0   0x08004dc0   0x00000030   Code   RO          591    .text.HAL_Init      stm32g4xx_hal.o
    0x08004df0   0x08004df0   0x00000088   Code   RO          593    .text.HAL_InitTick  stm32g4xx_hal.o
    0x08004e78   0x08004e78   0x00000054   Code   RO          322    .text.HAL_MspInit   stm32g4xx_hal_msp.o
    0x08004ecc   0x08004ecc   0x00000014   Code   RO         1095    .text.HAL_NVIC_EnableIRQ  stm32g4xx_hal_cortex.o
    0x08004ee0   0x08004ee0   0x0000002e   Code   RO         1087    .text.HAL_NVIC_SetPriority  stm32g4xx_hal_cortex.o
    0x08004f0e   0x08004f0e   0x00000002   PAD
    0x08004f10   0x08004f10   0x00000010   Code   RO         1083    .text.HAL_NVIC_SetPriorityGrouping  stm32g4xx_hal_cortex.o
    0x08004f20   0x08004f20   0x0000003a   Code   RO         2281    .text.HAL_PCDEx_ActivateLPM  stm32g4xx_hal_pcd_ex.o
    0x08004f5a   0x08004f5a   0x00000002   PAD
    0x08004f5c   0x08004f5c   0x00000194   Code   RO         2192    .text.HAL_PCD_Init  stm32g4xx_hal_pcd.o
    0x080050f0   0x080050f0   0x0000005e   Code   RO          271    .text.HAL_PCD_MspInit  usb.o
    0x0800514e   0x0800514e   0x00000002   PAD
    0x08005150   0x08005150   0x000001b4   Code   RO         1004    .text.HAL_PWREx_ControlVoltageScaling  stm32g4xx_hal_pwr_ex.o
    0x08005304   0x08005304   0x00000012   Code   RO         1074    .text.HAL_PWREx_DisableUCPDDeadBattery  stm32g4xx_hal_pwr_ex.o
    0x08005316   0x08005316   0x00000002   PAD
    0x08005318   0x08005318   0x00000524   Code   RO          716    .text.HAL_RCCEx_PeriphCLKConfig  stm32g4xx_hal_rcc_ex.o
    0x0800583c   0x0800583c   0x00000326   Code   RO          681    .text.HAL_RCC_ClockConfig  stm32g4xx_hal_rcc.o
    0x08005b62   0x08005b62   0x00000002   PAD
    0x08005b64   0x08005b64   0x0000000c   Code   RO          689    .text.HAL_RCC_GetHCLKFreq  stm32g4xx_hal_rcc.o
    0x08005b70   0x08005b70   0x00000026   Code   RO          691    .text.HAL_RCC_GetPCLK1Freq  stm32g4xx_hal_rcc.o
    0x08005b96   0x08005b96   0x00000002   PAD
    0x08005b98   0x08005b98   0x00000026   Code   RO          693    .text.HAL_RCC_GetPCLK2Freq  stm32g4xx_hal_rcc.o
    0x08005bbe   0x08005bbe   0x00000002   PAD
    0x08005bc0   0x08005bc0   0x000000fc   Code   RO          685    .text.HAL_RCC_GetSysClockFreq  stm32g4xx_hal_rcc.o
    0x08005cbc   0x08005cbc   0x000007b6   Code   RO          679    .text.HAL_RCC_OscConfig  stm32g4xx_hal_rcc.o
    0x08006472   0x08006472   0x00000002   PAD
    0x08006474   0x08006474   0x00000150   Code   RO         1671    .text.HAL_SPI_Init  stm32g4xx_hal_spi.o
    0x080065c4   0x080065c4   0x00000228   Code   RO          201    .text.HAL_SPI_MspInit  spi.o
    0x080067ec   0x080067ec   0x00000010   Code   RO         1107    .text.HAL_SYSTICK_Config  stm32g4xx_hal_cortex.o
    0x080067fc   0x080067fc   0x00000008   Code   RO         2171    .text.HAL_TIMEx_Break2Callback  stm32g4xx_hal_tim_ex.o
    0x08006804   0x08006804   0x00000008   Code   RO         2169    .text.HAL_TIMEx_BreakCallback  stm32g4xx_hal_tim_ex.o
    0x0800680c   0x0800680c   0x00000008   Code   RO         2165    .text.HAL_TIMEx_CommutCallback  stm32g4xx_hal_tim_ex.o
    0x08006814   0x08006814   0x00000142   Code   RO         2117    .text.HAL_TIMEx_ConfigBreakDeadTime  stm32g4xx_hal_tim_ex.o
    0x08006956   0x08006956   0x00000002   PAD
    0x08006958   0x08006958   0x00000008   Code   RO         2175    .text.HAL_TIMEx_DirectionChangeCallback  stm32g4xx_hal_tim_ex.o
    0x08006960   0x08006960   0x00000008   Code   RO         2173    .text.HAL_TIMEx_EncoderIndexCallback  stm32g4xx_hal_tim_ex.o
    0x08006968   0x08006968   0x00000008   Code   RO         2177    .text.HAL_TIMEx_IndexErrorCallback  stm32g4xx_hal_tim_ex.o
    0x08006970   0x08006970   0x00000174   Code   RO         2115    .text.HAL_TIMEx_MasterConfigSynchronization  stm32g4xx_hal_tim_ex.o
    0x08006ae4   0x08006ae4   0x00000008   Code   RO         2179    .text.HAL_TIMEx_TransitionErrorCallback  stm32g4xx_hal_tim_ex.o
    0x08006aec   0x08006aec   0x000000a8   Code   RO         1798    .text.HAL_TIM_Base_Init  stm32g4xx_hal_tim.o
    0x08006b94   0x08006b94   0x0000022a   Code   RO          242    .text.HAL_TIM_Base_MspInit  tim.o
    0x08006dbe   0x08006dbe   0x00000002   PAD
    0x08006dc0   0x08006dc0   0x000000fa   Code   RO         1808    .text.HAL_TIM_Base_Start  stm32g4xx_hal_tim.o
    0x08006eba   0x08006eba   0x00000002   PAD
    0x08006ebc   0x08006ebc   0x000001ee   Code   RO         1994    .text.HAL_TIM_ConfigClockSource  stm32g4xx_hal_tim.o
    0x080070aa   0x080070aa   0x00000002   PAD
    0x080070ac   0x080070ac   0x00000134   Code   RO         1912    .text.HAL_TIM_Encoder_Init  stm32g4xx_hal_tim.o
    0x080071e0   0x080071e0   0x000001cc   Code   RO          244    .text.HAL_TIM_Encoder_MspInit  tim.o
    0x080073ac   0x080073ac   0x0000014e   Code   RO         1920    .text.HAL_TIM_Encoder_Start  stm32g4xx_hal_tim.o
    0x080074fa   0x080074fa   0x00000002   PAD
    0x080074fc   0x080074fc   0x00000008   Code   RO         1934    .text.HAL_TIM_IC_CaptureCallback  stm32g4xx_hal_tim.o
    0x08007504   0x08007504   0x00000300   Code   RO         1932    .text.HAL_TIM_IRQHandler  stm32g4xx_hal_tim.o
    0x08007804   0x08007804   0x000001c6   Code   RO          218    .text.HAL_TIM_MspPostInit  tim.o
    0x080079ca   0x080079ca   0x00000002   PAD
    0x080079cc   0x080079cc   0x00000008   Code   RO         1936    .text.HAL_TIM_OC_DelayElapsedCallback  stm32g4xx_hal_tim.o
    0x080079d4   0x080079d4   0x000001b0   Code   RO         1968    .text.HAL_TIM_PWM_ConfigChannel  stm32g4xx_hal_tim.o
    0x08007b84   0x08007b84   0x000000a8   Code   RO         1852    .text.HAL_TIM_PWM_Init  stm32g4xx_hal_tim.o
    0x08007c2c   0x08007c2c   0x00000008   Code   RO         1854    .text.HAL_TIM_PWM_MspInit  stm32g4xx_hal_tim.o
    0x08007c34   0x08007c34   0x00000008   Code   RO         1938    .text.HAL_TIM_PWM_PulseFinishedCallback  stm32g4xx_hal_tim.o
    0x08007c3c   0x08007c3c   0x00000298   Code   RO         1860    .text.HAL_TIM_PWM_Start  stm32g4xx_hal_tim.o
    0x08007ed4   0x08007ed4   0x000000d4   Code   RO           52    .text.HAL_TIM_PeriodElapsedCallback  main.o
    0x08007fa8   0x08007fa8   0x00000008   Code   RO         1942    .text.HAL_TIM_TriggerCallback  stm32g4xx_hal_tim.o
    0x08007fb0   0x08007fb0   0x0000007c   Code   RO         1648    .text.HAL_UARTEx_DisableFifoMode  stm32g4xx_hal_uart_ex.o
    0x0800802c   0x0800802c   0x0000000c   Code   RO         1572    .text.HAL_UARTEx_RxEventCallback  stm32g4xx_hal_uart.o
    0x08008038   0x08008038   0x00000008   Code   RO         1630    .text.HAL_UARTEx_RxFifoFullCallback  stm32g4xx_hal_uart_ex.o
    0x08008040   0x08008040   0x0000008c   Code   RO         1652    .text.HAL_UARTEx_SetRxFifoThreshold  stm32g4xx_hal_uart_ex.o
    0x080080cc   0x080080cc   0x0000008c   Code   RO         1650    .text.HAL_UARTEx_SetTxFifoThreshold  stm32g4xx_hal_uart_ex.o
    0x08008158   0x08008158   0x00000008   Code   RO         1632    .text.HAL_UARTEx_TxFifoEmptyCallback  stm32g4xx_hal_uart_ex.o
    0x08008160   0x08008160   0x00000008   Code   RO         1628    .text.HAL_UARTEx_WakeupCallback  stm32g4xx_hal_uart_ex.o
    0x08008168   0x08008168   0x00000008   Code   RO         1570    .text.HAL_UART_ErrorCallback  stm32g4xx_hal_uart.o
    0x08008170   0x08008170   0x00000596   Code   RO         1566    .text.HAL_UART_IRQHandler  stm32g4xx_hal_uart.o
    0x08008706   0x08008706   0x00000002   PAD
    0x08008708   0x08008708   0x000000aa   Code   RO         1478    .text.HAL_UART_Init  stm32g4xx_hal_uart.o
    0x080087b2   0x080087b2   0x00000002   PAD
    0x080087b4   0x080087b4   0x0000025c   Code   RO          169    .text.HAL_UART_MspInit  usart.o
    0x08008a10   0x08008a10   0x000000a0   Code   RO         1514    .text.HAL_UART_Receive_IT  stm32g4xx_hal_uart.o
    0x08008ab0   0x08008ab0   0x00000120   Code   RO          173    .text.HAL_UART_RxCpltCallback  usart.o
    0x08008bd0   0x08008bd0   0x00000138   Code   RO         1498    .text.HAL_UART_Transmit  stm32g4xx_hal_uart.o
    0x08008d08   0x08008d08   0x00000008   Code   RO         1576    .text.HAL_UART_TxCpltCallback  stm32g4xx_hal_uart.o
    0x08008d10   0x08008d10   0x00000004   Code   RO          285    .text.HardFault_Handler  stm32g4xx_it.o
    0x08008d14   0x08008d14   0x00000040   Code   RO         1314    .text.I2C_Flush_TXDR  stm32g4xx_hal_i2c.o
    0x08008d54   0x08008d54   0x000001fe   Code   RO         1450    .text.I2C_IsErrorOccurred  stm32g4xx_hal_i2c.o
    0x08008f52   0x08008f52   0x00000002   PAD
    0x08008f54   0x08008f54   0x000000be   Code   RO         1360    .text.I2C_RequestMemoryRead  stm32g4xx_hal_i2c.o
    0x08009012   0x08009012   0x00000002   PAD
    0x08009014   0x08009014   0x000000c0   Code   RO         1356    .text.I2C_RequestMemoryWrite  stm32g4xx_hal_i2c.o
    0x080090d4   0x080090d4   0x00000054   Code   RO         1302    .text.I2C_TransferConfig  stm32g4xx_hal_i2c.o
    0x08009128   0x08009128   0x000000c4   Code   RO         1300    .text.I2C_WaitOnFlagUntilTimeout  stm32g4xx_hal_i2c.o
    0x080091ec   0x080091ec   0x000000a2   Code   RO         1306    .text.I2C_WaitOnSTOPFlagUntilTimeout  stm32g4xx_hal_i2c.o
    0x0800928e   0x0800928e   0x00000002   PAD
    0x08009290   0x08009290   0x000000ac   Code   RO         1304    .text.I2C_WaitOnTXISFlagUntilTimeout  stm32g4xx_hal_i2c.o
    0x0800933c   0x0800933c   0x0000001a   Code   RO         2583    .text.IIC_Anolog_Normalize  gray.o
    0x08009356   0x08009356   0x00000002   PAD
    0x08009358   0x08009358   0x00000034   Code   RO         2579    .text.IIC_Get_Anolog  gray.o
    0x0800938c   0x0800938c   0x0000001a   Code   RO         2577    .text.IIC_Get_Digtal  gray.o
    0x080093a6   0x080093a6   0x00000002   PAD
    0x080093a8   0x080093a8   0x00000048   Code   RO         2569    .text.IIC_ReadBytes  gray.o
    0x080093f0   0x080093f0   0x00000048   Code   RO         2573    .text.IIC_WriteBytes  gray.o
    0x08009438   0x08009438   0x00000010   Code   RO           19    .text.IMU_Read_task  mainwork.o
    0x08009448   0x08009448   0x00000010   Code   RO           21    .text.LCD_Show_task  mainwork.o
    0x08009458   0x08009458   0x00000018   Code   RO          336    .text.LL_ADC_DisableDeepPowerDown  stm32g4xx_hal_adc.o
    0x08009470   0x08009470   0x0000001c   Code   RO          466    .text.LL_ADC_Enable  stm32g4xx_hal_adc.o
    0x0800948c   0x0800948c   0x0000001e   Code   RO          340    .text.LL_ADC_EnableInternalRegulator  stm32g4xx_hal_adc.o
    0x080094aa   0x080094aa   0x00000002   PAD
    0x080094ac   0x080094ac   0x00000010   Code   RO          428    .text.LL_ADC_GetCommonPathInternalCh  stm32g4xx_hal_adc.o
    0x080094bc   0x080094bc   0x00000010   Code   RO          360    .text.LL_ADC_GetMultimode  stm32g4xx_hal_adc.o
    0x080094cc   0x080094cc   0x0000001e   Code   RO          422    .text.LL_ADC_GetOffsetChannel  stm32g4xx_hal_adc.o
    0x080094ea   0x080094ea   0x00000002   PAD
    0x080094ec   0x080094ec   0x00000010   Code   RO          348    .text.LL_ADC_INJ_IsConversionOngoing  stm32g4xx_hal_adc.o
    0x080094fc   0x080094fc   0x00000010   Code   RO          334    .text.LL_ADC_IsDeepPowerDownEnabled  stm32g4xx_hal_adc.o
    0x0800950c   0x0800950c   0x00000010   Code   RO          344    .text.LL_ADC_IsEnabled  stm32g4xx_hal_adc.o
    0x0800951c   0x0800951c   0x00000010   Code   RO          493    .text.LL_ADC_IsEnabled  stm32g4xx_hal_adc_ex.o
    0x0800952c   0x0800952c   0x00000010   Code   RO          338    .text.LL_ADC_IsInternalRegulatorEnabled  stm32g4xx_hal_adc.o
    0x0800953c   0x0800953c   0x00000010   Code   RO          342    .text.LL_ADC_REG_IsConversionOngoing  stm32g4xx_hal_adc.o
    0x0800954c   0x0800954c   0x00000010   Code   RO          489    .text.LL_ADC_REG_IsConversionOngoing  stm32g4xx_hal_adc_ex.o
    0x0800955c   0x0800955c   0x00000016   Code   RO          372    .text.LL_ADC_REG_IsTriggerSourceSWStart  stm32g4xx_hal_adc.o
    0x08009572   0x08009572   0x00000002   PAD
    0x08009574   0x08009574   0x0000003a   Code   RO          410    .text.LL_ADC_REG_SetSequencerRanks  stm32g4xx_hal_adc.o
    0x080095ae   0x080095ae   0x00000002   PAD
    0x080095b0   0x080095b0   0x0000001c   Code   RO          364    .text.LL_ADC_REG_StartConversion  stm32g4xx_hal_adc.o
    0x080095cc   0x080095cc   0x00000036   Code   RO          412    .text.LL_ADC_SetChannelSamplingTime  stm32g4xx_hal_adc.o
    0x08009602   0x08009602   0x00000002   PAD
    0x08009604   0x08009604   0x00000034   Code   RO          426    .text.LL_ADC_SetChannelSingleDiff  stm32g4xx_hal_adc.o
    0x08009638   0x08009638   0x0000001a   Code   RO          346    .text.LL_ADC_SetCommonClock  stm32g4xx_hal_adc.o
    0x08009652   0x08009652   0x00000002   PAD
    0x08009654   0x08009654   0x0000001a   Code   RO          430    .text.LL_ADC_SetCommonPathInternalCh  stm32g4xx_hal_adc.o
    0x0800966e   0x0800966e   0x00000002   PAD
    0x08009670   0x08009670   0x0000003c   Code   RO          416    .text.LL_ADC_SetOffset  stm32g4xx_hal_adc.o
    0x080096ac   0x080096ac   0x00000028   Code   RO          420    .text.LL_ADC_SetOffsetSaturation  stm32g4xx_hal_adc.o
    0x080096d4   0x080096d4   0x00000028   Code   RO          418    .text.LL_ADC_SetOffsetSign  stm32g4xx_hal_adc.o
    0x080096fc   0x080096fc   0x00000028   Code   RO          424    .text.LL_ADC_SetOffsetState  stm32g4xx_hal_adc.o
    0x08009724   0x08009724   0x0000001a   Code   RO          414    .text.LL_ADC_SetSamplingTimeCommonConfig  stm32g4xx_hal_adc.o
    0x0800973e   0x0800973e   0x00000002   PAD
    0x08009740   0x08009740   0x000000c6   Code   RO           95    .text.MX_ADC3_Init  adc.o
    0x08009806   0x08009806   0x00000002   PAD
    0x08009808   0x08009808   0x000000a4   Code   RO           97    .text.MX_ADC4_Init  adc.o
    0x080098ac   0x080098ac   0x0000006c   Code   RO          115    .text.MX_DMA_Init   dma.o
    0x08009918   0x08009918   0x00000056   Code   RO          123    .text.MX_FDCAN1_Init  fdcan.o
    0x0800996e   0x0800996e   0x00000002   PAD
    0x08009970   0x08009970   0x00000056   Code   RO          125    .text.MX_FDCAN2_Init  fdcan.o
    0x080099c6   0x080099c6   0x00000002   PAD
    0x080099c8   0x080099c8   0x00000046   Code   RO           79    .text.MX_FREERTOS_Init  app_freertos.o
    0x08009a0e   0x08009a0e   0x00000002   PAD
    0x08009a10   0x08009a10   0x00000214   Code   RO           69    .text.MX_GPIO_Init  gpio.o
    0x08009c24   0x08009c24   0x00000076   Code   RO          141    .text.MX_I2C2_Init  i2c.o
    0x08009c9a   0x08009c9a   0x00000002   PAD
    0x08009c9c   0x08009c9c   0x00000076   Code   RO          143    .text.MX_I2C3_Init  i2c.o
    0x08009d12   0x08009d12   0x00000002   PAD
    0x08009d14   0x08009d14   0x00000076   Code   RO          145    .text.MX_I2C4_Init  i2c.o
    0x08009d8a   0x08009d8a   0x00000002   PAD
    0x08009d8c   0x08009d8c   0x0000008a   Code   RO          161    .text.MX_LPUART1_UART_Init  usart.o
    0x08009e16   0x08009e16   0x00000002   PAD
    0x08009e18   0x08009e18   0x00000058   Code   RO          193    .text.MX_SPI1_Init  spi.o
    0x08009e70   0x08009e70   0x0000005c   Code   RO          195    .text.MX_SPI2_Init  spi.o
    0x08009ecc   0x08009ecc   0x00000058   Code   RO          197    .text.MX_SPI3_Init  spi.o
    0x08009f24   0x08009f24   0x00000056   Code   RO          199    .text.MX_SPI4_Init  spi.o
    0x08009f7a   0x08009f7a   0x00000002   PAD
    0x08009f7c   0x08009f7c   0x00000134   Code   RO          234    .text.MX_TIM15_Init  tim.o
    0x0800a0b0   0x0800a0b0   0x0000003c   Code   RO          236    .text.MX_TIM16_Init  tim.o
    0x0800a0ec   0x0800a0ec   0x0000003c   Code   RO          238    .text.MX_TIM17_Init  tim.o
    0x0800a128   0x0800a128   0x0000017e   Code   RO          216    .text.MX_TIM1_Init  tim.o
    0x0800a2a6   0x0800a2a6   0x00000002   PAD
    0x0800a2a8   0x0800a2a8   0x0000017a   Code   RO          240    .text.MX_TIM20_Init  tim.o
    0x0800a422   0x0800a422   0x00000002   PAD
    0x0800a424   0x0800a424   0x0000007a   Code   RO          220    .text.MX_TIM2_Init  tim.o
    0x0800a49e   0x0800a49e   0x00000002   PAD
    0x0800a4a0   0x0800a4a0   0x0000007e   Code   RO          222    .text.MX_TIM3_Init  tim.o
    0x0800a51e   0x0800a51e   0x00000002   PAD
    0x0800a520   0x0800a520   0x0000007e   Code   RO          224    .text.MX_TIM4_Init  tim.o
    0x0800a59e   0x0800a59e   0x00000002   PAD
    0x0800a5a0   0x0800a5a0   0x0000007e   Code   RO          226    .text.MX_TIM5_Init  tim.o
    0x0800a61e   0x0800a61e   0x00000002   PAD
    0x0800a620   0x0800a620   0x0000005c   Code   RO          228    .text.MX_TIM6_Init  tim.o
    0x0800a67c   0x0800a67c   0x0000005c   Code   RO          230    .text.MX_TIM7_Init  tim.o
    0x0800a6d8   0x0800a6d8   0x00000144   Code   RO          232    .text.MX_TIM8_Init  tim.o
    0x0800a81c   0x0800a81c   0x0000008e   Code   RO          163    .text.MX_USART1_UART_Init  usart.o
    0x0800a8aa   0x0800a8aa   0x00000002   PAD
    0x0800a8ac   0x0800a8ac   0x0000008e   Code   RO          165    .text.MX_USART2_UART_Init  usart.o
    0x0800a93a   0x0800a93a   0x00000002   PAD
    0x0800a93c   0x0800a93c   0x0000008e   Code   RO          167    .text.MX_USART3_UART_Init  usart.o
    0x0800a9ca   0x0800a9ca   0x00000002   PAD
    0x0800a9cc   0x0800a9cc   0x0000003e   Code   RO          269    .text.MX_USB_PCD_Init  usb.o
    0x0800aa0a   0x0800aa0a   0x00000002   PAD
    0x0800aa0c   0x0800aa0c   0x00000004   Code   RO          287    .text.MemManage_Handler  stm32g4xx_it.o
    0x0800aa10   0x0800aa10   0x00000004   Code   RO          283    .text.NMI_Handler   stm32g4xx_it.o
    0x0800aa14   0x0800aa14   0x0000006c   Code   RO         1093    .text.NVIC_EncodePriority  stm32g4xx_hal_cortex.o
    0x0800aa80   0x0800aa80   0x00000010   Code   RO           13    .text.OnChassicControl  mainwork.o
    0x0800aa90   0x0800aa90   0x00000010   Code   RO           17    .text.OnPlannerUpdate  mainwork.o
    0x0800aaa0   0x0800aaa0   0x00000010   Code   RO           15    .text.Onmaincpp     mainwork.o
    0x0800aab0   0x0800aab0   0x00000064   Code   RO         3065    .text.PendSV_Handler  port.o
    0x0800ab14   0x0800ab14   0x00000034   Code   RO         2575    .text.Ping          gray.o
    0x0800ab48   0x0800ab48   0x0000009c   Code   RO          683    .text.RCC_GetSysClockFreqFromPLLSource  stm32g4xx_hal_rcc.o
    0x0800abe4   0x0800abe4   0x0000000c   PAD
    0x0800abf0   0x0800abf0   0x00000024   Code   RO         3049    .text.SVC_Handler   port.o
    0x0800ac14   0x0800ac14   0x00000010   Code   RO           81    .text.StartDefaultTask  app_freertos.o
    0x0800ac24   0x0800ac24   0x00000052   Code   RO         1109    .text.SysTick_Config  stm32g4xx_hal_cortex.o
    0x0800ac76   0x0800ac76   0x00000002   PAD
    0x0800ac78   0x0800ac78   0x00000018   Code   RO          295    .text.SysTick_Handler  stm32g4xx_it.o
    0x0800ac90   0x0800ac90   0x00000078   Code   RO           56    .text.SystemClock_Config  main.o
    0x0800ad08   0x0800ad08   0x00000012   Code   RO         2345    .text.SystemInit    system_stm32g4xx.o
    0x0800ad1a   0x0800ad1a   0x00000002   PAD
    0x0800ad1c   0x0800ad1c   0x0000001c   Code   RO          303    .text.TIM1_BRK_TIM15_IRQHandler  stm32g4xx_it.o
    0x0800ad38   0x0800ad38   0x0000001c   Code   RO          307    .text.TIM1_TRG_COM_TIM17_IRQHandler  stm32g4xx_it.o
    0x0800ad54   0x0800ad54   0x0000001c   Code   RO          305    .text.TIM1_UP_TIM16_IRQHandler  stm32g4xx_it.o
    0x0800ad70   0x0800ad70   0x00000010   Code   RO          311    .text.TIM6_DAC_IRQHandler  stm32g4xx_it.o
    0x0800ad80   0x0800ad80   0x000001e6   Code   RO         1802    .text.TIM_Base_SetConfig  stm32g4xx_hal_tim.o
    0x0800af66   0x0800af66   0x00000002   PAD
    0x0800af68   0x0800af68   0x00000036   Code   RO         1836    .text.TIM_CCxChannelCmd  stm32g4xx_hal_tim.o
    0x0800af9e   0x0800af9e   0x00000002   PAD
    0x0800afa0   0x0800afa0   0x00000034   Code   RO         1992    .text.TIM_ETR_SetConfig  stm32g4xx_hal_tim.o
    0x0800afd4   0x0800afd4   0x00000030   Code   RO         1998    .text.TIM_ITRx_SetConfig  stm32g4xx_hal_tim.o
    0x0800b004   0x0800b004   0x00000174   Code   RO         1946    .text.TIM_OC1_SetConfig  stm32g4xx_hal_tim.o
    0x0800b178   0x0800b178   0x00000190   Code   RO         1948    .text.TIM_OC2_SetConfig  stm32g4xx_hal_tim.o
    0x0800b308   0x0800b308   0x0000018e   Code   RO         1950    .text.TIM_OC3_SetConfig  stm32g4xx_hal_tim.o
    0x0800b496   0x0800b496   0x00000002   PAD
    0x0800b498   0x0800b498   0x00000190   Code   RO         1952    .text.TIM_OC4_SetConfig  stm32g4xx_hal_tim.o
    0x0800b628   0x0800b628   0x000000e2   Code   RO         1954    .text.TIM_OC5_SetConfig  stm32g4xx_hal_tim.o
    0x0800b70a   0x0800b70a   0x00000002   PAD
    0x0800b70c   0x0800b70c   0x000000e4   Code   RO         1956    .text.TIM_OC6_SetConfig  stm32g4xx_hal_tim.o
    0x0800b7f0   0x0800b7f0   0x00000050   Code   RO         1996    .text.TIM_TI1_ConfigInputStage  stm32g4xx_hal_tim.o
    0x0800b840   0x0800b840   0x00000052   Code   RO         2000    .text.TIM_TI2_ConfigInputStage  stm32g4xx_hal_tim.o
    0x0800b892   0x0800b892   0x00000002   PAD
    0x0800b894   0x0800b894   0x00000086   Code   RO         1646    .text.UARTEx_SetNbDataToProcess  stm32g4xx_hal_uart_ex.o
    0x0800b91a   0x0800b91a   0x00000002   PAD
    0x0800b91c   0x0800b91c   0x00000148   Code   RO         1482    .text.UART_AdvFeatureConfig  stm32g4xx_hal_uart.o
    0x0800ba64   0x0800ba64   0x00000146   Code   RO         1486    .text.UART_CheckIdleState  stm32g4xx_hal_uart.o
    0x0800bbaa   0x0800bbaa   0x00000002   PAD
    0x0800bbac   0x0800bbac   0x0000001e   Code   RO         1568    .text.UART_DMAAbortOnError  stm32g4xx_hal_uart.o
    0x0800bbca   0x0800bbca   0x00000002   PAD
    0x0800bbcc   0x0800bbcc   0x0000009e   Code   RO         1538    .text.UART_EndRxTransfer  stm32g4xx_hal_uart.o
    0x0800bc6a   0x0800bc6a   0x00000002   PAD
    0x0800bc6c   0x0800bc6c   0x00000044   Code   RO         1574    .text.UART_EndTransmit_IT  stm32g4xx_hal_uart.o
    0x0800bcb0   0x0800bcb0   0x00000184   Code   RO         1610    .text.UART_RxISR_16BIT  stm32g4xx_hal_uart.o
    0x0800be34   0x0800be34   0x00000308   Code   RO         1606    .text.UART_RxISR_16BIT_FIFOEN  stm32g4xx_hal_uart.o
    0x0800c13c   0x0800c13c   0x00000180   Code   RO         1612    .text.UART_RxISR_8BIT  stm32g4xx_hal_uart.o
    0x0800c2bc   0x0800c2bc   0x00000304   Code   RO         1608    .text.UART_RxISR_8BIT_FIFOEN  stm32g4xx_hal_uart.o
    0x0800c5c0   0x0800c5c0   0x000005e2   Code   RO         1484    .text.UART_SetConfig  stm32g4xx_hal_uart.o
    0x0800cba2   0x0800cba2   0x00000002   PAD
    0x0800cba4   0x0800cba4   0x00000222   Code   RO         1516    .text.UART_Start_Receive_IT  stm32g4xx_hal_uart.o
    0x0800cdc6   0x0800cdc6   0x00000002   PAD
    0x0800cdc8   0x0800cdc8   0x0000010c   Code   RO         1500    .text.UART_WaitOnFlagUntilTimeout  stm32g4xx_hal_uart.o
    0x0800ced4   0x0800ced4   0x00000010   Code   RO          309    .text.USART1_IRQHandler  stm32g4xx_it.o
    0x0800cee4   0x0800cee4   0x00000028   Code   RO         2302    .text.USB_DevInit   stm32g4xx_ll_usb.o
    0x0800cf0c   0x0800cf0c   0x0000001e   Code   RO         2298    .text.USB_DisableGlobalInt  stm32g4xx_ll_usb.o
    0x0800cf2a   0x0800cf2a   0x00000002   PAD
    0x0800cf2c   0x0800cf2c   0x00000004   Code   RO          291    .text.UsageFault_Handler  stm32g4xx_it.o
    0x0800cf30   0x0800cf30   0x00000030   Code   RO         1097    .text.__NVIC_EnableIRQ  stm32g4xx_hal_cortex.o
    0x0800cf60   0x0800cf60   0x00000010   Code   RO         1089    .text.__NVIC_GetPriorityGrouping  stm32g4xx_hal_cortex.o
    0x0800cf70   0x0800cf70   0x00000042   Code   RO         1091    .text.__NVIC_SetPriority  stm32g4xx_hal_cortex.o
    0x0800cfb2   0x0800cfb2   0x00000002   PAD
    0x0800cfb4   0x0800cfb4   0x0000003c   Code   RO         1085    .text.__NVIC_SetPriorityGrouping  stm32g4xx_hal_cortex.o
    0x0800cff0   0x0800cff0   0x0000008a   Code   RO           50    .text.delay_us      main.o
    0x0800d07a   0x0800d07a   0x00000002   PAD
    0x0800d07c   0x0800d07c   0x00000022   Code   RO          175    .text.fputc         usart.o
    0x0800d09e   0x0800d09e   0x00000002   PAD
    0x0800d0a0   0x0800d0a0   0x0000006c   Code   RO           25    .text.gray_read_task  mainwork.o
    0x0800d10c   0x0800d10c   0x000000fc   Code   RO           54    .text.main          main.o
    0x0800d208   0x0800d208   0x000001f6   Code   RO           11    .text.main_work     mainwork.o
    0x0800d3fe   0x0800d3fe   0x00000002   PAD
    0x0800d400   0x0800d400   0x00000028   Code   RO         2904    .text.makeFreeRtosPriority  cmsis_os.o
    0x0800d428   0x0800d428   0x00000028   Code   RO         2918    .text.osDelay       cmsis_os.o
    0x0800d450   0x0800d450   0x0000000a   Code   RO         2894    .text.osKernelStart  cmsis_os.o
    0x0800d45a   0x0800d45a   0x00000002   PAD
    0x0800d45c   0x0800d45c   0x000000ac   Code   RO         2902    .text.osThreadCreate  cmsis_os.o
    0x0800d508   0x0800d508   0x000000f4   Code   RO         2778    .text.prvAddCurrentTaskToDelayedList  tasks.o
    0x0800d5fc   0x0800d5fc   0x00000110   Code   RO         2764    .text.prvAddNewTaskToReadyList  tasks.o
    0x0800d70c   0x0800d70c   0x0000005a   Code   RO         2862    .text.prvCheckTasksWaitingTermination  tasks.o
    0x0800d766   0x0800d766   0x00000002   PAD
    0x0800d768   0x0800d768   0x0000005e   Code   RO         2770    .text.prvDeleteTCB  tasks.o
    0x0800d7c6   0x0800d7c6   0x00000002   PAD
    0x0800d7c8   0x0800d7c8   0x000000bc   Code   RO         3016    .text.prvHeapInit   heap_4.o
    0x0800d884   0x0800d884   0x00000038   Code   RO         2800    .text.prvIdleTask   tasks.o
    0x0800d8bc   0x0800d8bc   0x00000114   Code   RO         2762    .text.prvInitialiseNewTask  tasks.o
    0x0800d9d0   0x0800d9d0   0x0000008e   Code   RO         2860    .text.prvInitialiseTaskLists  tasks.o
    0x0800da5e   0x0800da5e   0x00000002   PAD
    0x0800da60   0x0800da60   0x000000c6   Code   RO         3018    .text.prvInsertBlockIntoFreeList  heap_4.o
    0x0800db26   0x0800db26   0x00000002   PAD
    0x0800db28   0x0800db28   0x00000028   Code   RO         3057    .text.prvPortStartFirstTask  port.o
    0x0800db50   0x0800db50   0x00000046   Code   RO         2772    .text.prvResetNextTaskUnblockTime  tasks.o
    0x0800db96   0x0800db96   0x00000002   PAD
    0x0800db98   0x0800db98   0x0000004c   Code   RO         3047    .text.prvTaskExitError  port.o
    0x0800dbe4   0x0800dbe4   0x000001ec   Code   RO         3014    .text.pvPortMalloc  heap_4.o
    0x0800ddd0   0x0800ddd0   0x0000005e   Code   RO         3045    .text.pxPortInitialiseStack  port.o
    0x0800de2e   0x0800de2e   0x00000002   PAD
    0x0800de30   0x0800de30   0x0000017a   Code   RO           27    .text.tcd1103_read_task  mainwork.o
    0x0800dfaa   0x0800dfaa   0x00000002   PAD
    0x0800dfac   0x0800dfac   0x0000003c   Code   RO           23    .text.tcs230_read_task  mainwork.o
    0x0800dfe8   0x0800dfe8   0x00000048   Code   RO         2632    .text.uxListRemove  list.o
    0x0800e030   0x0800e030   0x0000002a   Code   RO           77    .text.vApplicationGetIdleTaskMemory  app_freertos.o
    0x0800e05a   0x0800e05a   0x00000002   PAD
    0x0800e05c   0x0800e05c   0x0000002e   Code   RO         2624    .text.vListInitialise  list.o
    0x0800e08a   0x0800e08a   0x00000002   PAD
    0x0800e08c   0x0800e08c   0x0000000e   Code   RO         2626    .text.vListInitialiseItem  list.o
    0x0800e09a   0x0800e09a   0x00000002   PAD
    0x0800e09c   0x0800e09c   0x0000006a   Code   RO         2630    .text.vListInsert   list.o
    0x0800e106   0x0800e106   0x00000002   PAD
    0x0800e108   0x0800e108   0x0000003a   Code   RO         2628    .text.vListInsertEnd  list.o
    0x0800e142   0x0800e142   0x00000002   PAD
    0x0800e144   0x0800e144   0x00000014   Code   RO         3055    .text.vPortEnableVFP  port.o
    0x0800e158   0x0800e158   0x00000056   Code   RO         3061    .text.vPortEnterCritical  port.o
    0x0800e1ae   0x0800e1ae   0x00000002   PAD
    0x0800e1b0   0x0800e1b0   0x0000004a   Code   RO         3063    .text.vPortExitCritical  port.o
    0x0800e1fa   0x0800e1fa   0x00000002   PAD
    0x0800e1fc   0x0800e1fc   0x000000ce   Code   RO         3020    .text.vPortFree     heap_4.o
    0x0800e2ca   0x0800e2ca   0x00000002   PAD
    0x0800e2cc   0x0800e2cc   0x00000044   Code   RO         3053    .text.vPortSetupTimerInterrupt  port.o
    0x0800e310   0x0800e310   0x0000006e   Code   RO         2774    .text.vTaskDelay    tasks.o
    0x0800e37e   0x0800e37e   0x00000002   PAD
    0x0800e380   0x0800e380   0x000000ce   Code   RO         2798    .text.vTaskStartScheduler  tasks.o
    0x0800e44e   0x0800e44e   0x00000002   PAD
    0x0800e450   0x0800e450   0x00000010   Code   RO         2776    .text.vTaskSuspendAll  tasks.o
    0x0800e460   0x0800e460   0x000000be   Code   RO         2790    .text.vTaskSwitchContext  tasks.o
    0x0800e51e   0x0800e51e   0x00000002   PAD
    0x0800e520   0x0800e520   0x00000156   Code   RO         3051    .text.xPortStartScheduler  port.o
    0x0800e676   0x0800e676   0x00000002   PAD
    0x0800e678   0x0800e678   0x0000003c   Code   RO         3067    .text.xPortSysTickHandler  port.o
    0x0800e6b4   0x0800e6b4   0x0000009e   Code   RO         2766    .text.xTaskCreate   tasks.o
    0x0800e752   0x0800e752   0x00000002   PAD
    0x0800e754   0x0800e754   0x000000ce   Code   RO         2760    .text.xTaskCreateStatic  tasks.o
    0x0800e822   0x0800e822   0x00000002   PAD
    0x0800e824   0x0800e824   0x00000038   Code   RO         2834    .text.xTaskGetSchedulerState  tasks.o
    0x0800e85c   0x0800e85c   0x000001b8   Code   RO         2804    .text.xTaskIncrementTick  tasks.o
    0x0800ea14   0x0800ea14   0x00000178   Code   RO         2780    .text.xTaskResumeAll  tasks.o
    0x0800eb8c   0x0800eb8c   0x00000020   Code   RO         3092    i.__0printf         mc_w.l(printfa.o)
    0x0800ebac   0x0800ebac   0x0000000e   Code   RO         3237    i.__scatterload_copy  mc_w.l(handlers.o)
    0x0800ebba   0x0800ebba   0x00000002   Code   RO         3238    i.__scatterload_null  mc_w.l(handlers.o)
    0x0800ebbc   0x0800ebbc   0x0000000e   Code   RO         3239    i.__scatterload_zeroinit  mc_w.l(handlers.o)
    0x0800ebca   0x0800ebca   0x00000002   PAD
    0x0800ebcc   0x0800ebcc   0x00000184   Code   RO         3099    i._fp_digits        mc_w.l(printfa.o)
    0x0800ed50   0x0800ed50   0x0000000e   Code   RO         3199    i._is_digit         mc_w.l(scanf_fp.o)
    0x0800ed5e   0x0800ed5e   0x00000002   PAD
    0x0800ed60   0x0800ed60   0x000006dc   Code   RO         3100    i._printf_core      mc_w.l(printfa.o)
    0x0800f43c   0x0800f43c   0x00000024   Code   RO         3101    i._printf_post_padding  mc_w.l(printfa.o)
    0x0800f460   0x0800f460   0x0000002e   Code   RO         3102    i._printf_pre_padding  mc_w.l(printfa.o)
    0x0800f48e   0x0800f48e   0x00000040   Data   RO         3231    .constdata          mc_w.l(ctype_c.o)
    0x0800f4ce   0x0800f4ce   0x00000002   PAD
    0x0800f4d0   0x0800f4d0   0x0000001c   Data   RO           86    .rodata..L__const.MX_FREERTOS_Init.os_thread_def_defaultTask  app_freertos.o
    0x0800f4ec   0x0800f4ec   0x00000010   Data   RO         2350    .rodata.AHBPrescTable  system_stm32g4xx.o
    0x0800f4fc   0x0800f4fc   0x00000008   Data   RO         2351    .rodata.APBPrescTable  system_stm32g4xx.o
    0x0800f504   0x0800f504   0x00000010   Data   RO         1282    .rodata.DLCtoBytes  stm32g4xx_hal_fdcan.o
    0x0800f514   0x0800f514   0x00000008   Data   RO         1663    .rodata.UARTEx_SetNbDataToProcess.denominator  stm32g4xx_hal_uart_ex.o
    0x0800f51c   0x0800f51c   0x00000008   Data   RO         1662    .rodata.UARTEx_SetNbDataToProcess.numerator  stm32g4xx_hal_uart_ex.o
    0x0800f524   0x0800f524   0x00000018   Data   RO         1618    .rodata.UARTPrescTable  stm32g4xx_hal_uart.o
    0x0800f53c   0x0800f53c   0x00000084   Data   RO           33    .rodata.str1.1      mainwork.o
    0x0800f5c0   0x0800f5c0   0x0000000c   Data   RO           85    .rodata.str1.1      app_freertos.o
    0x0800f5cc   0x0800f5cc   0x0000000f   Data   RO          185    .rodata.str1.1      usart.o
    0x0800f5db   0x0800f5db   0x0000000b   Data   RO         2521    .rodata.str1.1      tcs230.o
    0x0800f5e6   0x0800f5e6   0x00000005   Data   RO         2875    .rodata.str1.1      tasks.o
    0x0800f5eb   0x0800f5eb   0x00000001   PAD
    0x0800f5ec   0x0800f5ec   0x00000020   Data   RO         3236    Region$$Table       anon$$obj.o


    Execution Region RW_IRAM1 (Exec base: 0x20000000, Load base: 0x0800f610, Size: 0x00006b90, Max: 0x00020000, ABSOLUTE)

    Exec Addr    Load Addr    Size         Type   Attr      Idx    E Section Name        Object

    0x20000000   0x0800f610   0x00000004   Data   RW         3173    .data               mc_w.l(stdout.o)
    0x20000004   0x0800f614   0x00000004   Data   RW         2349    .data.SystemCoreClock  system_stm32g4xx.o
    0x20000008   0x0800f618   0x00000004   Data   RW          668    .data.uwTickFreq    stm32g4xx_hal.o
    0x2000000c   0x0800f61c   0x00000004   Data   RW          667    .data.uwTickPrio    stm32g4xx_hal.o
    0x20000010   0x0800f620   0x00000004   Data   RW         3073    .data.uxCriticalNesting  port.o
    0x20000014   0x0800f624   0x00000004   PAD
    0x20000018        -       0x00000008   Zero   RW           30    .bss.Anolog_gray    mainwork.o
    0x20000020        -       0x00000001   Zero   RW         2519    .bss.B              tcs230.o
    0x20000021   0x0800f624   0x00000003   PAD
    0x20000024        -       0x00000004   Zero   RW           34    .bss.Chassic_control_handle  mainwork.o
    0x20000028        -       0x00000001   Zero   RW           42    .bss.Digtal_gray    mainwork.o
    0x20000029   0x0800f624   0x00000003   PAD
    0x2000002c        -       0x00000028   Zero   RW         2382    .bss.FDCANFIFOxCallback.rxconf  bsp_fdcan.o
    0x20000054        -       0x00000001   Zero   RW         2518    .bss.G              tcs230.o
    0x20000055   0x0800f624   0x00000003   PAD
    0x20000058        -       0x00000004   Zero   RW          105    .bss.HAL_RCC_ADC345_CLK_ENABLED  adc.o
    0x2000005c        -       0x00000004   Zero   RW          133    .bss.HAL_RCC_FDCAN_CLK_ENABLED  fdcan.o
    0x20000060        -       0x00000001   Zero   RW          183    .bss.HAL_UART_RxCpltCallback.i  usart.o
    0x20000061        -       0x00000001   Zero   RW          184    .bss.HAL_UART_RxCpltCallback.j  usart.o
    0x20000062   0x0800f624   0x00000002   PAD
    0x20000064        -       0x00000004   Zero   RW           37    .bss.IMU_read_handle  mainwork.o
    0x20000068        -       0x00000004   Zero   RW           38    .bss.LCD_Show_handle  mainwork.o
    0x2000006c        -       0x00000008   Zero   RW           31    .bss.Normal         mainwork.o
    0x20000074        -       0x00000004   Zero   RW           36    .bss.Planner_update_handle  mainwork.o
    0x20000078        -       0x00000001   Zero   RW         2517    .bss.R              tcs230.o
    0x20000079        -       0x00000001   Zero   RW         2520    .bss.RX_Flag        tcs230.o
    0x2000007a        -       0x00000001   Zero   RW         2523    .bss.RxData         tcs230.o
    0x2000007b   0x0800f624   0x00000001   PAD
    0x2000007c        -       0x00000002   Zero   RW         2502    .bss._max           tcd1103.o
    0x2000007e        -       0x00000002   Zero   RW         2503    .bss._min           tcd1103.o
    0x20000080        -       0x00000002   Zero   RW         2501    .bss.avg            tcd1103.o
    0x20000082   0x0800f624   0x00000002   PAD
    0x20000084        -       0x00000004   Zero   RW         2525    .bss.blue           tcs230.o
    0x20000088        -       0x00000100   Zero   RW         2494    .bss.ccd_data       tcd1103.o
    0x20000188        -       0x00000c14   Zero   RW         2493    .bss.ccd_rawdata    tcd1103.o
    0x20000d9c        -       0x00000004   Zero   RW           87    .bss.defaultTaskHandle  app_freertos.o
    0x20000da0        -       0x00000004   Zero   RW           60    .bss.fac_us         main.o
    0x20000da4        -       0x00000040   Zero   RW         2376    .bss.fdcan_instance  bsp_fdcan.o
    0x20000de4        -       0x00000004   Zero   RW           29    .bss.goods_color    mainwork.o
    0x20000de8        -       0x00000004   Zero   RW           40    .bss.gray_read_handle  mainwork.o
    0x20000dec        -       0x00000004   Zero   RW         2526    .bss.green          tcs230.o
    0x20000df0        -       0x0000006c   Zero   RW          103    .bss.hadc3          adc.o
    0x20000e5c        -       0x0000006c   Zero   RW          104    .bss.hadc4          adc.o
    0x20000ec8        -       0x00000060   Zero   RW          106    .bss.hdma_adc3      adc.o
    0x20000f28        -       0x00000060   Zero   RW          107    .bss.hdma_adc4      adc.o
    0x20000f88        -       0x00000064   Zero   RW          131    .bss.hfdcan1        fdcan.o
    0x20000fec        -       0x00000064   Zero   RW          132    .bss.hfdcan2        fdcan.o
    0x20001050        -       0x00000054   Zero   RW          151    .bss.hi2c2          i2c.o
    0x200010a4        -       0x00000054   Zero   RW          152    .bss.hi2c3          i2c.o
    0x200010f8        -       0x00000054   Zero   RW          153    .bss.hi2c4          i2c.o
    0x2000114c        -       0x00000094   Zero   RW          179    .bss.hlpuart1       usart.o
    0x200011e0        -       0x000002dc   Zero   RW          275    .bss.hpcd_USB_FS    usb.o
    0x200014bc        -       0x00000064   Zero   RW          205    .bss.hspi1          spi.o
    0x20001520        -       0x00000064   Zero   RW          206    .bss.hspi2          spi.o
    0x20001584        -       0x00000064   Zero   RW          207    .bss.hspi3          spi.o
    0x200015e8        -       0x00000064   Zero   RW          208    .bss.hspi4          spi.o
    0x2000164c        -       0x0000004c   Zero   RW          250    .bss.htim1          tim.o
    0x20001698        -       0x0000004c   Zero   RW          258    .bss.htim15         tim.o
    0x200016e4        -       0x0000004c   Zero   RW          259    .bss.htim16         tim.o
    0x20001730        -       0x0000004c   Zero   RW          260    .bss.htim17         tim.o
    0x2000177c        -       0x0000004c   Zero   RW          251    .bss.htim2          tim.o
    0x200017c8        -       0x0000004c   Zero   RW          261    .bss.htim20         tim.o
    0x20001814        -       0x0000004c   Zero   RW          252    .bss.htim3          tim.o
    0x20001860        -       0x0000004c   Zero   RW          253    .bss.htim4          tim.o
    0x200018ac        -       0x0000004c   Zero   RW          254    .bss.htim5          tim.o
    0x200018f8        -       0x0000004c   Zero   RW          255    .bss.htim6          tim.o
    0x20001944        -       0x0000004c   Zero   RW          256    .bss.htim7          tim.o
    0x20001990        -       0x0000004c   Zero   RW          257    .bss.htim8          tim.o
    0x200019dc        -       0x00000094   Zero   RW          180    .bss.huart1         usart.o
    0x20001a70        -       0x00000094   Zero   RW          181    .bss.huart2         usart.o
    0x20001b04        -       0x00000094   Zero   RW          182    .bss.huart3         usart.o
    0x20001b98        -       0x00000004   Zero   RW         2495    .bss.icg_flag       tcd1103.o
    0x20001b9c        -       0x00000001   Zero   RW         2375    .bss.idx            bsp_fdcan.o
    0x20001b9d        -       0x00000001   Zero   RW         2497    .bss.l              tcd1103.o
    0x20001b9e        -       0x00000001   Zero   RW         2499    .bss.l_w            tcd1103.o
    0x20001b9f   0x0800f624   0x00000001   PAD
    0x20001ba0        -       0x00000004   Zero   RW           35    .bss.main_cpp_handle  mainwork.o
    0x20001ba4        -       0x00000004   Zero   RW         2864    .bss.pxCurrentTCB   tasks.o
    0x20001ba8        -       0x00000004   Zero   RW         2881    .bss.pxDelayedTaskList  tasks.o
    0x20001bac        -       0x00000004   Zero   RW         3030    .bss.pxEnd          heap_4.o
    0x20001bb0        -       0x00000004   Zero   RW         2882    .bss.pxOverflowDelayedTaskList  tasks.o
    0x20001bb4        -       0x0000008c   Zero   RW         2865    .bss.pxReadyTasksLists  tasks.o
    0x20001c40        -       0x00000001   Zero   RW         2498    .bss.r              tcd1103.o
    0x20001c41        -       0x00000001   Zero   RW         2500    .bss.r_w            tcd1103.o
    0x20001c42   0x0800f624   0x00000002   PAD
    0x20001c44        -       0x00000004   Zero   RW           32    .bss.read_cololr_flag  mainwork.o
    0x20001c48        -       0x00000004   Zero   RW         2524    .bss.red            tcs230.o
    0x20001c4c        -       0x00000004   Zero   RW           41    .bss.tcd1103_read_handle  mainwork.o
    0x20001c50        -       0x00000004   Zero   RW           39    .bss.tcs230_read_handle  mainwork.o
    0x20001c54        -       0x00000028   Zero   RW         2522    .bss.tcs_string     tcs230.o
    0x20001c7c        -       0x00003c00   Zero   RW         3037    .bss.ucHeap         heap_4.o
    0x2000587c        -       0x00000001   Zero   RW         3071    .bss.ucMaxSysCallPriority  port.o
    0x2000587d   0x0800f624   0x00000003   PAD
    0x20005880        -       0x00000004   Zero   RW         3072    .bss.ulMaxPRIGROUPValue  port.o
    0x20005884        -       0x00000004   Zero   RW          669    .bss.uwTick         stm32g4xx_hal.o
    0x20005888        -       0x00000004   Zero   RW         2870    .bss.uxCurrentNumberOfTasks  tasks.o
    0x2000588c        -       0x00000004   Zero   RW         2869    .bss.uxDeletedTasksWaitingCleanUp  tasks.o
    0x20005890        -       0x00000004   Zero   RW         2872    .bss.uxSchedulerSuspended  tasks.o
    0x20005894        -       0x00000004   Zero   RW         2867    .bss.uxTaskNumber   tasks.o
    0x20005898        -       0x00000004   Zero   RW         2866    .bss.uxTopReadyPriority  tasks.o
    0x2000589c        -       0x00000004   Zero   RW         3031    .bss.xBlockAllocatedBit  heap_4.o
    0x200058a0        -       0x00000014   Zero   RW         2884    .bss.xDelayedTaskList1  tasks.o
    0x200058b4        -       0x00000014   Zero   RW         2885    .bss.xDelayedTaskList2  tasks.o
    0x200058c8        -       0x00000004   Zero   RW         3032    .bss.xFreeBytesRemaining  heap_4.o
    0x200058cc        -       0x00000200   Zero   RW           84    .bss.xIdleStack     app_freertos.o
    0x20005acc        -       0x00000004   Zero   RW         2876    .bss.xIdleTaskHandle  tasks.o
    0x20005ad0        -       0x00000054   Zero   RW           83    .bss.xIdleTaskTCBBuffer  app_freertos.o
    0x20005b24        -       0x00000004   Zero   RW         3034    .bss.xMinimumEverFreeBytesRemaining  heap_4.o
    0x20005b28        -       0x00000004   Zero   RW         2877    .bss.xNextTaskUnblockTime  tasks.o
    0x20005b2c        -       0x00000004   Zero   RW         2883    .bss.xNumOfOverflows  tasks.o
    0x20005b30        -       0x00000004   Zero   RW         3035    .bss.xNumberOfSuccessfulAllocations  heap_4.o
    0x20005b34        -       0x00000004   Zero   RW         3036    .bss.xNumberOfSuccessfulFrees  heap_4.o
    0x20005b38        -       0x00000004   Zero   RW         2880    .bss.xPendedTicks   tasks.o
    0x20005b3c        -       0x00000014   Zero   RW         2874    .bss.xPendingReadyList  tasks.o
    0x20005b50        -       0x00000004   Zero   RW         2871    .bss.xSchedulerRunning  tasks.o
    0x20005b54        -       0x00000008   Zero   RW         3033    .bss.xStart         heap_4.o
    0x20005b5c        -       0x00000014   Zero   RW         2873    .bss.xSuspendedTaskList  tasks.o
    0x20005b70        -       0x00000014   Zero   RW         2868    .bss.xTasksWaitingTermination  tasks.o
    0x20005b84        -       0x00000004   Zero   RW         2878    .bss.xTickCount     tasks.o
    0x20005b88        -       0x00000004   Zero   RW         2879    .bss.xYieldPending  tasks.o
    0x20005b8c   0x0800f624   0x00000004   PAD
    0x20005b90        -       0x00001000   Zero   RW            1    STACK               startup_stm32g473xx.o


==============================================================================

Image component sizes


      Code (inc. data)   RO Data    RW Data    ZI Data      Debug   Object Name

       880          0          0          0        412       7983   adc.o
       128          0         40          0        600       2767   app_freertos.o
       264          0          0          0        105       6053   bsp_fdcan.o
       262          0          0          0          0      16307   cmsis_os.o
       108          0          0          0          0       3761   dma.o
       574          0          0          0        204       8213   fdcan.o
       532          0          0          0          0       2546   gpio.o
       300          0          0          0          0       2222   gray.o
      1084          0          0          0      15392       4439   heap_4.o
       800          0          0          0        252       7272   i2c.o
       296          0          0          0          0       2242   list.o
       736          0          0          0          4       6311   main.o
      1128          0        132          0         57       3150   mainwork.o
       996         16          0          4          5       3853   port.o
       906          0          0          0        400       6562   spi.o
        36          8        472          0       4096        864   startup_stm32g473xx.o
       288          0          0          8          4       8923   stm32g4xx_hal.o
      5136          0          0          0          0      22454   stm32g4xx_hal_adc.o
       786          0          0          0          0      19758   stm32g4xx_hal_adc_ex.o
       478          0          0          0          0       9913   stm32g4xx_hal_cortex.o
      1572          0          0          0          0       7790   stm32g4xx_hal_dma.o
      2318          0         16          0          0      18825   stm32g4xx_hal_fdcan.o
       916          0          0          0          0       5327   stm32g4xx_hal_gpio.o
      3124          0          0          0          0      36763   stm32g4xx_hal_i2c.o
       314          0          0          0          0       6286   stm32g4xx_hal_i2c_ex.o
        84          0          0          0          0       3793   stm32g4xx_hal_msp.o
       404          0          0          0          0      13737   stm32g4xx_hal_pcd.o
        58          0          0          0          0       5106   stm32g4xx_hal_pcd_ex.o
       454          0          0          0          0       7807   stm32g4xx_hal_pwr_ex.o
      3276          0          0          0          0       9539   stm32g4xx_hal_rcc.o
      1316          0          0          0          0      11720   stm32g4xx_hal_rcc_ex.o
       336          0          0          0          0      21299   stm32g4xx_hal_spi.o
      6452         22          0          0          0      37929   stm32g4xx_hal_tim.o
       750          0          0          0          0      21833   stm32g4xx_hal_tim_ex.o
      7650         48         24          0          0      27426   stm32g4xx_hal_uart.o
       562          0         16          0          0       8910   stm32g4xx_hal_uart_ex.o
       226          0          0          0          0       1972   stm32g4xx_it.o
        70          0          0          0          0      10847   stm32g4xx_ll_usb.o
        18          0         24          4          0       2707   system_stm32g4xx.o
      3002          0          5          0        300      20376   tasks.o
       476          0          0          0       3362       1853   tcd1103.o
       640          8         11          0         57       1509   tcs230.o
      3664          0          0          0        912      14439   tim.o
      1490          0         15          0        594      10754   usart.o
       156          0          0          0        732       5159   usb.o

    ----------------------------------------------------------------------
     55284        102        788         16      27516     459299   Object Totals
         0          0         32          0          0          0   (incl. Generated)
       238          0          1          0         28          0   (incl. Padding)

    ----------------------------------------------------------------------

      Code (inc. data)   RO Data    RW Data    ZI Data      Debug   Library Member Name

        28          0          0          0          0         68   _chval.o
       812          4          0          0          0        112   _scanf.o
       332          0          0          0          0         96   _scanf_int.o
       342          0          0          0          0        100   _scanf_longlong.o
       224          0          0          0          0         96   _scanf_str.o
        64          0          0          0          0         84   _sgetc.o
        40          6         64          0          0         68   ctype_c.o
         0          0          0          0          0          0   entry.o
         0          0          0          0          0          0   entry10a.o
         0          0          0          0          0          0   entry11a.o
         8          4          0          0          0          0   entry2.o
         4          0          0          0          0          0   entry5.o
         0          0          0          0          0          0   entry7b.o
         0          0          0          0          0          0   entry8b.o
         8          4          0          0          0          0   entry9a.o
        30          0          0          0          0          0   handlers.o
        48         10          0          0          0         68   init.o
        10          0          0          0          0         68   isspace_c.o
         0          0          0          0          0          0   iusefp.o
        30          0          0          0          0         68   llshl.o
        36          0          0          0          0         68   llsshr.o
        32          0          0          0          0         68   llushr.o
        36          0          0          0          0         68   memcpya.o
        36          0          0          0          0        108   memseta.o
      2258         90          0          0          0        452   printfa.o
        40          8          0          0          0         84   scanf_char.o
       878         12          0          0          0        216   scanf_fp.o
        56          8          0          0          0         84   sscanf.o
         0          0          0          4          0          0   stdout.o
        44          0          0          0          0         80   uidiv.o
        98          0          0          0          0         92   uldiv.o
        48          0          0          0          0         68   cdrcmple.o
        56          0          0          0          0         88   d2f.o
       334          0          0          0          0        148   dadd.o
        54          0          0          0          0         80   dcmple.o
       222          0          0          0          0        100   ddiv.o
       186          0          0          0          0        176   depilogue.o
        48          0          0          0          0         68   dfixul.o
        34          0          0          0          0         76   dflti.o
        24          0          0          0          0         76   dfltul.o
       228          0          0          0          0         96   dmul.o
       110          0          0          0          0        168   fepilogue.o

    ----------------------------------------------------------------------
      6850        146         66          4          0       3292   Library Totals
        12          0          2          0          0          0   (incl. Padding)

    ----------------------------------------------------------------------

      Code (inc. data)   RO Data    RW Data    ZI Data      Debug   Library Name

      5494        146         64          4          0       2148   mc_w.l
      1344          0          0          0          0       1144   mf_w.l

    ----------------------------------------------------------------------
      6850        146         66          4          0       3292   Library Totals

    ----------------------------------------------------------------------

==============================================================================


      Code (inc. data)   RO Data    RW Data    ZI Data      Debug   

     62134        248        854         20      27516     460219   Grand Totals
     62134        248        854         20      27516     460219   ELF Image Totals
     62134        248        854         20          0          0   ROM Totals

==============================================================================

    Total RO  Size (Code + RO Data)                62988 (  61.51kB)
    Total RW  Size (RW Data + ZI Data)             27536 (  26.89kB)
    Total ROM Size (Code + RO Data + RW Data)      63008 (  61.53kB)

==============================================================================

