<html>
<body>
<pre>
<h1>µVision Build Log</h1>
<h2>Tool Versions:</h2>
IDE-Version: ¦ÌVision V5.38.0.0
Copyright (C) 2022 ARM Ltd and ARM Germany GmbH. All rights reserved.
License Information: Sun Haochen, -, LIC=D0D7S-LPUVG-QDQKD-8UQI1-S84HZ-MNFWL
 
Tool Versions:
Toolchain:       MDK-ARM Plus  Version: 5.38.0.0
Toolchain Path:  C:\Keil_v5\ARM\ARMCC\Bin
C Compiler:      Armcc.exe V5.06 update 6 (build 750)
Assembler:       Armasm.exe V5.06 update 6 (build 750)
Linker/Locator:  ArmLink.exe V5.06 update 6 (build 750)
Library Manager: ArmAr.exe V5.06 update 6 (build 750)
Hex Converter:   FromElf.exe V5.06 update 6 (build 750)
CPU DLL:         SARMCM3.DLL V5.38.0.0
Dialog DLL:      DCM.DLL V1.17.5.0
Target DLL:      CMSIS_AGDI.dll V1.33.15.0
Dialog DLL:      TCM.DLL V1.56.4.0
 
<h2>Project:</h2>
C:\Users\sunha\OneDrive\EE\STM32\23_NUEDC_school\MDK-ARM\23_NUEDC_school.uvprojx
Project File Date:  05/19/2023

<h2>Output:</h2>
*** Using Compiler 'V5.06 update 6 (build 750)', folder: 'C:\Keil_v5\ARM\ARMCC\Bin'
Build target '23_NUEDC_school'
compiling main.c...
../Core/Src/main.c(99): warning:  #188-D: enumerated type mixed with another type
              HAL_GPIO_WritePin(ICG_GPIO_Port, ICG_Pin, 1);
../Core/Src/main.c(100): warning:  #188-D: enumerated type mixed with another type
              HAL_GPIO_WritePin(SH_GPIO_Port, SH_Pin, 0);
../Core/Src/main.c(102): warning:  #188-D: enumerated type mixed with another type
              HAL_GPIO_WritePin(SH_GPIO_Port, SH_Pin, 1);
../Core/Src/main.c(104): warning:  #188-D: enumerated type mixed with another type
              HAL_GPIO_WritePin(ICG_GPIO_Port, ICG_Pin, 0);
../Core/Src/main.c(110): warning:  #188-D: enumerated type mixed with another type
              HAL_GPIO_WritePin(SH_GPIO_Port, SH_Pin, 0);
../Core/Src/main.c(112): warning:  #188-D: enumerated type mixed with another type
              HAL_GPIO_WritePin(SH_GPIO_Port, SH_Pin, 1);
../Core/Src/main.c(132): warning:  #167-D: argument of type "char *" is incompatible with parameter of type "const uint8_t *"
          HAL_UART_Transmit(&huart1, t, strlen(t), 1000);
../Core/Src/main.c(135): warning:  #1035-D: single-precision operand implicitly converted to double-precision
              delta = 0.2 * pid_calc(&pid_pos, line, 64);
../Core/Src/main.c(277): warning:  #188-D: enumerated type mixed with another type
          HAL_GPIO_WritePin(BUZZ_GPIO_Port, BUZZ_Pin, r_w > 50);
../Core/Src/main.c: 9 warnings, 0 errors
linking...
Program Size: Code=16674 RO-data=8154 RW-data=56 ZI-data=7280  
FromELF: creating hex file...
"23_NUEDC_school\23_NUEDC_school.axf" - 0 Error(s), 9 Warning(s).

<h2>Software Packages used:</h2>

Package Vendor: ARM
                http://www.keil.com/pack/ARM.CMSIS.5.9.0.pack
                ARM.CMSIS.5.9.0
                CMSIS (Common Microcontroller Software Interface Standard)
   * Component: CORE Version: 5.6.0

Package Vendor: Keil
                http://www.keil.com/pack/Keil.STM32F4xx_DFP.2.16.0.pack
                Keil.STM32F4xx_DFP.2.16.0
                STMicroelectronics STM32F4 Series Device Support, Drivers and Examples

<h2>Collection of Component include folders:</h2>
  ./RTE/_23_NUEDC_school
  C:/Users/sunha/AppData/Local/Arm/Packs/ARM/CMSIS/5.9.0/CMSIS/Core/Include
  C:/Users/sunha/AppData/Local/Arm/Packs/Keil/STM32F4xx_DFP/2.16.0/Drivers/CMSIS/Device/ST/STM32F4xx/Include

<h2>Collection of Component Files used:</h2>

   * Component: ARM::CMSIS:CORE:5.6.0
      Include file:  CMSIS/Core/Include/tz_context.h
Build Time Elapsed:  00:00:04
</pre>
</body>
</html>
