#
# There is insufficient memory for the Java Runtime Environment to continue.
# Native memory allocation (malloc) failed to allocate 1098416 bytes. Error detail: Chunk::new
# Possible reasons:
#   The system is out of physical RAM or swap space
#   This process is running with CompressedOops enabled, and the Java Heap may be blocking the growth of the native heap
# Possible solutions:
#   Reduce memory load on the system
#   Increase physical memory or swap space
#   Check if swap backing store is full
#   Decrease Java heap size (-Xmx/-Xms)
#   Decrease number of Java threads
#   Decrease Java thread stack sizes (-Xss)
#   Set larger code cache with -XX:ReservedCodeCacheSize=
#   JVM is running with Zero Based Compressed Oops mode in which the Java heap is
#     placed in the first 32GB address space. The Java Heap base address is the
#     maximum limit for the native heap growth. Please use -XX:HeapBaseMinAddress
#     to set the Java Heap base and to place the Java Heap above 32GB virtual address.
# This output file may be truncated or incomplete.
#
#  Out of Memory Error (arena.cpp:168), pid=33716, tid=11896
#
# JRE version: OpenJDK Runtime Environment Temurin-21.0.3+9 (21.0.3+9) (build 21.0.3+9-LTS)
# Java VM: OpenJDK 64-Bit Server VM Temurin-21.0.3+9 (21.0.3+9-LTS, mixed mode, tiered, compressed oops, compressed class ptrs, g1 gc, windows-amd64)
# No core dump will be written. Minidumps are not enabled by default on client versions of Windows
#

---------------  S U M M A R Y ------------

Command Line: -Dfile.encoding=UTF-8 -Djavax.net.ssl.trustStoreType=WINDOWS-ROOT -Dsun.java2d.d3d=false com.st.microxplorer.maingui.STM32CubeMX D:\stmproject\dragonproject\contest\robotcup_handing\Robocup\F743VGT6_origin\origin.ioc

Host: 13th Gen Intel(R) Core(TM) i9-13900H, 20 cores, 31G,  Windows 11 , 64 bit Build 26100 (10.0.26100.3775)
Time: Wed May  7 23:30:26 2025  Windows 11 , 64 bit Build 26100 (10.0.26100.3775) elapsed time: 10.078910 seconds (0d 0h 0m 10s)

---------------  T H R E A D  ---------------

Current thread (0x0000020920214250):  JavaThread "C2 CompilerThread3" daemon [_thread_in_native, id=11896, stack(0x0000004358500000,0x0000004358600000) (1024K)]


Current CompileTask:
C2:  10079 9975       4       com.st.microxplorer.util.LogicalParser::rewriteCondition (521 bytes)

Stack: [0x0000004358500000,0x0000004358600000]
Native frames: (J=compiled Java code, j=interpreted, Vv=VM code, C=native code)
V  [jvm.dll+0x6c8699]
V  [jvm.dll+0x8a2061]
V  [jvm.dll+0x8a458e]
V  [jvm.dll+0x8a4c63]
V  [jvm.dll+0x27e476]
V  [jvm.dll+0xc4a1d]
V  [jvm.dll+0xc4f53]
V  [jvm.dll+0x2f11cf]
V  [jvm.dll+0x5f1fca]
V  [jvm.dll+0x24fa82]
V  [jvm.dll+0x24fe3f]
V  [jvm.dll+0x248804]
V  [jvm.dll+0x245e94]
V  [jvm.dll+0x1c6f4e]
V  [jvm.dll+0x255719]
V  [jvm.dll+0x253cba]
V  [jvm.dll+0x3ec1e6]
V  [jvm.dll+0x84bf8b]
V  [jvm.dll+0x6c6dcd]
C  [ucrtbase.dll+0x37b0]
C  [KERNEL32.DLL+0x2e8d7]
C  [ntdll.dll+0xb14fc]


---------------  P R O C E S S  ---------------

Threads class SMR info:
_java_thread_list=0x0000020926746610, length=44, elements={
0x0000020920195f00, 0x0000020920196960, 0x00000209201d6570, 0x00000209201d6fd0,
0x00000209201d7a30, 0x00000209201d85c0, 0x00000209201d4b70, 0x0000020920214ff0,
0x0000020920214920, 0x0000020920212040, 0x00000209203d72c0, 0x00000209203d8550,
0x00000209202156c0, 0x0000020920a89a90, 0x000002092583b550, 0x000002092583d3e0,
0x00000209253d14a0, 0x00000209775b2e80, 0x0000020929f2dce0, 0x0000020929f2c930,
0x000002092b090700, 0x000002092b091420, 0x000002092b090d90, 0x000002092b091ab0,
0x000002092b0927d0, 0x000002092b092140, 0x000002092b08f350, 0x000002092b094f30,
0x000002092b094210, 0x000002092b095c50, 0x000002092b0948a0, 0x000002092b093b80,
0x0000020920212710, 0x0000020920212de0, 0x0000020920214250, 0x000002092b0955c0,
0x000002092b092e60, 0x000002092b0962e0, 0x00000209202134b0, 0x0000020925dc4040,
0x00000209267aaf30, 0x00000209267aa860, 0x000002092b096970, 0x000002092b0934f0
}

Java Threads: ( => current thread )
  0x0000020920195f00 JavaThread "Reference Handler"          daemon [_thread_blocked, id=3348, stack(0x0000004354600000,0x0000004354700000) (1024K)]
  0x0000020920196960 JavaThread "Finalizer"                  daemon [_thread_blocked, id=23824, stack(0x0000004354700000,0x0000004354800000) (1024K)]
  0x00000209201d6570 JavaThread "Signal Dispatcher"          daemon [_thread_blocked, id=1120, stack(0x0000004354800000,0x0000004354900000) (1024K)]
  0x00000209201d6fd0 JavaThread "Attach Listener"            daemon [_thread_blocked, id=28976, stack(0x0000004354900000,0x0000004354a00000) (1024K)]
  0x00000209201d7a30 JavaThread "Service Thread"             daemon [_thread_blocked, id=11324, stack(0x0000004354a00000,0x0000004354b00000) (1024K)]
  0x00000209201d85c0 JavaThread "Monitor Deflation Thread"   daemon [_thread_blocked, id=23376, stack(0x0000004354b00000,0x0000004354c00000) (1024K)]
  0x00000209201d4b70 JavaThread "C2 CompilerThread0"         daemon [_thread_in_native, id=28984, stack(0x0000004354c00000,0x0000004354d00000) (1024K)]
  0x0000020920214ff0 JavaThread "C1 CompilerThread0"         daemon [_thread_in_native, id=13572, stack(0x0000004354d00000,0x0000004354e00000) (1024K)]
  0x0000020920214920 JavaThread "C1 CompilerThread1"         daemon [_thread_in_native, id=32208, stack(0x0000004354e00000,0x0000004354f00000) (1024K)]
  0x0000020920212040 JavaThread "C1 CompilerThread2"         daemon [_thread_in_native, id=9872, stack(0x0000004354f00000,0x0000004355000000) (1024K)]
  0x00000209203d72c0 JavaThread "Notification Thread"        daemon [_thread_blocked, id=27068, stack(0x0000004355000000,0x0000004355100000) (1024K)]
  0x00000209203d8550 JavaThread "Common-Cleaner"             daemon [_thread_blocked, id=32808, stack(0x0000004355100000,0x0000004355200000) (1024K)]
  0x00000209202156c0 JavaThread "C1 CompilerThread3"         daemon [_thread_in_native, id=18924, stack(0x0000004355300000,0x0000004355400000) (1024K)]
  0x0000020920a89a90 JavaThread "Java2D Disposer"            daemon [_thread_blocked, id=29724, stack(0x0000004356500000,0x0000004356600000) (1024K)]
  0x000002092583b550 JavaThread "AWT-Shutdown"                      [_thread_blocked, id=7720, stack(0x0000004356600000,0x0000004356700000) (1024K)]
  0x000002092583d3e0 JavaThread "AWT-Windows"                daemon [_thread_in_native, id=28228, stack(0x0000004356700000,0x0000004356800000) (1024K)]
  0x00000209253d14a0 JavaThread "AWT-EventQueue-0"                  [_thread_in_native, id=33464, stack(0x0000004356800000,0x0000004356900000) (1024K)]
  0x00000209775b2e80 JavaThread "DestroyJavaVM"                     [_thread_blocked, id=19600, stack(0x0000004353e00000,0x0000004353f00000) (1024K)]
  0x0000020929f2dce0 JavaThread "TimerQueue"                 daemon [_thread_blocked, id=10172, stack(0x0000004357300000,0x0000004357400000) (1024K)]
  0x0000020929f2c930 JavaThread "Keep-Alive-Timer"           daemon [_thread_blocked, id=25592, stack(0x0000004357700000,0x0000004357800000) (1024K)]
  0x000002092b090700 JavaThread "IPC Server Thread"          daemon [_thread_in_native, id=27640, stack(0x0000004356b00000,0x0000004356c00000) (1024K)]
  0x000002092b091420 JavaThread "Chromium Process Thread"           [_thread_in_native, id=32264, stack(0x0000004356c00000,0x0000004356d00000) (1024K)]
  0x000002092b090d90 JavaThread "Chromium Process Logger"    daemon [_thread_in_native, id=11280, stack(0x0000004357800000,0x0000004357900000) (1024K)]
  0x000002092b091ab0 JavaThread "IPC Memory Reader Thread"          [_thread_in_native, id=27824, stack(0x0000004357500000,0x0000004357600000) (1024K)]
  0x000002092b0927d0 JavaThread "Browser Thread: 93a8fdc1-1efe-4e8e-9205-1542b650be81" daemon [_thread_blocked, id=29952, stack(0x0000004357900000,0x0000004357a00000) (1024K)]
  0x000002092b092140 JavaThread "Socket Connection Checker: 93a8fdc1-1efe-4e8e-9205-1542b650be81"        [_thread_in_native, id=11724, stack(0x0000004357a00000,0x0000004357b00000) (1024K)]
  0x000002092b08f350 JavaThread "GPU Thread: b7932348-3ee2-4524-9368-c286b620e88f" daemon [_thread_blocked, id=18192, stack(0x0000004357f00000,0x0000004358000000) (1024K)]
  0x000002092b094f30 JavaThread "IPC Memory Reader Thread"          [_thread_in_native, id=532, stack(0x0000004357e00000,0x0000004357f00000) (1024K)]
  0x000002092b094210 JavaThread "Socket Connection Checker: b7932348-3ee2-4524-9368-c286b620e88f"        [_thread_in_native, id=26496, stack(0x0000004358000000,0x0000004358100000) (1024K)]
  0x000002092b095c50 JavaThread "Render Thread: fae231f2-4092-403e-a17c-92e7855f1e7a" daemon [_thread_blocked, id=26252, stack(0x0000004358100000,0x0000004358200000) (1024K)]
  0x000002092b0948a0 JavaThread "IPC Memory Reader Thread"          [_thread_in_native, id=2848, stack(0x0000004357c00000,0x0000004357d00000) (1024K)]
  0x000002092b093b80 JavaThread "Socket Connection Checker: fae231f2-4092-403e-a17c-92e7855f1e7a"        [_thread_in_native, id=28060, stack(0x0000004358200000,0x0000004358300000) (1024K)]
  0x0000020920212710 JavaThread "C2 CompilerThread1"         daemon [_thread_in_native, id=34148, stack(0x0000004358300000,0x0000004358400000) (1024K)]
  0x0000020920212de0 JavaThread "C2 CompilerThread2"         daemon [_thread_in_native, id=35676, stack(0x0000004358400000,0x0000004358500000) (1024K)]
=>0x0000020920214250 JavaThread "C2 CompilerThread3"         daemon [_thread_in_native, id=11896, stack(0x0000004358500000,0x0000004358600000) (1024K)]
  0x000002092b0955c0 JavaThread "Render Thread: 70951a82-5494-4640-a5a5-15e19e58c728" daemon [_thread_blocked, id=35652, stack(0x0000004358800000,0x0000004358900000) (1024K)]
  0x000002092b092e60 JavaThread "IPC Memory Reader Thread"          [_thread_in_native, id=29268, stack(0x0000004358700000,0x0000004358800000) (1024K)]
  0x000002092b0962e0 JavaThread "Socket Connection Checker: 70951a82-5494-4640-a5a5-15e19e58c728"        [_thread_in_native, id=30940, stack(0x0000004358900000,0x0000004358a00000) (1024K)]
  0x00000209202134b0 JavaThread "C2 CompilerThread4"         daemon [_thread_in_native, id=29192, stack(0x0000004358a00000,0x0000004358b00000) (1024K)]
  0x0000020925dc4040 JavaThread "C2 CompilerThread5"         daemon [_thread_in_native, id=25300, stack(0x0000004358b00000,0x0000004358c00000) (1024K)]
  0x00000209267aaf30 JavaThread "C2 CompilerThread6"         daemon [_thread_in_native, id=12312, stack(0x0000004358c00000,0x0000004358d00000) (1024K)]
  0x00000209267aa860 JavaThread "C2 CompilerThread7"         daemon [_thread_in_native, id=10940, stack(0x0000004358d00000,0x0000004358e00000) (1024K)]
  0x000002092b096970 JavaThread "SwingWorker-pool-4-thread-1" daemon [_thread_in_native, id=30960, stack(0x0000004357000000,0x0000004357100000) (1024K)]
  0x000002092b0934f0 JavaThread "Browser Widget Thread"             [_thread_blocked, id=34988, stack(0x0000004357200000,0x0000004357300000) (1024K)]
Total: 44

Other Threads:
  0x00000209201041b0 VMThread "VM Thread"                           [id=35024, stack(0x0000004354500000,0x0000004354600000) (1024K)]
  0x000002097e8bec00 WatcherThread "VM Periodic Task Thread"        [id=22848, stack(0x0000004354400000,0x0000004354500000) (1024K)]
  0x0000020979153550 WorkerThread "GC Thread#0"                     [id=28740, stack(0x0000004353f00000,0x0000004354000000) (1024K)]
  0x000002092545e580 WorkerThread "GC Thread#1"                     [id=4476, stack(0x0000004355700000,0x0000004355800000) (1024K)]
  0x00000209258a1770 WorkerThread "GC Thread#2"                     [id=22296, stack(0x0000004355800000,0x0000004355900000) (1024K)]
  0x00000209259c91f0 WorkerThread "GC Thread#3"                     [id=27180, stack(0x0000004355900000,0x0000004355a00000) (1024K)]
  0x0000020925a87430 WorkerThread "GC Thread#4"                     [id=32352, stack(0x0000004355a00000,0x0000004355b00000) (1024K)]
  0x0000020925a877d0 WorkerThread "GC Thread#5"                     [id=3608, stack(0x0000004355b00000,0x0000004355c00000) (1024K)]
  0x0000020925684ff0 WorkerThread "GC Thread#6"                     [id=30564, stack(0x0000004355c00000,0x0000004355d00000) (1024K)]
  0x0000020925685390 WorkerThread "GC Thread#7"                     [id=32356, stack(0x0000004355d00000,0x0000004355e00000) (1024K)]
  0x0000020920aede80 WorkerThread "GC Thread#8"                     [id=30116, stack(0x0000004355e00000,0x0000004355f00000) (1024K)]
  0x000002092561c9d0 WorkerThread "GC Thread#9"                     [id=26672, stack(0x0000004355f00000,0x0000004356000000) (1024K)]
  0x000002092561cd70 WorkerThread "GC Thread#10"                    [id=21524, stack(0x0000004356000000,0x0000004356100000) (1024K)]
  0x000002092561c290 WorkerThread "GC Thread#11"                    [id=12720, stack(0x0000004356100000,0x0000004356200000) (1024K)]
  0x0000020929836dc0 WorkerThread "GC Thread#12"                    [id=24892, stack(0x0000004356d00000,0x0000004356e00000) (1024K)]
  0x0000020929835ba0 WorkerThread "GC Thread#13"                    [id=5700, stack(0x0000004356e00000,0x0000004356f00000) (1024K)]
  0x0000020929833ea0 WorkerThread "GC Thread#14"                    [id=30532, stack(0x0000004356f00000,0x0000004357000000) (1024K)]
  0x0000020979165210 ConcurrentGCThread "G1 Main Marker"            [id=19148, stack(0x0000004354000000,0x0000004354100000) (1024K)]
  0x0000020979165c10 WorkerThread "G1 Conc#0"                       [id=14476, stack(0x0000004354100000,0x0000004354200000) (1024K)]
  0x000002092561d110 WorkerThread "G1 Conc#1"                       [id=1816, stack(0x0000004356200000,0x0000004356300000) (1024K)]
  0x000002092561c630 WorkerThread "G1 Conc#2"                       [id=33708, stack(0x0000004356300000,0x0000004356400000) (1024K)]
  0x000002092561d4b0 WorkerThread "G1 Conc#3"                       [id=19088, stack(0x0000004356400000,0x0000004356500000) (1024K)]
  0x000002097e791a20 ConcurrentGCThread "G1 Refine#0"               [id=4724, stack(0x0000004354200000,0x0000004354300000) (1024K)]
  0x000002097e792330 ConcurrentGCThread "G1 Service"                [id=21168, stack(0x0000004354300000,0x0000004354400000) (1024K)]
Total: 24

Threads with active compile tasks:
C2 CompilerThread0    10103 9996       4       java.util.regex.Pattern::split (325 bytes)
C1 CompilerThread0    11108 10132       3       com.st.microxplorer.db.Rule::ruleVersionInTheRangeIocMxDB (322 bytes)
C2 CompilerThread1    11109 10098   !   4       org.apache.xerces.impl.XMLScanner::scanCharReferenceValue (716 bytes)
C2 CompilerThread2    11109 9860       4       java.util.regex.Pattern$Bound::match (34 bytes)
C2 CompilerThread3    11109 9975       4       com.st.microxplorer.util.LogicalParser::rewriteCondition (521 bytes)
C2 CompilerThread4    11109 10042       4       org.apache.xerces.impl.XMLScanner::scanAttributeValue (996 bytes)
C2 CompilerThread5    11109 9930 %     4       com.st.microxplorer.mcu.IP::completeIPConfiguration @ 631 (1339 bytes)
C2 CompilerThread6    11109 10033   !   4       com.st.microxplorer.mcu.Mode::isSet (117 bytes)
C2 CompilerThread7    11109 9997       4       com.st.microxplorer.util.LogicalParser::getVariables (176 bytes)
Total: 9

VM state: synchronizing (normal execution)

VM Mutex/Monitor currently owned by a thread:  ([mutex/lock_event])
[0x00007ffad8ea2128] Threads_lock - owner thread: 0x00000209201041b0

Heap address: 0x0000000604400000, size: 8124 MB, Compressed Oops mode: Zero based, Oop shift amount: 3

CDS archive(s) not mapped
Compressed class space mapped at: 0x0000000800000000-0x0000000840000000, reserved size: 1073741824
Narrow klass base: 0x0000000800000000, Narrow klass shift: 0, Narrow klass range: 0x40000000

GC Precious Log:
 CardTable entry size: 512
 Card Set container configuration: InlinePtr #cards 4 size 8 Array Of Cards #cards 32 size 80 Howl #buckets 8 coarsen threshold 7372 Howl Bitmap #cards 1024 size 144 coarsen threshold 921 Card regions per heap region 1 cards per card region 8192
 CPUs: 20 total, 20 available
 Memory: 32491M
 Large Page Support: Disabled
 NUMA Support: Disabled
 Compressed Oops: Enabled (Zero based)
 Heap Region Size: 4M
 Heap Min Capacity: 8M
 Heap Initial Capacity: 508M
 Heap Max Capacity: 8124M
 Pre-touch: Disabled
 Parallel Workers: 15
 Concurrent Workers: 4
 Concurrent Refinement Workers: 15
 Periodic GC: Disabled

Heap:
 garbage-first heap   total 458752K, used 219602K [0x0000000604400000, 0x0000000800000000)
  region size 4096K, 23 young (94208K), 5 survivors (20480K)
 Metaspace       used 91605K, committed 92800K, reserved 1179648K
  class space    used 10003K, committed 10560K, reserved 1048576K

Heap Regions: E=young(eden), S=young(survivor), O=old, HS=humongous(starts), HC=humongous(continues), CS=collection set, F=free, TAMS=top-at-mark-start, PB=parsable bottom
|   0|0x0000000604400000, 0x0000000604800000, 0x0000000604800000|100%|HS|  |TAMS 0x0000000604400000| PB 0x0000000604400000| Complete 
|   1|0x0000000604800000, 0x0000000604c00000, 0x0000000604c00000|100%|HC|  |TAMS 0x0000000604800000| PB 0x0000000604800000| Complete 
|   2|0x0000000604c00000, 0x0000000605000000, 0x0000000605000000|100%| O|  |TAMS 0x0000000604c00000| PB 0x0000000604c00000| Untracked 
|   3|0x0000000605000000, 0x0000000605400000, 0x0000000605400000|100%| O|  |TAMS 0x0000000605000000| PB 0x0000000605000000| Untracked 
|   4|0x0000000605400000, 0x0000000605800000, 0x0000000605800000|100%|HS|  |TAMS 0x0000000605400000| PB 0x0000000605400000| Complete 
|   5|0x0000000605800000, 0x0000000605c00000, 0x0000000605c00000|100%|HC|  |TAMS 0x0000000605800000| PB 0x0000000605800000| Complete 
|   6|0x0000000605c00000, 0x0000000606000000, 0x0000000606000000|100%| O|  |TAMS 0x0000000605c00000| PB 0x0000000605c00000| Untracked 
|   7|0x0000000606000000, 0x0000000606400000, 0x0000000606400000|100%| O|  |TAMS 0x0000000606000000| PB 0x0000000606000000| Untracked 
|   8|0x0000000606400000, 0x0000000606800000, 0x0000000606800000|100%| O|  |TAMS 0x0000000606400000| PB 0x0000000606400000| Untracked 
|   9|0x0000000606800000, 0x0000000606c00000, 0x0000000606c00000|100%| O|  |TAMS 0x0000000606800000| PB 0x0000000606800000| Untracked 
|  10|0x0000000606c00000, 0x0000000607000000, 0x0000000607000000|100%| O|  |TAMS 0x0000000606c00000| PB 0x0000000606c00000| Untracked 
|  11|0x0000000607000000, 0x0000000607400000, 0x0000000607400000|100%| O|  |TAMS 0x0000000607000000| PB 0x0000000607000000| Untracked 
|  12|0x0000000607400000, 0x0000000607800000, 0x0000000607800000|100%| O|  |TAMS 0x0000000607400000| PB 0x0000000607400000| Untracked 
|  13|0x0000000607800000, 0x0000000607c00000, 0x0000000607c00000|100%|HS|  |TAMS 0x0000000607800000| PB 0x0000000607800000| Complete 
|  14|0x0000000607c00000, 0x0000000608000000, 0x0000000608000000|100%|HS|  |TAMS 0x0000000607c00000| PB 0x0000000607c00000| Complete 
|  15|0x0000000608000000, 0x0000000608400000, 0x0000000608400000|100%|HS|  |TAMS 0x0000000608000000| PB 0x0000000608000000| Complete 
|  16|0x0000000608400000, 0x0000000608800000, 0x0000000608800000|100%|HS|  |TAMS 0x0000000608400000| PB 0x0000000608400000| Complete 
|  17|0x0000000608800000, 0x0000000608c00000, 0x0000000608c00000|100%|HS|  |TAMS 0x0000000608800000| PB 0x0000000608800000| Complete 
|  18|0x0000000608c00000, 0x0000000609000000, 0x0000000609000000|100%| O|  |TAMS 0x0000000608c00000| PB 0x0000000608c00000| Untracked 
|  19|0x0000000609000000, 0x0000000609400000, 0x0000000609400000|100%|HS|  |TAMS 0x0000000609000000| PB 0x0000000609000000| Complete 
|  20|0x0000000609400000, 0x0000000609800000, 0x0000000609800000|100%|HS|  |TAMS 0x0000000609400000| PB 0x0000000609400000| Complete 
|  21|0x0000000609800000, 0x0000000609c00000, 0x0000000609c00000|100%|HS|  |TAMS 0x0000000609800000| PB 0x0000000609800000| Complete 
|  22|0x0000000609c00000, 0x000000060a000000, 0x000000060a000000|100%| O|  |TAMS 0x0000000609c00000| PB 0x0000000609c00000| Untracked 
|  23|0x000000060a000000, 0x000000060a400000, 0x000000060a400000|100%|HS|  |TAMS 0x000000060a000000| PB 0x000000060a000000| Complete 
|  24|0x000000060a400000, 0x000000060a800000, 0x000000060a800000|100%|HS|  |TAMS 0x000000060a400000| PB 0x000000060a400000| Complete 
|  25|0x000000060a800000, 0x000000060ac00000, 0x000000060ac00000|100%| O|  |TAMS 0x000000060a800000| PB 0x000000060a800000| Untracked 
|  26|0x000000060ac00000, 0x000000060b000000, 0x000000060b000000|100%|HS|  |TAMS 0x000000060ac00000| PB 0x000000060ac00000| Complete 
|  27|0x000000060b000000, 0x000000060b400000, 0x000000060b400000|100%|HC|  |TAMS 0x000000060b000000| PB 0x000000060b000000| Complete 
|  28|0x000000060b400000, 0x000000060b800000, 0x000000060b800000|100%|HC|  |TAMS 0x000000060b400000| PB 0x000000060b400000| Complete 
|  29|0x000000060b800000, 0x000000060bc00000, 0x000000060bc00000|100%|HC|  |TAMS 0x000000060b800000| PB 0x000000060b800000| Complete 
|  30|0x000000060bc00000, 0x000000060c000000, 0x000000060c000000|100%| O|  |TAMS 0x000000060bc00000| PB 0x000000060bc00000| Untracked 
|  31|0x000000060c000000, 0x000000060c19f848, 0x000000060c400000| 40%| O|  |TAMS 0x000000060c000000| PB 0x000000060c000000| Untracked 
|  32|0x000000060c400000, 0x000000060c400000, 0x000000060c800000|  0%| F|  |TAMS 0x000000060c400000| PB 0x000000060c400000| Untracked 
|  33|0x000000060c800000, 0x000000060c800000, 0x000000060cc00000|  0%| F|  |TAMS 0x000000060c800000| PB 0x000000060c800000| Untracked 
|  34|0x000000060cc00000, 0x000000060cc00000, 0x000000060d000000|  0%| F|  |TAMS 0x000000060cc00000| PB 0x000000060cc00000| Untracked 
|  35|0x000000060d000000, 0x000000060d400000, 0x000000060d400000|100%| O|  |TAMS 0x000000060d000000| PB 0x000000060d000000| Untracked 
|  36|0x000000060d400000, 0x000000060d400000, 0x000000060d800000|  0%| F|  |TAMS 0x000000060d400000| PB 0x000000060d400000| Untracked 
|  37|0x000000060d800000, 0x000000060d800000, 0x000000060dc00000|  0%| F|  |TAMS 0x000000060d800000| PB 0x000000060d800000| Untracked 
|  38|0x000000060dc00000, 0x000000060dc00000, 0x000000060e000000|  0%| F|  |TAMS 0x000000060dc00000| PB 0x000000060dc00000| Untracked 
|  39|0x000000060e000000, 0x000000060e000000, 0x000000060e400000|  0%| F|  |TAMS 0x000000060e000000| PB 0x000000060e000000| Untracked 
|  40|0x000000060e400000, 0x000000060e4d5160, 0x000000060e800000| 20%| S|CS|TAMS 0x000000060e400000| PB 0x000000060e400000| Complete 
|  41|0x000000060e800000, 0x000000060ec00000, 0x000000060ec00000|100%| S|CS|TAMS 0x000000060e800000| PB 0x000000060e800000| Complete 
|  42|0x000000060ec00000, 0x000000060f000000, 0x000000060f000000|100%| S|CS|TAMS 0x000000060ec00000| PB 0x000000060ec00000| Complete 
|  43|0x000000060f000000, 0x000000060f000000, 0x000000060f400000|  0%| F|  |TAMS 0x000000060f000000| PB 0x000000060f000000| Untracked 
|  44|0x000000060f400000, 0x000000060f400000, 0x000000060f800000|  0%| F|  |TAMS 0x000000060f400000| PB 0x000000060f400000| Untracked 
|  45|0x000000060f800000, 0x000000060f800000, 0x000000060fc00000|  0%| F|  |TAMS 0x000000060f800000| PB 0x000000060f800000| Untracked 
|  46|0x000000060fc00000, 0x000000060fc00000, 0x0000000610000000|  0%| F|  |TAMS 0x000000060fc00000| PB 0x000000060fc00000| Untracked 
|  47|0x0000000610000000, 0x0000000610400000, 0x0000000610400000|100%| S|CS|TAMS 0x0000000610000000| PB 0x0000000610000000| Complete 
|  48|0x0000000610400000, 0x0000000610800000, 0x0000000610800000|100%| S|CS|TAMS 0x0000000610400000| PB 0x0000000610400000| Complete 
|  49|0x0000000610800000, 0x0000000610800000, 0x0000000610c00000|  0%| F|  |TAMS 0x0000000610800000| PB 0x0000000610800000| Untracked 
|  50|0x0000000610c00000, 0x0000000610c00000, 0x0000000611000000|  0%| F|  |TAMS 0x0000000610c00000| PB 0x0000000610c00000| Untracked 
|  51|0x0000000611000000, 0x0000000611000000, 0x0000000611400000|  0%| F|  |TAMS 0x0000000611000000| PB 0x0000000611000000| Untracked 
|  52|0x0000000611400000, 0x0000000611400000, 0x0000000611800000|  0%| F|  |TAMS 0x0000000611400000| PB 0x0000000611400000| Untracked 
|  53|0x0000000611800000, 0x0000000611800000, 0x0000000611c00000|  0%| F|  |TAMS 0x0000000611800000| PB 0x0000000611800000| Untracked 
|  54|0x0000000611c00000, 0x0000000611c00000, 0x0000000612000000|  0%| F|  |TAMS 0x0000000611c00000| PB 0x0000000611c00000| Untracked 
|  55|0x0000000612000000, 0x0000000612000000, 0x0000000612400000|  0%| F|  |TAMS 0x0000000612000000| PB 0x0000000612000000| Untracked 
|  56|0x0000000612400000, 0x0000000612400000, 0x0000000612800000|  0%| F|  |TAMS 0x0000000612400000| PB 0x0000000612400000| Untracked 
|  57|0x0000000612800000, 0x0000000612800000, 0x0000000612c00000|  0%| F|  |TAMS 0x0000000612800000| PB 0x0000000612800000| Untracked 
|  58|0x0000000612c00000, 0x0000000612c00000, 0x0000000613000000|  0%| F|  |TAMS 0x0000000612c00000| PB 0x0000000612c00000| Untracked 
|  59|0x0000000613000000, 0x0000000613000000, 0x0000000613400000|  0%| F|  |TAMS 0x0000000613000000| PB 0x0000000613000000| Untracked 
|  60|0x0000000613400000, 0x0000000613400000, 0x0000000613800000|  0%| F|  |TAMS 0x0000000613400000| PB 0x0000000613400000| Untracked 
|  61|0x0000000613800000, 0x0000000613800000, 0x0000000613c00000|  0%| F|  |TAMS 0x0000000613800000| PB 0x0000000613800000| Untracked 
|  62|0x0000000613c00000, 0x0000000613c00000, 0x0000000614000000|  0%| F|  |TAMS 0x0000000613c00000| PB 0x0000000613c00000| Untracked 
|  63|0x0000000614000000, 0x0000000614000000, 0x0000000614400000|  0%| F|  |TAMS 0x0000000614000000| PB 0x0000000614000000| Untracked 
|  64|0x0000000614400000, 0x0000000614400000, 0x0000000614800000|  0%| F|  |TAMS 0x0000000614400000| PB 0x0000000614400000| Untracked 
|  65|0x0000000614800000, 0x0000000614800000, 0x0000000614c00000|  0%| F|  |TAMS 0x0000000614800000| PB 0x0000000614800000| Untracked 
|  66|0x0000000614c00000, 0x0000000614c00000, 0x0000000615000000|  0%| F|  |TAMS 0x0000000614c00000| PB 0x0000000614c00000| Untracked 
|  67|0x0000000615000000, 0x0000000615000000, 0x0000000615400000|  0%| F|  |TAMS 0x0000000615000000| PB 0x0000000615000000| Untracked 
|  68|0x0000000615400000, 0x0000000615400000, 0x0000000615800000|  0%| F|  |TAMS 0x0000000615400000| PB 0x0000000615400000| Untracked 
|  69|0x0000000615800000, 0x0000000615800000, 0x0000000615c00000|  0%| F|  |TAMS 0x0000000615800000| PB 0x0000000615800000| Untracked 
|  70|0x0000000615c00000, 0x0000000615c00000, 0x0000000616000000|  0%| F|  |TAMS 0x0000000615c00000| PB 0x0000000615c00000| Untracked 
|  71|0x0000000616000000, 0x0000000616000000, 0x0000000616400000|  0%| F|  |TAMS 0x0000000616000000| PB 0x0000000616000000| Untracked 
|  72|0x0000000616400000, 0x0000000616400000, 0x0000000616800000|  0%| F|  |TAMS 0x0000000616400000| PB 0x0000000616400000| Untracked 
|  73|0x0000000616800000, 0x0000000616800000, 0x0000000616c00000|  0%| F|  |TAMS 0x0000000616800000| PB 0x0000000616800000| Untracked 
|  74|0x0000000616c00000, 0x0000000616c00000, 0x0000000617000000|  0%| F|  |TAMS 0x0000000616c00000| PB 0x0000000616c00000| Untracked 
|  75|0x0000000617000000, 0x0000000617000000, 0x0000000617400000|  0%| F|  |TAMS 0x0000000617000000| PB 0x0000000617000000| Untracked 
|  76|0x0000000617400000, 0x0000000617400000, 0x0000000617800000|  0%| F|  |TAMS 0x0000000617400000| PB 0x0000000617400000| Untracked 
|  77|0x0000000617800000, 0x0000000617800000, 0x0000000617c00000|  0%| F|  |TAMS 0x0000000617800000| PB 0x0000000617800000| Untracked 
|  78|0x0000000617c00000, 0x0000000617c00000, 0x0000000618000000|  0%| F|  |TAMS 0x0000000617c00000| PB 0x0000000617c00000| Untracked 
|  79|0x0000000618000000, 0x0000000618000000, 0x0000000618400000|  0%| F|  |TAMS 0x0000000618000000| PB 0x0000000618000000| Untracked 
|  80|0x0000000618400000, 0x0000000618400000, 0x0000000618800000|  0%| F|  |TAMS 0x0000000618400000| PB 0x0000000618400000| Untracked 
|  81|0x0000000618800000, 0x0000000618800000, 0x0000000618c00000|  0%| F|  |TAMS 0x0000000618800000| PB 0x0000000618800000| Untracked 
|  82|0x0000000618c00000, 0x0000000618c00000, 0x0000000619000000|  0%| F|  |TAMS 0x0000000618c00000| PB 0x0000000618c00000| Untracked 
|  83|0x0000000619000000, 0x0000000619000000, 0x0000000619400000|  0%| F|  |TAMS 0x0000000619000000| PB 0x0000000619000000| Untracked 
|  84|0x0000000619400000, 0x0000000619400000, 0x0000000619800000|  0%| F|  |TAMS 0x0000000619400000| PB 0x0000000619400000| Untracked 
|  85|0x0000000619800000, 0x0000000619800000, 0x0000000619c00000|  0%| F|  |TAMS 0x0000000619800000| PB 0x0000000619800000| Untracked 
|  86|0x0000000619c00000, 0x0000000619c00000, 0x000000061a000000|  0%| F|  |TAMS 0x0000000619c00000| PB 0x0000000619c00000| Untracked 
|  87|0x000000061a000000, 0x000000061a000000, 0x000000061a400000|  0%| F|  |TAMS 0x000000061a000000| PB 0x000000061a000000| Untracked 
|  88|0x000000061a400000, 0x000000061a400000, 0x000000061a800000|  0%| F|  |TAMS 0x000000061a400000| PB 0x000000061a400000| Untracked 
|  89|0x000000061a800000, 0x000000061a800000, 0x000000061ac00000|  0%| F|  |TAMS 0x000000061a800000| PB 0x000000061a800000| Untracked 
|  90|0x000000061ac00000, 0x000000061ac00000, 0x000000061b000000|  0%| F|  |TAMS 0x000000061ac00000| PB 0x000000061ac00000| Untracked 
|  91|0x000000061b000000, 0x000000061b000000, 0x000000061b400000|  0%| F|  |TAMS 0x000000061b000000| PB 0x000000061b000000| Untracked 
|  92|0x000000061b400000, 0x000000061b400000, 0x000000061b800000|  0%| F|  |TAMS 0x000000061b400000| PB 0x000000061b400000| Untracked 
|  93|0x000000061b800000, 0x000000061b800000, 0x000000061bc00000|  0%| F|  |TAMS 0x000000061b800000| PB 0x000000061b800000| Untracked 
|  94|0x000000061bc00000, 0x000000061bc00800, 0x000000061c000000|  0%| E|  |TAMS 0x000000061bc00000| PB 0x000000061bc00000| Complete 
|  95|0x000000061c000000, 0x000000061c400000, 0x000000061c400000|100%| E|CS|TAMS 0x000000061c000000| PB 0x000000061c000000| Complete 
|  96|0x000000061c400000, 0x000000061c800000, 0x000000061c800000|100%| E|CS|TAMS 0x000000061c400000| PB 0x000000061c400000| Complete 
|  97|0x000000061c800000, 0x000000061cc00000, 0x000000061cc00000|100%| E|CS|TAMS 0x000000061c800000| PB 0x000000061c800000| Complete 
|  98|0x000000061cc00000, 0x000000061d000000, 0x000000061d000000|100%| E|CS|TAMS 0x000000061cc00000| PB 0x000000061cc00000| Complete 
|  99|0x000000061d000000, 0x000000061d400000, 0x000000061d400000|100%| E|CS|TAMS 0x000000061d000000| PB 0x000000061d000000| Complete 
| 100|0x000000061d400000, 0x000000061d800000, 0x000000061d800000|100%| E|CS|TAMS 0x000000061d400000| PB 0x000000061d400000| Complete 
| 101|0x000000061d800000, 0x000000061dc00000, 0x000000061dc00000|100%| E|CS|TAMS 0x000000061d800000| PB 0x000000061d800000| Complete 
| 102|0x000000061dc00000, 0x000000061e000000, 0x000000061e000000|100%| E|CS|TAMS 0x000000061dc00000| PB 0x000000061dc00000| Complete 
| 103|0x000000061e000000, 0x000000061e400000, 0x000000061e400000|100%| E|CS|TAMS 0x000000061e000000| PB 0x000000061e000000| Complete 
| 104|0x000000061e400000, 0x000000061e800000, 0x000000061e800000|100%| E|CS|TAMS 0x000000061e400000| PB 0x000000061e400000| Complete 
| 105|0x000000061e800000, 0x000000061ec00000, 0x000000061ec00000|100%| E|CS|TAMS 0x000000061e800000| PB 0x000000061e800000| Complete 
| 106|0x000000061ec00000, 0x000000061f000000, 0x000000061f000000|100%| E|CS|TAMS 0x000000061ec00000| PB 0x000000061ec00000| Complete 
| 107|0x000000061f000000, 0x000000061f400000, 0x000000061f400000|100%| E|CS|TAMS 0x000000061f000000| PB 0x000000061f000000| Complete 
| 108|0x000000061f400000, 0x000000061f800000, 0x000000061f800000|100%| E|CS|TAMS 0x000000061f400000| PB 0x000000061f400000| Complete 
| 109|0x000000061f800000, 0x000000061fc00000, 0x000000061fc00000|100%| E|CS|TAMS 0x000000061f800000| PB 0x000000061f800000| Complete 
| 124|0x0000000623400000, 0x0000000623800000, 0x0000000623800000|100%| E|CS|TAMS 0x0000000623400000| PB 0x0000000623400000| Complete 
| 126|0x0000000623c00000, 0x0000000624000000, 0x0000000624000000|100%| E|CS|TAMS 0x0000000623c00000| PB 0x0000000623c00000| Complete 

Card table byte_map: [0x000002097b3c0000,0x000002097c3a0000] _byte_map_base: 0x000002097839e000

Marking Bits: (CMBitMap*) 0x0000020979154b60
 Bits: [0x00000209181d0000, 0x00000209200c0000)

Polling page: 0x0000020977570000

Metaspace:

Usage:
  Non-class:     79.69 MB used.
      Class:      9.77 MB used.
       Both:     89.46 MB used.

Virtual space:
  Non-class space:      128.00 MB reserved,      80.31 MB ( 63%) committed,  2 nodes.
      Class space:        1.00 GB reserved,      10.31 MB (  1%) committed,  1 nodes.
             Both:        1.12 GB reserved,      90.62 MB (  8%) committed. 

Chunk freelists:
   Non-Class:  15.41 MB
       Class:  5.73 MB
        Both:  21.14 MB

MaxMetaspaceSize: unlimited
CompressedClassSpaceSize: 1.00 GB
Initial GC threshold: 21.00 MB
Current GC threshold: 108.88 MB
CDS: off
 - commit_granule_bytes: 65536.
 - commit_granule_words: 8192.
 - virtual_space_node_default_size: 8388608.
 - enlarge_chunks_in_place: 1.
 - use_allocation_guard: 0.


Internal statistics:

num_allocs_failed_limit: 12.
num_arena_births: 926.
num_arena_deaths: 0.
num_vsnodes_births: 3.
num_vsnodes_deaths: 0.
num_space_committed: 1450.
num_space_uncommitted: 0.
num_chunks_returned_to_freelist: 12.
num_chunks_taken_from_freelist: 3362.
num_chunk_merges: 9.
num_chunk_splits: 2358.
num_chunks_enlarged: 1640.
num_inconsistent_stats: 0.

CodeHeap 'non-profiled nmethods': size=119168Kb used=6582Kb max_used=6582Kb free=112585Kb
 bounds [0x0000020910d70000, 0x00000209113e0000, 0x00000209181d0000]
CodeHeap 'profiled nmethods': size=119104Kb used=20095Kb max_used=20095Kb free=99008Kb
 bounds [0x00000209091d0000, 0x000002090a570000, 0x0000020910620000]
CodeHeap 'non-nmethods': size=7488Kb used=3636Kb max_used=3718Kb free=3851Kb
 bounds [0x0000020910620000, 0x00000209109d0000, 0x0000020910d70000]
 total_blobs=10142 nmethods=9214 adapters=827
 compilation: enabled
              stopped_count=0, restarted_count=0
 full_count=0

Compilation events (20 events):
Event: 9.050 Thread 0x00000209202156c0 10091       3       org.apache.xerces.parsers.XMLParser::reset (1 bytes)
Event: 9.050 Thread 0x0000020920214920 nmethod 10090 0x000002090a547810 code [0x000002090a5479c0, 0x000002090a547b28]
Event: 9.050 Thread 0x00000209202156c0 nmethod 10091 0x000002090a547c10 code [0x000002090a547da0, 0x000002090a547ea8]
Event: 9.050 Thread 0x0000020920214ff0 nmethod 10089 0x000002090a547f10 code [0x000002090a5480e0, 0x000002090a548390]
Event: 9.050 Thread 0x0000020920214920 10097       3       org.apache.xerces.parsers.XML11Configuration::reset (41 bytes)
Event: 9.050 Thread 0x00000209202156c0 10094       3       org.apache.xerces.parsers.XML11Configuration::resetCommon (41 bytes)
Event: 9.050 Thread 0x0000020920214ff0 10092   !   3       org.apache.xerces.parsers.XML11Configuration::parse (77 bytes)
Event: 9.051 Thread 0x0000020920212040 10093   !   3       org.apache.xerces.parsers.XML11Configuration::parse (153 bytes)
Event: 9.051 Thread 0x00000209202156c0 nmethod 10094 0x000002090a548490 code [0x000002090a548680, 0x000002090a548d78]
Event: 9.051 Thread 0x0000020920214920 nmethod 10097 0x000002090a549010 code [0x000002090a549200, 0x000002090a5498f8]
Event: 9.051 Thread 0x0000020920214ff0 nmethod 10092 0x000002090a549b90 code [0x000002090a549dc0, 0x000002090a54a5c0]
Event: 9.051 Thread 0x00000209202156c0 10095       3       org.apache.xerces.parsers.XIncludeAwareParserConfiguration::configurePipeline (300 bytes)
Event: 9.051 Thread 0x0000020920214920 10096       3       org.apache.xerces.parsers.XML11Configuration::configurePipeline (605 bytes)
Event: 9.052 Thread 0x0000020920214ff0 10099       3       org.apache.xerces.parsers.XML11Configuration::cleanup (8 bytes)
Event: 9.052 Thread 0x0000020920212040 nmethod 10093 0x000002090a54a910 code [0x000002090a54abc0, 0x000002090a54b920]
Event: 9.052 Thread 0x0000020920214ff0 nmethod 10099 0x000002090a54c190 code [0x000002090a54c340, 0x000002090a54c490]
Event: 9.052 Thread 0x0000020920214ff0 10100       1       com.st.microxplorer.db.McuAttributeClassification$McuAttributeItem::getRankingOrder (5 bytes)
Event: 9.053 Thread 0x0000020920214ff0 nmethod 10100 0x00000209113dcf10 code [0x00000209113dd0a0, 0x00000209113dd168]
Event: 9.053 Thread 0x0000020920214ff0 10101       3       java.util.ServiceLoader::newLookupIterator (73 bytes)
Event: 9.054 Thread 0x00000209202156c0 nmethod 10095 0x000002090a54c590 code [0x000002090a54c920, 0x000002090a54e440]

GC Heap History (20 events):
Event: 6.057 GC heap before
{Heap before GC invocations=18 (full 0):
 garbage-first heap   total 315392K, used 266858K [0x0000000604400000, 0x0000000800000000)
  region size 4096K, 42 young (172032K), 6 survivors (24576K)
 Metaspace       used 84401K, committed 85440K, reserved 1179648K
  class space    used 9326K, committed 9792K, reserved 1048576K
}
Event: 6.060 GC heap after
{Heap after GC invocations=19 (full 0):
 garbage-first heap   total 315392K, used 108928K [0x0000000604400000, 0x0000000800000000)
  region size 4096K, 2 young (8192K), 2 survivors (8192K)
 Metaspace       used 84401K, committed 85440K, reserved 1179648K
  class space    used 9326K, committed 9792K, reserved 1048576K
}
Event: 6.290 GC heap before
{Heap before GC invocations=19 (full 0):
 garbage-first heap   total 315392K, used 272768K [0x0000000604400000, 0x0000000800000000)
  region size 4096K, 42 young (172032K), 2 survivors (8192K)
 Metaspace       used 85207K, committed 86272K, reserved 1179648K
  class space    used 9389K, committed 9856K, reserved 1048576K
}
Event: 6.294 GC heap after
{Heap after GC invocations=20 (full 0):
 garbage-first heap   total 315392K, used 119585K [0x0000000604400000, 0x0000000800000000)
  region size 4096K, 4 young (16384K), 4 survivors (16384K)
 Metaspace       used 85207K, committed 86272K, reserved 1179648K
  class space    used 9389K, committed 9856K, reserved 1048576K
}
Event: 6.892 GC heap before
{Heap before GC invocations=20 (full 0):
 garbage-first heap   total 315392K, used 291617K [0x0000000604400000, 0x0000000800000000)
  region size 4096K, 42 young (172032K), 4 survivors (16384K)
 Metaspace       used 90426K, committed 91520K, reserved 1179648K
  class space    used 9941K, committed 10432K, reserved 1048576K
}
Event: 6.896 GC heap after
{Heap after GC invocations=21 (full 0):
 garbage-first heap   total 380928K, used 134087K [0x0000000604400000, 0x0000000800000000)
  region size 4096K, 2 young (8192K), 2 survivors (8192K)
 Metaspace       used 90426K, committed 91520K, reserved 1179648K
  class space    used 9941K, committed 10432K, reserved 1048576K
}
Event: 7.161 GC heap before
{Heap before GC invocations=21 (full 0):
 garbage-first heap   total 380928K, used 342983K [0x0000000604400000, 0x0000000800000000)
  region size 4096K, 53 young (217088K), 2 survivors (8192K)
 Metaspace       used 90759K, committed 91840K, reserved 1179648K
  class space    used 9953K, committed 10432K, reserved 1048576K
}
Event: 7.164 GC heap after
{Heap after GC invocations=22 (full 0):
 garbage-first heap   total 380928K, used 137671K [0x0000000604400000, 0x0000000800000000)
  region size 4096K, 3 young (12288K), 3 survivors (12288K)
 Metaspace       used 90759K, committed 91840K, reserved 1179648K
  class space    used 9953K, committed 10432K, reserved 1048576K
}
Event: 7.312 GC heap before
{Heap before GC invocations=22 (full 0):
 garbage-first heap   total 380928K, used 338375K [0x0000000604400000, 0x0000000800000000)
  region size 4096K, 52 young (212992K), 3 survivors (12288K)
 Metaspace       used 90800K, committed 91904K, reserved 1179648K
  class space    used 9953K, committed 10432K, reserved 1048576K
}
Event: 7.314 GC heap after
{Heap after GC invocations=23 (full 0):
 garbage-first heap   total 380928K, used 140623K [0x0000000604400000, 0x0000000800000000)
  region size 4096K, 3 young (12288K), 3 survivors (12288K)
 Metaspace       used 90800K, committed 91904K, reserved 1179648K
  class space    used 9953K, committed 10432K, reserved 1048576K
}
Event: 7.429 GC heap before
{Heap before GC invocations=23 (full 0):
 garbage-first heap   total 380928K, used 341327K [0x0000000604400000, 0x0000000800000000)
  region size 4096K, 52 young (212992K), 3 survivors (12288K)
 Metaspace       used 90810K, committed 91904K, reserved 1179648K
  class space    used 9953K, committed 10432K, reserved 1048576K
}
Event: 7.432 GC heap after
{Heap after GC invocations=24 (full 0):
 garbage-first heap   total 380928K, used 143044K [0x0000000604400000, 0x0000000800000000)
  region size 4096K, 4 young (16384K), 4 survivors (16384K)
 Metaspace       used 90810K, committed 91904K, reserved 1179648K
  class space    used 9953K, committed 10432K, reserved 1048576K
}
Event: 7.541 GC heap before
{Heap before GC invocations=24 (full 0):
 garbage-first heap   total 380928K, used 335556K [0x0000000604400000, 0x0000000800000000)
  region size 4096K, 51 young (208896K), 4 survivors (16384K)
 Metaspace       used 90810K, committed 91904K, reserved 1179648K
  class space    used 9953K, committed 10432K, reserved 1048576K
}
Event: 7.544 GC heap after
{Heap after GC invocations=25 (full 0):
 garbage-first heap   total 380928K, used 144676K [0x0000000604400000, 0x0000000800000000)
  region size 4096K, 4 young (16384K), 4 survivors (16384K)
 Metaspace       used 90810K, committed 91904K, reserved 1179648K
  class space    used 9953K, committed 10432K, reserved 1048576K
}
Event: 7.630 GC heap before
{Heap before GC invocations=25 (full 0):
 garbage-first heap   total 380928K, used 337188K [0x0000000604400000, 0x0000000800000000)
  region size 4096K, 51 young (208896K), 4 survivors (16384K)
 Metaspace       used 90814K, committed 91904K, reserved 1179648K
  class space    used 9953K, committed 10432K, reserved 1048576K
}
Event: 7.633 GC heap after
{Heap after GC invocations=26 (full 0):
 garbage-first heap   total 380928K, used 146706K [0x0000000604400000, 0x0000000800000000)
  region size 4096K, 4 young (16384K), 4 survivors (16384K)
 Metaspace       used 90814K, committed 91904K, reserved 1179648K
  class space    used 9953K, committed 10432K, reserved 1048576K
}
Event: 7.695 GC heap before
{Heap before GC invocations=26 (full 0):
 garbage-first heap   total 380928K, used 335122K [0x0000000604400000, 0x0000000800000000)
  region size 4096K, 50 young (204800K), 4 survivors (16384K)
 Metaspace       used 90828K, committed 91904K, reserved 1179648K
  class space    used 9953K, committed 10432K, reserved 1048576K
}
Event: 7.697 GC heap after
{Heap after GC invocations=27 (full 0):
 garbage-first heap   total 458752K, used 147052K [0x0000000604400000, 0x0000000800000000)
  region size 4096K, 4 young (16384K), 4 survivors (16384K)
 Metaspace       used 90828K, committed 91904K, reserved 1179648K
  class space    used 9953K, committed 10432K, reserved 1048576K
}
Event: 7.938 GC heap before
{Heap before GC invocations=27 (full 0):
 garbage-first heap   total 458752K, used 405100K [0x0000000604400000, 0x0000000800000000)
  region size 4096K, 67 young (274432K), 4 survivors (16384K)
 Metaspace       used 91428K, committed 92480K, reserved 1179648K
  class space    used 9991K, committed 10432K, reserved 1048576K
}
Event: 7.942 GC heap after
{Heap after GC invocations=28 (full 0):
 garbage-first heap   total 458752K, used 149970K [0x0000000604400000, 0x0000000800000000)
  region size 4096K, 5 young (20480K), 5 survivors (20480K)
 Metaspace       used 91428K, committed 92480K, reserved 1179648K
  class space    used 9991K, committed 10432K, reserved 1048576K
}

Dll operation events (19 events):
Event: 0.007 Loaded shared library D:\techapps\Cubemx\jre\bin\java.dll
Event: 0.038 Loaded shared library D:\techapps\Cubemx\jre\bin\jsvml.dll
Event: 0.058 Loaded shared library D:\techapps\Cubemx\jre\bin\net.dll
Event: 0.059 Loaded shared library D:\techapps\Cubemx\jre\bin\nio.dll
Event: 0.078 Loaded shared library D:\techapps\Cubemx\jre\bin\zip.dll
Event: 0.099 Loaded shared library D:\techapps\Cubemx\jre\bin\jimage.dll
Event: 0.234 Loaded shared library D:\techapps\Cubemx\jre\bin\management.dll
Event: 0.238 Loaded shared library D:\techapps\Cubemx\jre\bin\management_ext.dll
Event: 0.557 Loaded shared library D:\techapps\Cubemx\jre\bin\awt.dll
Event: 0.722 Loaded shared library D:\techapps\Cubemx\jre\bin\freetype.dll
Event: 0.723 Loaded shared library D:\techapps\Cubemx\jre\bin\fontmanager.dll
Event: 0.818 Loaded shared library D:\techapps\Cubemx\jre\bin\verify.dll
Event: 0.897 Loaded shared library D:\techapps\Cubemx\jre\bin\prefs.dll
Event: 2.928 Loaded shared library D:\techapps\Cubemx\jre\bin\sunmscapi.dll
Event: 3.114 Loaded shared library D:\techapps\Cubemx\jre\bin\extnet.dll
Event: 3.345 Loaded shared library D:\techapps\Cubemx\jre\bin\javajpeg.dll
Event: 3.420 Loaded shared library D:\techapps\Cubemx\jre\bin\lcms.dll
Event: 4.222 Loaded shared library C:\Users\35161\.stm32cubemx\.jxbrowser-7.41.5\Chromium\toolkit64.dll
Event: 4.353 Loaded shared library C:\Users\35161\.stm32cubemx\.jxbrowser-7.41.5\Chromium\ipc64.dll

Deoptimization events (20 events):
Event: 7.846 Thread 0x000002092b096970 Uncommon trap: trap_request=0xffffff45 fr.pc=0x00000209110c1870 relative=0x0000000000003410
Event: 7.846 Thread 0x000002092b096970 Uncommon trap: reason=unstable_if action=reinterpret pc=0x00000209110c1870 method=java.lang.String.split(CIZ)[Ljava/lang/String; @ 207 c2
Event: 7.846 Thread 0x000002092b096970 DEOPT PACKING pc=0x00000209110c1870 sp=0x00000043570fe790
Event: 7.846 Thread 0x000002092b096970 DEOPT UNPACKING pc=0x00000209106746a2 sp=0x00000043570fe790 mode 2
Event: 7.859 Thread 0x000002092b096970 Uncommon trap: trap_request=0xffffffde fr.pc=0x00000209113a87f0 relative=0x0000000000000490
Event: 7.859 Thread 0x000002092b096970 Uncommon trap: reason=class_check action=maybe_recompile pc=0x00000209113a87f0 method=java.util.regex.Pattern$BnM.match(Ljava/util/regex/Matcher;ILjava/lang/CharSequence;)Z @ 111 c2
Event: 7.859 Thread 0x000002092b096970 DEOPT PACKING pc=0x00000209113a87f0 sp=0x00000043570fe3d0
Event: 7.859 Thread 0x000002092b096970 DEOPT UNPACKING pc=0x00000209106746a2 sp=0x00000043570fe340 mode 2
Event: 7.859 Thread 0x000002092b096970 Uncommon trap: trap_request=0xffffffde fr.pc=0x00000209113a87f0 relative=0x0000000000000490
Event: 7.860 Thread 0x000002092b096970 Uncommon trap: reason=class_check action=maybe_recompile pc=0x00000209113a87f0 method=java.util.regex.Pattern$BnM.match(Ljava/util/regex/Matcher;ILjava/lang/CharSequence;)Z @ 111 c2
Event: 7.860 Thread 0x000002092b096970 DEOPT PACKING pc=0x00000209113a87f0 sp=0x00000043570fe3d0
Event: 7.860 Thread 0x000002092b096970 DEOPT UNPACKING pc=0x00000209106746a2 sp=0x00000043570fe340 mode 2
Event: 7.860 Thread 0x000002092b096970 Uncommon trap: trap_request=0xffffffde fr.pc=0x00000209113a87f0 relative=0x0000000000000490
Event: 7.860 Thread 0x000002092b096970 Uncommon trap: reason=class_check action=maybe_recompile pc=0x00000209113a87f0 method=java.util.regex.Pattern$BnM.match(Ljava/util/regex/Matcher;ILjava/lang/CharSequence;)Z @ 111 c2
Event: 7.860 Thread 0x000002092b096970 DEOPT PACKING pc=0x00000209113a87f0 sp=0x00000043570fe3d0
Event: 7.860 Thread 0x000002092b096970 DEOPT UNPACKING pc=0x00000209106746a2 sp=0x00000043570fe340 mode 2
Event: 7.860 Thread 0x000002092b096970 Uncommon trap: trap_request=0xffffffde fr.pc=0x00000209113a87f0 relative=0x0000000000000490
Event: 7.860 Thread 0x000002092b096970 Uncommon trap: reason=class_check action=maybe_recompile pc=0x00000209113a87f0 method=java.util.regex.Pattern$BnM.match(Ljava/util/regex/Matcher;ILjava/lang/CharSequence;)Z @ 111 c2
Event: 7.860 Thread 0x000002092b096970 DEOPT PACKING pc=0x00000209113a87f0 sp=0x00000043570fe3d0
Event: 7.860 Thread 0x000002092b096970 DEOPT UNPACKING pc=0x00000209106746a2 sp=0x00000043570fe340 mode 2

Classes loaded (20 events):
Event: 6.782 Loading class jdk/internal/vm/annotation/IntrinsicCandidate
Event: 6.782 Loading class jdk/internal/vm/annotation/IntrinsicCandidate done
Event: 6.816 Loading class javax/crypto/BadPaddingException
Event: 6.816 Loading class javax/crypto/BadPaddingException done
Event: 6.816 Loading class javax/crypto/IllegalBlockSizeException
Event: 6.816 Loading class javax/crypto/IllegalBlockSizeException done
Event: 6.816 Loading class javax/crypto/NoSuchPaddingException
Event: 6.816 Loading class javax/crypto/NoSuchPaddingException done
Event: 7.739 Loading class java/util/regex/Pattern$Bound
Event: 7.739 Loading class java/util/regex/Pattern$Bound done
Event: 7.739 Loading class java/util/regex/Pattern$Neg
Event: 7.739 Loading class java/util/regex/Pattern$Neg done
Event: 7.801 Loading class jdk/internal/math/FloatingDecimal$HexFloatPattern
Event: 7.801 Loading class jdk/internal/math/FloatingDecimal$HexFloatPattern done
Event: 8.306 Loading class sun/security/ssl/Alert
Event: 8.964 Loading class sun/security/ssl/Alert done
Event: 8.981 Loading class sun/security/ssl/Alert$AlertConsumer
Event: 8.982 Loading class sun/security/ssl/Alert$AlertConsumer done
Event: 8.982 Loading class sun/security/ssl/Alert$Level
Event: 8.982 Loading class sun/security/ssl/Alert$Level done

Classes unloaded (0 events):
No events

Classes redefined (0 events):
No events

Internal exceptions (20 events):
Event: 7.155 Thread 0x000002092b096970 Exception <a 'java/lang/NullPointerException'{0x000000060ffc27b0}> (0x000000060ffc27b0) 
thrown [s\src\hotspot\share\runtime\sharedRuntime.cpp, line 625]
Event: 7.155 Thread 0x000002092b096970 Implicit null exception at 0x000002090a2952a7 to 0x000002090a295d43
Event: 7.155 Thread 0x000002092b096970 Exception <a 'java/lang/NullPointerException'{0x000000060ffc3e50}> (0x000000060ffc3e50) 
thrown [s\src\hotspot\share\runtime\sharedRuntime.cpp, line 625]
Event: 7.155 Thread 0x000002092b096970 Implicit null exception at 0x000002090a2952a7 to 0x000002090a295d43
Event: 7.155 Thread 0x000002092b096970 Exception <a 'java/lang/NullPointerException'{0x000000060ffc4130}> (0x000000060ffc4130) 
thrown [s\src\hotspot\share\runtime\sharedRuntime.cpp, line 625]
Event: 7.155 Thread 0x000002092b096970 Implicit null exception at 0x000002090a2952a7 to 0x000002090a295d43
Event: 7.155 Thread 0x000002092b096970 Exception <a 'java/lang/NullPointerException'{0x000000060ffc5b28}> (0x000000060ffc5b28) 
thrown [s\src\hotspot\share\runtime\sharedRuntime.cpp, line 625]
Event: 7.155 Thread 0x000002092b096970 Implicit null exception at 0x000002090a2952a7 to 0x000002090a295d43
Event: 7.155 Thread 0x000002092b096970 Exception <a 'java/lang/NullPointerException'{0x000000060ffc5e08}> (0x000000060ffc5e08) 
thrown [s\src\hotspot\share\runtime\sharedRuntime.cpp, line 625]
Event: 7.156 Thread 0x000002092b096970 Implicit null exception at 0x000002090a2952a7 to 0x000002090a295d43
Event: 7.156 Thread 0x000002092b096970 Exception <a 'java/lang/NullPointerException'{0x000000060ffcb348}> (0x000000060ffcb348) 
thrown [s\src\hotspot\share\runtime\sharedRuntime.cpp, line 625]
Event: 7.156 Thread 0x000002092b096970 Implicit null exception at 0x000002090a2952a7 to 0x000002090a295d43
Event: 7.156 Thread 0x000002092b096970 Exception <a 'java/lang/NullPointerException'{0x000000060ffcb628}> (0x000000060ffcb628) 
thrown [s\src\hotspot\share\runtime\sharedRuntime.cpp, line 625]
Event: 7.156 Thread 0x000002092b096970 Implicit null exception at 0x000002090a2952a7 to 0x000002090a295d43
Event: 7.156 Thread 0x000002092b096970 Exception <a 'java/lang/NullPointerException'{0x000000060ffcc178}> (0x000000060ffcc178) 
thrown [s\src\hotspot\share\runtime\sharedRuntime.cpp, line 625]
Event: 7.156 Thread 0x000002092b096970 Implicit null exception at 0x000002090a2952a7 to 0x000002090a295d43
Event: 7.156 Thread 0x000002092b096970 Exception <a 'java/lang/NullPointerException'{0x000000060ffcc458}> (0x000000060ffcc458) 
thrown [s\src\hotspot\share\runtime\sharedRuntime.cpp, line 625]
Event: 7.722 Thread 0x000002092b096970 Exception <a 'java/io/IOException'{0x000000061cda37d0}> (0x000000061cda37d0) 
thrown [s\src\hotspot\share\prims\jni.cpp, line 520]
Event: 7.722 Thread 0x000002092b096970 Exception <a 'java/io/IOException'{0x000000061cda3d90}> (0x000000061cda3d90) 
thrown [s\src\hotspot\share\prims\jni.cpp, line 520]
Event: 7.739 Thread 0x000002092b096970 Implicit null exception at 0x00000209112f78f5 to 0x00000209112fb2a8

ZGC Phase Switch (0 events):
No events

VM Operations (20 events):
Event: 7.311 Executing VM operation: G1CollectForAllocation (G1 Evacuation Pause)
Event: 7.314 Executing VM operation: G1CollectForAllocation (G1 Evacuation Pause) done
Event: 7.429 Executing VM operation: G1CollectForAllocation (G1 Evacuation Pause)
Event: 7.432 Executing VM operation: G1CollectForAllocation (G1 Evacuation Pause) done
Event: 7.541 Executing VM operation: G1CollectForAllocation (G1 Evacuation Pause)
Event: 7.544 Executing VM operation: G1CollectForAllocation (G1 Evacuation Pause) done
Event: 7.630 Executing VM operation: G1CollectForAllocation (G1 Evacuation Pause)
Event: 7.633 Executing VM operation: G1CollectForAllocation (G1 Evacuation Pause) done
Event: 7.695 Executing VM operation: G1CollectForAllocation (G1 Evacuation Pause)
Event: 7.697 Executing VM operation: G1CollectForAllocation (G1 Evacuation Pause) done
Event: 7.728 Executing VM operation: HandshakeAllThreads (Deoptimize)
Event: 7.728 Executing VM operation: HandshakeAllThreads (Deoptimize) done
Event: 7.731 Executing VM operation: HandshakeAllThreads (Deoptimize)
Event: 7.731 Executing VM operation: HandshakeAllThreads (Deoptimize) done
Event: 7.938 Executing VM operation: G1CollectForAllocation (G1 Evacuation Pause)
Event: 7.942 Executing VM operation: G1CollectForAllocation (G1 Evacuation Pause) done
Event: 8.947 Executing VM operation: Cleanup
Event: 8.982 Executing VM operation: Cleanup done
Event: 9.992 Executing VM operation: Cleanup
Event: 9.992 Executing VM operation: Cleanup done

Events (20 events):
Event: 7.708 Thread 0x000002092b984fb0 Thread exited: 0x000002092b984fb0
Event: 7.708 Thread 0x000002092b985640 Thread added: 0x000002092b985640
Event: 7.708 Thread 0x000002092b985640 Thread exited: 0x000002092b985640
Event: 7.708 Thread 0x000002092b985640 Thread added: 0x000002092b985640
Event: 7.708 Thread 0x000002092b985640 Thread exited: 0x000002092b985640
Event: 7.708 Thread 0x000002092b984fb0 Thread added: 0x000002092b984fb0
Event: 7.708 Thread 0x000002092b984fb0 Thread exited: 0x000002092b984fb0
Event: 7.708 Thread 0x000002092b985640 Thread added: 0x000002092b985640
Event: 7.709 Thread 0x000002092b985640 Thread exited: 0x000002092b985640
Event: 7.709 Thread 0x000002092b984fb0 Thread added: 0x000002092b984fb0
Event: 7.709 Thread 0x000002092b984fb0 Thread exited: 0x000002092b984fb0
Event: 7.709 Thread 0x000002092b984fb0 Thread added: 0x000002092b984fb0
Event: 7.709 Thread 0x000002092b984fb0 Thread exited: 0x000002092b984fb0
Event: 7.709 Thread 0x000002092b984fb0 Thread added: 0x000002092b984fb0
Event: 7.709 Thread 0x000002092b984fb0 Thread exited: 0x000002092b984fb0
Event: 7.712 Thread 0x000002092b985640 Thread added: 0x000002092b985640
Event: 7.712 Thread 0x000002092b985640 Thread exited: 0x000002092b985640
Event: 7.712 Thread 0x000002092b985640 Thread added: 0x000002092b985640
Event: 7.712 Thread 0x000002092b985640 Thread exited: 0x000002092b985640
Event: 8.775 Thread 0x0000020929ca5650 Thread exited: 0x0000020929ca5650


Dynamic libraries:
0x00007ff678030000 - 0x00007ff67803e000 	D:\techapps\Cubemx\jre\bin\javaw.exe
0x00007ffbf14c0000 - 0x00007ffbf1720000 	C:\WINDOWS\SYSTEM32\ntdll.dll
0x00007ffbef2c0000 - 0x00007ffbef387000 	C:\WINDOWS\System32\KERNEL32.DLL
0x00007ffbeec20000 - 0x00007ffbeefea000 	C:\WINDOWS\System32\KERNELBASE.dll
0x00007ffbeeff0000 - 0x00007ffbef13b000 	C:\WINDOWS\System32\ucrtbase.dll
0x00007ffbe6180000 - 0x00007ffbe619b000 	D:\techapps\Cubemx\jre\bin\VCRUNTIME140.dll
0x00007ffbe9160000 - 0x00007ffbe9178000 	D:\techapps\Cubemx\jre\bin\jli.dll
0x00007ffbefb80000 - 0x00007ffbefd4c000 	C:\WINDOWS\System32\USER32.dll
0x00007ffbee880000 - 0x00007ffbee8a7000 	C:\WINDOWS\System32\win32u.dll
0x00007ffbf0b20000 - 0x00007ffbf0b4a000 	C:\WINDOWS\System32\GDI32.dll
0x00007ffbcda60000 - 0x00007ffbcdcf7000 	C:\WINDOWS\WinSxS\amd64_microsoft.windows.common-controls_6595b64144ccf1df_6.0.26100.3624_none_3e086962e3345f24\COMCTL32.dll
0x00007ffbee6a0000 - 0x00007ffbee7d1000 	C:\WINDOWS\System32\gdi32full.dll
0x00007ffbeff90000 - 0x00007ffbf0039000 	C:\WINDOWS\System32\msvcrt.dll
0x00007ffbee970000 - 0x00007ffbeea13000 	C:\WINDOWS\System32\msvcp_win.dll
0x00007ffbefd50000 - 0x00007ffbefd7f000 	C:\WINDOWS\System32\IMM32.DLL
0x00007ffbe9100000 - 0x00007ffbe910c000 	D:\techapps\Cubemx\jre\bin\vcruntime140_1.dll
0x00007ffbaa390000 - 0x00007ffbaa41e000 	D:\techapps\Cubemx\jre\bin\msvcp140.dll
0x00007ffad8200000 - 0x00007ffad8f82000 	D:\techapps\Cubemx\jre\bin\server\jvm.dll
0x00007ffbef5a0000 - 0x00007ffbef652000 	C:\WINDOWS\System32\ADVAPI32.dll
0x00007ffbef700000 - 0x00007ffbef7a6000 	C:\WINDOWS\System32\sechost.dll
0x00007ffbf0c30000 - 0x00007ffbf0d46000 	C:\WINDOWS\System32\RPCRT4.dll
0x00007ffbf0aa0000 - 0x00007ffbf0b14000 	C:\WINDOWS\System32\WS2_32.dll
0x00007ffbed2e0000 - 0x00007ffbed33e000 	C:\WINDOWS\SYSTEM32\POWRPROF.dll
0x00007ffbe6920000 - 0x00007ffbe692b000 	C:\WINDOWS\SYSTEM32\VERSION.dll
0x00007ffbe6930000 - 0x00007ffbe6966000 	C:\WINDOWS\SYSTEM32\WINMM.dll
0x00007ffbed2c0000 - 0x00007ffbed2d4000 	C:\WINDOWS\SYSTEM32\UMPDC.dll
0x00007ffbed5a0000 - 0x00007ffbed5ba000 	C:\WINDOWS\SYSTEM32\kernel.appcore.dll
0x00007ffbe6170000 - 0x00007ffbe617a000 	D:\techapps\Cubemx\jre\bin\jimage.dll
0x00007ffbebb40000 - 0x00007ffbebd81000 	C:\WINDOWS\SYSTEM32\DBGHELP.DLL
0x00007ffbf0280000 - 0x00007ffbf0602000 	C:\WINDOWS\System32\combase.dll
0x00007ffbf0b50000 - 0x00007ffbf0c26000 	C:\WINDOWS\System32\OLEAUT32.dll
0x00007ffbcf3a0000 - 0x00007ffbcf3d9000 	C:\WINDOWS\SYSTEM32\dbgcore.DLL
0x00007ffbee7e0000 - 0x00007ffbee879000 	C:\WINDOWS\System32\bcryptPrimitives.dll
0x00007ffbe45d0000 - 0x00007ffbe45ef000 	D:\techapps\Cubemx\jre\bin\java.dll
0x00007ffbf0d50000 - 0x00007ffbf1479000 	C:\WINDOWS\System32\SHELL32.dll
0x00007ffbeea20000 - 0x00007ffbeeb88000 	C:\WINDOWS\System32\wintypes.dll
0x00007ffbec320000 - 0x00007ffbecb72000 	C:\WINDOWS\SYSTEM32\windows.storage.dll
0x00007ffbef7b0000 - 0x00007ffbef89d000 	C:\WINDOWS\System32\SHCORE.dll
0x00007ffbef690000 - 0x00007ffbef6f4000 	C:\WINDOWS\System32\shlwapi.dll
0x00007ffbee5b0000 - 0x00007ffbee5df000 	C:\WINDOWS\SYSTEM32\profapi.dll
0x00007ffba5070000 - 0x00007ffba5147000 	D:\techapps\Cubemx\jre\bin\jsvml.dll
0x00007ffbe6160000 - 0x00007ffbe6170000 	D:\techapps\Cubemx\jre\bin\net.dll
0x00007ffbe8910000 - 0x00007ffbe8a2d000 	C:\WINDOWS\SYSTEM32\WINHTTP.dll
0x00007ffbedaa0000 - 0x00007ffbedb0a000 	C:\WINDOWS\system32\mswsock.dll
0x00007ffbdc750000 - 0x00007ffbdc766000 	D:\techapps\Cubemx\jre\bin\nio.dll
0x00007ffbd67c0000 - 0x00007ffbd67d8000 	D:\techapps\Cubemx\jre\bin\zip.dll
0x00007ffbdc740000 - 0x00007ffbdc74a000 	D:\techapps\Cubemx\jre\bin\management.dll
0x00007ffbdc370000 - 0x00007ffbdc37b000 	D:\techapps\Cubemx\jre\bin\management_ext.dll
0x00007ffbef3b0000 - 0x00007ffbef3b8000 	C:\WINDOWS\System32\PSAPI.DLL
0x00007ffbba500000 - 0x00007ffbba518000 	C:\WINDOWS\system32\napinsp.dll
0x00007ffbed090000 - 0x00007ffbed1b5000 	C:\WINDOWS\SYSTEM32\DNSAPI.dll
0x00007ffbed050000 - 0x00007ffbed083000 	C:\WINDOWS\SYSTEM32\IPHLPAPI.DLL
0x00007ffbf00e0000 - 0x00007ffbf00ea000 	C:\WINDOWS\System32\NSI.dll
0x00007ffbba4c0000 - 0x00007ffbba4d2000 	C:\WINDOWS\System32\winrnr.dll
0x00007ffbba480000 - 0x00007ffbba4b0000 	C:\WINDOWS\system32\nlansp_c.dll
0x00007ffbba460000 - 0x00007ffbba476000 	C:\WINDOWS\system32\wshbth.dll
0x00007ffbe8590000 - 0x00007ffbe859b000 	C:\Windows\System32\rasadhlp.dll
0x00007ffbe8ca0000 - 0x00007ffbe8d25000 	C:\WINDOWS\System32\fwpuclnt.dll
0x00007ffb59300000 - 0x00007ffb5948e000 	D:\techapps\Cubemx\jre\bin\awt.dll
0x00007ffbeb4e0000 - 0x00007ffbeb57c000 	C:\WINDOWS\SYSTEM32\apphelp.dll
0x00007ffbedd10000 - 0x00007ffbedd2c000 	C:\WINDOWS\SYSTEM32\CRYPTSP.dll
0x00007ffbed500000 - 0x00007ffbed53a000 	C:\WINDOWS\system32\rsaenh.dll
0x00007ffbedb40000 - 0x00007ffbedb6b000 	C:\WINDOWS\SYSTEM32\USERENV.dll
0x00007ffbee580000 - 0x00007ffbee5a6000 	C:\WINDOWS\SYSTEM32\bcrypt.dll
0x00007ffbedd30000 - 0x00007ffbedd3c000 	C:\WINDOWS\SYSTEM32\CRYPTBASE.dll
0x00007ffbeb5e0000 - 0x00007ffbeb68e000 	C:\WINDOWS\system32\uxtheme.dll
0x00007ffbef440000 - 0x00007ffbef59d000 	C:\WINDOWS\System32\MSCTF.dll
0x00007ffbefd90000 - 0x00007ffbeff26000 	C:\WINDOWS\System32\ole32.dll
0x00007ffbeb920000 - 0x00007ffbeb956000 	C:\WINDOWS\system32\DWMAPI.DLL
0x00007ffb953b0000 - 0x00007ffb954bc000 	C:\WINDOWS\system32\opengl32.dll
0x00007ffb95290000 - 0x00007ffb952bd000 	C:\WINDOWS\SYSTEM32\GLU32.dll
0x00007ffbeb6e0000 - 0x00007ffbeb727000 	C:\WINDOWS\SYSTEM32\dxcore.dll
0x00007ffba47e0000 - 0x00007ffba4867000 	D:\techapps\Cubemx\jre\bin\freetype.dll
0x00007ffb9eeb0000 - 0x00007ffb9ef92000 	D:\techapps\Cubemx\jre\bin\fontmanager.dll
0x00007ffbd7230000 - 0x00007ffbd7240000 	D:\techapps\Cubemx\jre\bin\verify.dll
0x00007ffbd6a60000 - 0x00007ffbd6a69000 	D:\techapps\Cubemx\jre\bin\prefs.dll
0x00007ffbe9150000 - 0x00007ffbe915e000 	D:\techapps\Cubemx\jre\bin\sunmscapi.dll
0x00007ffbef140000 - 0x00007ffbef2b7000 	C:\WINDOWS\System32\CRYPT32.dll
0x00007ffbedf00000 - 0x00007ffbedf30000 	C:\WINDOWS\SYSTEM32\ncrypt.dll
0x00007ffbedeb0000 - 0x00007ffbedeef000 	C:\WINDOWS\SYSTEM32\NTASN1.dll
0x00007ffbede90000 - 0x00007ffbedea3000 	C:\WINDOWS\SYSTEM32\MSASN1.dll
0x00007ffbedb10000 - 0x00007ffbedb37000 	C:\WINDOWS\SYSTEM32\gpapi.dll
0x00007ffbcd410000 - 0x00007ffbcd49e000 	C:\WINDOWS\system32\ncryptprov.dll
0x00007ffbe9120000 - 0x00007ffbe9129000 	D:\techapps\Cubemx\jre\bin\extnet.dll
0x00007ffbd5f90000 - 0x00007ffbd5fbe000 	D:\techapps\Cubemx\jre\bin\javajpeg.dll
0x00007ffbd44b0000 - 0x00007ffbd44f0000 	D:\techapps\Cubemx\jre\bin\lcms.dll
0x00007ffbef8f0000 - 0x00007ffbef998000 	C:\WINDOWS\System32\clbcatq.dll
0x00007ffbe9e10000 - 0x00007ffbea03e000 	C:\WINDOWS\SYSTEM32\WindowsCodecs.dll
0x00007ffb921a0000 - 0x00007ffb921fa000 	C:\WINDOWS\system32\dataexchange.dll
0x00007ffbe47f0000 - 0x00007ffbe4a2b000 	C:\WINDOWS\system32\twinapi.appcore.dll
0x00007ffbda000000 - 0x00007ffbda149000 	C:\WINDOWS\SYSTEM32\textinputframework.dll
0x00007ffb83520000 - 0x00007ffb83634000 	C:\Users\35161\.stm32cubemx\.jxbrowser-7.41.5\Chromium\toolkit64.dll
0x00007ffb57fa0000 - 0x00007ffb580ad000 	C:\Users\35161\.stm32cubemx\.jxbrowser-7.41.5\Chromium\ipc64.dll
0x00007ffbed6c0000 - 0x00007ffbed6f5000 	C:\WINDOWS\SYSTEM32\ntmarta.dll
0x00007ffbeb1f0000 - 0x00007ffbeb316000 	C:\WINDOWS\SYSTEM32\CoreMessaging.dll
0x00007ffbe7110000 - 0x00007ffbe73f3000 	C:\WINDOWS\SYSTEM32\CoreUIComponents.dll

dbghelp: loaded successfully - version: 4.0.5 - missing functions: none
symbol engine: initialized successfully - sym options: 0x614 - pdb path: .;D:\techapps\Cubemx\jre\bin;C:\WINDOWS\SYSTEM32;C:\WINDOWS\WinSxS\amd64_microsoft.windows.common-controls_6595b64144ccf1df_6.0.26100.3624_none_3e086962e3345f24;D:\techapps\Cubemx\jre\bin\server;C:\Users\35161\.stm32cubemx\.jxbrowser-7.41.5\Chromium

VM Arguments:
jvm_args: -Dfile.encoding=UTF-8 -Djavax.net.ssl.trustStoreType=WINDOWS-ROOT -Dsun.java2d.d3d=false 
java_command: com.st.microxplorer.maingui.STM32CubeMX D:\stmproject\dragonproject\contest\robotcup_handing\Robocup\F743VGT6_origin\origin.ioc
java_class_path (initial): D:\techapps\Cubemx\STM32CubeMX.exe;anything
Launcher Type: SUN_STANDARD

[Global flags]
     intx CICompilerCount                          = 12                                        {product} {ergonomic}
     uint ConcGCThreads                            = 4                                         {product} {ergonomic}
     uint G1ConcRefinementThreads                  = 15                                        {product} {ergonomic}
   size_t G1HeapRegionSize                         = 4194304                                   {product} {ergonomic}
    uintx GCDrainStackTargetSize                   = 64                                        {product} {ergonomic}
   size_t InitialHeapSize                          = 532676608                                 {product} {ergonomic}
   size_t MarkStackSize                            = 4194304                                   {product} {ergonomic}
   size_t MaxHeapSize                              = 8518631424                                {product} {ergonomic}
   size_t MaxNewSize                               = 5108662272                                {product} {ergonomic}
   size_t MinHeapDeltaBytes                        = 4194304                                   {product} {ergonomic}
   size_t MinHeapSize                              = 8388608                                   {product} {ergonomic}
    uintx NonNMethodCodeHeapSize                   = 7602480                                {pd product} {ergonomic}
    uintx NonProfiledCodeHeapSize                  = 122027880                              {pd product} {ergonomic}
    uintx ProfiledCodeHeapSize                     = 122027880                              {pd product} {ergonomic}
    uintx ReservedCodeCacheSize                    = 251658240                              {pd product} {ergonomic}
     bool SegmentedCodeCache                       = true                                      {product} {ergonomic}
   size_t SoftMaxHeapSize                          = 8518631424                             {manageable} {ergonomic}
     bool UseCompressedOops                        = true                           {product lp64_product} {ergonomic}
     bool UseG1GC                                  = true                                      {product} {ergonomic}
     bool UseLargePagesIndividualAllocation        = false                                  {pd product} {ergonomic}

Logging:
Log output configuration:
 #0: stdout all=warning uptime,level,tags foldmultilines=false
 #1: stderr all=off uptime,level,tags foldmultilines=false

Environment Variables:
JAVA_TOOL_OPTIONS=-Dfile.encoding=UTF-8
PATH=D:\techapps\Cubemx\;C:\Program Files\Common Files\Oracle\Java\javapath;D:\configuration\python312\Scripts\;D:\configuration\python312\;D:\programmming\linunxapps\bin\;C:\Windows\system32;C:\Windows;C:\Windows\System32\Wbem;C:\Windows\System32\WindowsPowerShell\v1.0\;C:\Windows\System32\OpenSSH\;C:\Program Files (x86)\NVIDIA Corporation\PhysX\Common;C:\Program Files (x86)\pcsuite\;D:\sundries\matlabtrue\runtime\win64;D:\sundries\matlabtrue\bin;D:\programmming\xshell\;D:\programmming\xftpaxshell\xftp\;C:\Program Files\Microsoft SQL Server\150\Tools\Binn\;C:\Program Files\Microsoft SQL Server\Client SDK\ODBC\170\Tools\Binn\;C:\Program Files (x86)\Windows Kits\10\Windows Performance Toolkit\;C:\Program Files\dotnet\;C:\Program Files\NVIDIA Corporation\NVIDIA NvDLISR;C:\Users\35161\.conda\envs\dopencv\Scripts;D:\Anaconda;D:\Anaconda\Scripts;D:\Anaconda\Library\bin;D:\condaenv\dopencv\Scripts;C:\Program Files (x86)\STMicroelectronics\STM32 ST-LINK Utility\ST-LINK Utility;C:\Program Files (x86)\Microsoft SQL Server\150\Tools\Binn\;C:\Program Files\Microsoft SQL Server\150\DTS\Binn\;C:\Program Files (x86)\Windows Kits\8.1\Windows Performance Toolkit\;C:\MinGW\bin;D:\configuration\maven\apache-maven-3.9.9\bin;C:\Program Files\Git\cmd;D:\VISION\raspberry\ËùÐèÈí¼þ\putty\;D:\programmming\NodeJS\;C:\WINDOWS\system32;C:\WINDOWS;C:\WINDOWS\System32\Wbem;C:\WINDOWS\System32\WindowsPowerShell\v1.0\;C:\WINDOWS\System32\OpenSSH\;D:\dg_tools\xhell_xftp\;D:\Anaconda3\Anaconda;D:\Anaconda3\Anaconda\Library\mingw-w64\bin;D:\Anaconda3\Anaconda\Library\usr\bin;D:\Anaconda3\Anaconda\Library\bin;D:\Anaconda3\Anaconda\Scripts;C:\Users\35161\AppData\Local\Microsoft\WindowsApps;C:\Users\35161\.dotnet\tools;D:\techapps\Pycharm\pycharm\PyCharm Community Edition 2024.2\bin;D:\vscode\Microsoft VS Code\bin;D:\programmming\WebStorm\WebStorm 2024.3\bin;C:\MinGW\bin;D:\programmming\WebStorm\plugins\node.js;C:\Users\35161\AppData\Local\gitkraken\bin;D:\techapps\Quartus\licence\questa_fse\win64;C:\Users\35161\AppData\Roaming\npm;%USERPROFILE%\AppData\Local\Microsoft\WindowsApps;;D:\techapps\Cubemx\.\jre\\bin
USERNAME=35161
OS=Windows_NT
PROCESSOR_IDENTIFIER=Intel64 Family 6 Model 186 Stepping 2, GenuineIntel
TMP=C:\Users\35161\AppData\Local\Temp
TEMP=C:\Users\35161\AppData\Local\Temp




Periodic native trim disabled

---------------  S Y S T E M  ---------------

OS:
 Windows 11 , 64 bit Build 26100 (10.0.26100.3775)
OS uptime: 0 days 11:06 hours
Hyper-V role detected

CPU: total 20 (initial active 20) (10 cores per cpu, 2 threads per core) family 6 model 186 stepping 2 microcode 0x410e, cx8, cmov, fxsr, ht, mmx, 3dnowpref, sse, sse2, sse3, ssse3, sse4.1, sse4.2, popcnt, lzcnt, tsc, tscinvbit, avx, avx2, aes, erms, clmul, bmi1, bmi2, adx, sha, fma, vzeroupper, clflush, clflushopt, clwb, hv, serialize, rdtscp, rdpid, fsrm, f16c, cet_ibt, cet_ss
Processor Information for processor 0
  Max Mhz: 2600, Current Mhz: 2600, Mhz Limit: 2600
Processor Information for processor 1
  Max Mhz: 2600, Current Mhz: 2600, Mhz Limit: 2600
Processor Information for processor 2
  Max Mhz: 2600, Current Mhz: 2600, Mhz Limit: 2600
Processor Information for processor 3
  Max Mhz: 2600, Current Mhz: 2600, Mhz Limit: 2600
Processor Information for processor 4
  Max Mhz: 2600, Current Mhz: 2600, Mhz Limit: 2600
Processor Information for processor 5
  Max Mhz: 2600, Current Mhz: 2600, Mhz Limit: 2600
Processor Information for processor 6
  Max Mhz: 2600, Current Mhz: 2600, Mhz Limit: 2600
Processor Information for processor 7
  Max Mhz: 2600, Current Mhz: 2600, Mhz Limit: 2600
Processor Information for processor 8
  Max Mhz: 2600, Current Mhz: 2600, Mhz Limit: 2600
Processor Information for processor 9
  Max Mhz: 2600, Current Mhz: 2600, Mhz Limit: 2600
Processor Information for processor 10
  Max Mhz: 2600, Current Mhz: 2600, Mhz Limit: 2600
Processor Information for processor 11
  Max Mhz: 2600, Current Mhz: 2600, Mhz Limit: 2600
Processor Information for processor 12
  Max Mhz: 2600, Current Mhz: 1900, Mhz Limit: 1898
Processor Information for processor 13
  Max Mhz: 2600, Current Mhz: 1900, Mhz Limit: 1898
Processor Information for processor 14
  Max Mhz: 2600, Current Mhz: 1900, Mhz Limit: 1898
Processor Information for processor 15
  Max Mhz: 2600, Current Mhz: 1900, Mhz Limit: 1898
Processor Information for processor 16
  Max Mhz: 2600, Current Mhz: 1500, Mhz Limit: 1898
Processor Information for processor 17
  Max Mhz: 2600, Current Mhz: 1900, Mhz Limit: 1898
Processor Information for processor 18
  Max Mhz: 2600, Current Mhz: 1900, Mhz Limit: 1898
Processor Information for processor 19
  Max Mhz: 2600, Current Mhz: 1500, Mhz Limit: 1898

Memory: 4k page, system-wide physical 32491M (17064M free)
TotalPageFile size 32491M (AvailPageFile size 56M)
current process WorkingSet (physical memory assigned to process): 739M, peak: 739M
current process commit charge ("private bytes"): 792M, peak: 795M

vm_info: OpenJDK 64-Bit Server VM (21.0.3+9-LTS) for windows-amd64 JRE (21.0.3+9-LTS), built on 2024-04-16T00:00:00Z by "admin" with MS VC++ 17.7 (VS2022)

END.
