<html>
<body>
<pre>
<h1>�Vision Build Log</h1>
<h2>Tool Versions:</h2>
IDE-Version: ��Vision V5.40.0.0
Copyright (C) 2024 ARM Ltd and ARM Germany GmbH. All rights reserved.
License Information: df df, dff, LIC=9WSKC-7ZRYP-Z9IG9-48KJ6-WNZ0F-6SAIC
 
Tool Versions:
Toolchain:       MDK-ARM Plus  Version: 5.40.0.3
Toolchain Path:  D:\keil\MDK\ARM\ARMCLANG\Bin
C Compiler:      ArmClang.exe V6.22
Assembler:       Armasm.exe V6.22
Linker/Locator:  ArmLink.exe V6.22
Library Manager: ArmAr.exe V6.22
Hex Converter:   FromElf.exe V6.22
CPU DLL:         SARMCM3.DLL V5.40.0.3
Dialog DLL:      DCM.DLL V1.17.5.0
Target DLL:      CMSIS_AGDI.dll V1.33.18.0
Dialog DLL:      TCM.DLL V1.56.4.0
 
<h2>Project:</h2>
D:\stmproject\dragonproject\contest\robotwork\RoboWork\dragon_1\MDK-ARM\origin.uvprojx
Project File Date:  03/08/2025

<h2>Output:</h2>
*** Using Compiler 'V6.22', folder: 'D:\keil\MDK\ARM\ARMCLANG\Bin'
Build target 'origin'
../Device/Src/TSL1401.c(50): warning: implicit conversion from 'unsigned long' to 'uint8_t' (aka 'unsigned char') changes value from 140509188 to 4 [-Wconstant-conversion]
   50 |                         ADV[tslp]=(Get_Adc(ADC_CHANNEL_2))>>4; //下降沿后读取GPIOA1上的ADC值(灰度值),并逐个保存到pixel_array数组
      |                                    ~~~~~~~ ^~~~~~~~~~~~~
../Drivers/STM32G4xx_HAL_Driver/Inc\stm32g4xx_hal_adc.h(829): note: expanded from macro 'ADC_CHANNEL_2'
  829 | #define ADC_CHANNEL_2                      (LL_ADC_CHANNEL_2)              /*!< External channel (GPIO pin) ADCx_IN2  */
      |                                             ^~~~~~~~~~~~~~~~
../Drivers/STM32G4xx_HAL_Driver/Inc\stm32g4xx_ll_adc.h(913): note: expanded from macro 'LL_ADC_CHANNEL_2'
  912 | #define LL_ADC_CHANNEL_2                   (ADC_CHANNEL_2_NUMBER  | ADC_CHANNEL_2_SMP \
      |                                             ~~~~~~~~~~~~~~~~~~~~~~~~~~~~~~~~~~~~~~~~~~~
  913 |                                             | ADC_CHANNEL_2_BITFIELD)                       /*!< ADC channel ADCx_IN2 */
      |                                             ^~~~~~~~~~~~~~~~~~~~~~~~
1 warning generated.
compiling TSL1401.c...
linking...
Program Size: Code=46442 RO-data=662 RW-data=16 ZI-data=2736  
FromELF: creating hex file...
"origin\origin.axf" - 0 Error(s), 1 Warning(s).

<h2>Software Packages used:</h2>

Package Vendor: ARM
                https://www.keil.com/pack/ARM.CMSIS.6.1.0.pack
                ARM::CMSIS@6.1.0
                CMSIS (Common Microcontroller Software Interface Standard)
   * Component: CORE Version: 6.1.0

Package Vendor: Keil
                https://www.keil.com/pack/Keil.STM32G4xx_DFP.1.6.0.pack
                Keil::STM32G4xx_DFP@1.6.0
                STMicroelectronics STM32G4 Series Device Support, Drivers and Examples

<h2>Collection of Component include folders:</h2>
  ./RTE/_origin
  D:/keil/Pack/ARM/CMSIS/6.1.0/CMSIS/Core/Include
  D:/keil/Pack/Keil/STM32G4xx_DFP/1.6.0/Drivers/CMSIS/Device/ST/STM32G4xx/Include

<h2>Collection of Component Files used:</h2>

   * Component: ARM::CMSIS:CORE@6.1.0
      Include file:  CMSIS/Core/Include/tz_context.h
Build Time Elapsed:  00:00:01
</pre>
</body>
</html>
