<html>
<body>
<pre>
<h1>�Vision Build Log</h1>
<h2>Tool Versions:</h2>
IDE-Version: ��Vision V5.40.0.0
Copyright (C) 2024 ARM Ltd and ARM Germany GmbH. All rights reserved.
License Information: adsda ada, ada, LIC=MPPLD-8FHM0-PC7J8-3ILKB-ILF2Q-5VC0F
 
Tool Versions:
Toolchain:       MDK-ARM Plus  Version: 5.40.0.3
Toolchain Path:  D:\keil\core\ARM\ARMCLANG\Bin
C Compiler:      ArmClang.exe V6.22
Assembler:       Armasm.exe V6.22
Linker/Locator:  ArmLink.exe V6.22
Library Manager: ArmAr.exe V6.22
Hex Converter:   FromElf.exe V6.22
CPU DLL:         SARMCM3.DLL V5.40.0.3
Dialog DLL:      DCM.DLL V1.17.5.0
Target DLL:      CMSIS_AGDI.dll V1.33.18.0
Dialog DLL:      TCM.DLL V1.56.4.0
 
<h2>Project:</h2>
D:\stmproject\dragonproject\contest\robotwork\Robotwork\F407VGT6\MDK-ARM\origin.uvprojx
Project File Date:  08/03/2025

<h2>Output:</h2>
*** Using Compiler 'V6.22', folder: 'D:\keil\core\ARM\ARMCLANG\Bin'
Build target 'origin'
../Core/Src/mainwork.c(14): warning: In file included from...
../mcu_bsp/IMU\BMI088driver.h(49): warning: 'packed' attribute ignored [-Wignored-attributes]
   49 | typedef __packed struct BMI088_RAW_DATA
      |         ^
../Drivers/STM32F4xx_HAL_Driver/Inc\stm32f4xx_hal_def.h(116): note: expanded from macro '__packed'
  116 |     #define __packed  __attribute__((packed))
      |                                      ^
../Core/Src/mainwork.c(259): warning: passing 'char[2]' to parameter of type 'const uint8_t *' (aka 'const unsigned char *') converts between pointers to integer types where one is of the unique plain 'char' type and the other is not [-Wpointer-sign]
  259 |         LCD_ShowString(48, 20, ",", RED, WHITE, 16, 0);
      |                                ^~~
../mcu_bsp/LCD\lcd.h(20): note: passing argument to parameter 'p' here
   20 | void LCD_ShowString(uint16_t x,uint16_t y,const uint8_t *p,uint16_t fc,uint16_t bc,uint8_t sizey,uint8_t mode);//显示字符串
      |                                                          ^
../Core/Src/mainwork.c(261): warning: passing 'char[2]' to parameter of type 'const uint8_t *' (aka 'const unsigned char *') converts between pointers to integer types where one is of the unique plain 'char' type and the other is not [-Wpointer-sign]
  261 |         LCD_ShowString(106, 40, ",", RED, WHITE, 16, 0);
      |                                 ^~~
../mcu_bsp/LCD\lcd.h(20): note: passing argument to parameter 'p' here
   20 | void LCD_ShowString(uint16_t x,uint16_t y,const uint8_t *p,uint16_t fc,uint16_t bc,uint8_t sizey,uint8_t mode);//显示字符串
      |                                                          ^
../Core/Src/mainwork.c(265): warning: passing 'char[2]' to parameter of type 'const uint8_t *' (aka 'const unsigned char *') converts between pointers to integer types where one is of the unique plain 'char' type and the other is not [-Wpointer-sign]
  265 |         LCD_ShowString(48, 40, ",", RED, WHITE, 16, 0);
      |                                ^~~
../mcu_bsp/LCD\lcd.h(20): note: passing argument to parameter 'p' here
   20 | void LCD_ShowString(uint16_t x,uint16_t y,const uint8_t *p,uint16_t fc,uint16_t bc,uint8_t sizey,uint8_t mode);//显示字符串
      |                                                          ^
../Core/Src/mainwork.c(267): warning: passing 'char[2]' to parameter of type 'const uint8_t *' (aka 'const unsigned char *') converts between pointers to integer types where one is of the unique plain 'char' type and the other is not [-Wpointer-sign]
  267 |         LCD_ShowString(106, 40, ",", RED, WHITE, 16, 0);
      |                                 ^~~
../mcu_bsp/LCD\lcd.h(20): note: passing argument to parameter 'p' here
   20 | void LCD_ShowString(uint16_t x,uint16_t y,const uint8_t *p,uint16_t fc,uint16_t bc,uint8_t sizey,uint8_t mode);//显示字符串
      |                                                          ^
../Core/Src/mainwork.c(271): warning: passing 'char[2]' to parameter of type 'const uint8_t *' (aka 'const unsigned char *') converts between pointers to integer types where one is of the unique plain 'char' type and the other is not [-Wpointer-sign]
  271 |         LCD_ShowString(52, 60, ",", RED, WHITE, 16, 0);
      |                                ^~~
../mcu_bsp/LCD\lcd.h(20): note: passing argument to parameter 'p' here
   20 | void LCD_ShowString(uint16_t x,uint16_t y,const uint8_t *p,uint16_t fc,uint16_t bc,uint8_t sizey,uint8_t mode);//显示字符串
      |                                                          ^
../Core/Src/mainwork.c(272): warning: passing 'char[5]' to parameter of type 'const uint8_t *' (aka 'const unsigned char *') converts between pointers to integer types where one is of the unique plain 'char' type and the other is not [-Wpointer-sign]
  272 |         LCD_ShowString(62, 60, "gyro", RED, WHITE, 16, 0);
      |                                ^~~~~~
../mcu_bsp/LCD\lcd.h(20): note: passing argument to parameter 'p' here
   20 | void LCD_ShowString(uint16_t x,uint16_t y,const uint8_t *p,uint16_t fc,uint16_t bc,uint8_t sizey,uint8_t mode);//显示字符串
      |                                                          ^
../Core/Src/mainwork.c(273): warning: passing 'char[2]' to parameter of type 'const uint8_t *' (aka 'const unsigned char *') converts between pointers to integer types where one is of the unique plain 'char' type and the other is not [-Wpointer-sign]
  273 |         LCD_ShowString(100, 60, ",", RED, WHITE, 16, 0);
      |                                 ^~~
../mcu_bsp/LCD\lcd.h(20): note: passing argument to parameter 'p' here
   20 | void LCD_ShowString(uint16_t x,uint16_t y,const uint8_t *p,uint16_t fc,uint16_t bc,uint8_t sizey,uint8_t mode);//显示字符串
      |                                                          ^
../Core/Src/mainwork.c(274): warning: passing 'char[6]' to parameter of type 'const uint8_t *' (aka 'const unsigned char *') converts between pointers to integer types where one is of the unique plain 'char' type and the other is not [-Wpointer-sign]
  274 |         LCD_ShowString(106, 60, "accel", RED, WHITE, 16, 0);
      |                                 ^~~~~~~
../mcu_bsp/LCD\lcd.h(20): note: passing argument to parameter 'p' here
   20 | void LCD_ShowString(uint16_t x,uint16_t y,const uint8_t *p,uint16_t fc,uint16_t bc,uint8_t sizey,uint8_t mode);//显示字符串
      |                                                          ^
9 warnings generated.
compiling mainwork.c...
linking...
Program Size: Code=41848 RO-data=14224 RW-data=96 ZI-data=22920  
FromELF: creating hex file...
"origin\origin.axf" - 0 Error(s), 9 Warning(s).

<h2>Software Packages used:</h2>

Package Vendor: ARM
                https://www.keil.com/pack/ARM.CMSIS.6.1.0.pack
                ARM::CMSIS@6.1.0
                CMSIS (Common Microcontroller Software Interface Standard)
   * Component: CORE Version: 6.1.0

Package Vendor: Keil
                https://www.keil.com/pack/Keil.STM32F4xx_DFP.3.1.0.pack
                Keil::STM32F4xx_DFP@3.1.0
                STMicroelectronics STM32F4 Series Device Support

<h2>Collection of Component include folders:</h2>
  ./RTE/_origin
  D:/keil/pack/ARM/CMSIS/6.1.0/CMSIS/Core/Include

<h2>Collection of Component Files used:</h2>

   * Component: ARM::CMSIS:CORE@6.1.0
      Include file:  CMSIS/Core/Include/tz_context.h
Build Time Elapsed:  00:00:01
</pre>
</body>
</html>
